 untitled_sfun

 Timestamp is 528edb0d (Fri Nov 22 11:18:21 2013)

 Preferred load address is 0000000180000000

 Start         Length     Name                   Class
 0001:00000000 000376a2H .text                   CODE
 0001:000376b0 0000007bH .text$x                 CODE
 0002:00000000 00000468H .idata$5                DATA
 0002:00000468 00000008H .CRT$XCA                DATA
 0002:00000470 00000008H .CRT$XCZ                DATA
 0002:00000478 00000008H .CRT$XIA                DATA
 0002:00000480 00000008H .CRT$XIAA               DATA
 0002:00000488 00000008H .CRT$XIC                DATA
 0002:00000490 00000008H .CRT$XIZ                DATA
 0002:000004a0 00004b80H .rdata                  DATA
 0002:00005020 00000008H .rtc$IAA                DATA
 0002:00005028 00000008H .rtc$IZZ                DATA
 0002:00005030 00000008H .rtc$TAA                DATA
 0002:00005038 00000008H .rtc$TZZ                DATA
 0002:00005040 000041c0H .xdata                  DATA
 0002:00009200 0000008cH .idata$2                DATA
 0002:0000928c 00000014H .idata$3                DATA
 0002:000092a0 00000468H .idata$4                DATA
 0002:00009708 00000a6aH .idata$6                DATA
 0002:0000a180 00000053H .edata                  DATA
 0003:00000000 00002354H .data                   DATA
 0003:00002360 00002438H .bss                    DATA
 0004:00000000 00003168H .pdata                  DATA

  Address         Publics by Value              Rva+Base               Lib:Object

 0000:00000000       ___safe_se_handler_count   0000000000000000     <absolute>
 0000:00000000       ___safe_se_handler_table   0000000000000000     <absolute>
 0000:00000000       __ImageBase                0000000180000000     <linker-defined>
 0001:00000000       sf_c2_untitled_get_eml_resolved_functions_info 0000000180001000 f   c2_untitled.obj
 0001:00000430       sf_c2_untitled_get_check_sum 0000000180001430 f   c2_untitled.obj
 0001:00000500       c2_untitled_method_dispatcher 0000000180001500 f   c2_untitled.obj
 0001:00002b90       sf_c2_untitled_get_autoinheritance_info 0000000180003b90 f   c2_untitled.obj
 0001:000033a0       sf_c2_untitled_third_party_uses_info 00000001800043a0 f   c2_untitled.obj
 0001:00004180       sf_internal_get_sim_state_c2_untitled 0000000180005180 f   c2_untitled.obj
 0001:000042d0       sf_internal_set_sim_state_c2_untitled 00000001800052d0 f   c2_untitled.obj
 0001:00004e30       mexFunction                0000000180005e30 f   untitled_sfun_registry.obj
 0001:00005fd0       _ssSetInputPortDirectFeedThroughFcn 0000000180006fd0 f   untitled_sfun_registry.obj
 0001:00006130       _ssGetInputPortSignalPtrsFcn 0000000180007130 f   untitled_sfun_registry.obj
 0001:00006350       _ssGetInputPortSignalFcn   0000000180007350 f   untitled_sfun_registry.obj
 0001:00006570       _ssSetInputPortReusableFcn 0000000180007570 f   untitled_sfun_registry.obj
 0001:00006650       _ssSetOutputPortReusableFcn 0000000180007650 f   untitled_sfun_registry.obj
 0001:00006730       ssGetIsZeroCrossControlDisabled 0000000180007730 f   untitled_sfun_registry.obj
 0001:000067a0       ssSetIsInputPortUsedForContZcSignal 00000001800077a0 f   untitled_sfun_registry.obj
 0001:00006810       ssSetZcSignalIsZcElementDisc 0000000180007810 f   untitled_sfun_registry.obj
 0001:000068c0       ssSetZcSignalName          00000001800078c0 f   untitled_sfun_registry.obj
 0001:00006930       ssSetZcSignalWidth         0000000180007930 f   untitled_sfun_registry.obj
 0001:000069a0       ssSetZcSignalZcEventType   00000001800079a0 f   untitled_sfun_registry.obj
 0001:00006a10       ssSetZcSignalType          0000000180007a10 f   untitled_sfun_registry.obj
 0001:00006a80       ssSetZcSignalZcTol         0000000180007a80 f   untitled_sfun_registry.obj
 0001:00006af0       ssSetZcSignalNeedsEventNotification 0000000180007af0 f   untitled_sfun_registry.obj
 0001:00006b60       ssCreateAndAddZcSignalInfo 0000000180007b60 f   untitled_sfun_registry.obj
 0001:00006bd0       ssCloneAndAddZcSignalInfo  0000000180007bd0 f   untitled_sfun_registry.obj
 0001:00006c40       ssGetNumZcSignals          0000000180007c40 f   untitled_sfun_registry.obj
 0001:00006cb0       ssGetZcSignalVector        0000000180007cb0 f   untitled_sfun_registry.obj
 0001:00006d20       ssGetZcSignalName          0000000180007d20 f   untitled_sfun_registry.obj
 0001:00006d90       ssGetZcSignalWidth         0000000180007d90 f   untitled_sfun_registry.obj
 0001:00006e00       ssGetZcSignalZcEventType   0000000180007e00 f   untitled_sfun_registry.obj
 0001:00006e70       ssGetZcSignalZcEvents      0000000180007e70 f   untitled_sfun_registry.obj
 0001:00006ee0       ssGetZcSignalType          0000000180007ee0 f   untitled_sfun_registry.obj
 0001:00006f50       ssGetZcSignalZcTol         0000000180007f50 f   untitled_sfun_registry.obj
 0001:00006fd0       ssGetZcSignalNeedsEventNotification 0000000180007fd0 f   untitled_sfun_registry.obj
 0001:00007040       ssGetZcSignalIsZcElementDisc 0000000180008040 f   untitled_sfun_registry.obj
 0001:000070e0       ssGetIsInputPortElementContinuous 00000001800080e0 f   untitled_sfun_registry.obj
 0001:00007180       ssGetDTypeIdFromMxArray    0000000180008180 f   untitled_sfun_registry.obj
 0001:000072a0       ssWriteRTWStr              00000001800082a0 f   untitled_sfun_registry.obj
 0001:00007300       ssWriteRTWNameValuePair    0000000180008300 f   untitled_sfun_registry.obj
 0001:00007800       ssWriteRTWParamSettings    0000000180008800 f   untitled_sfun_registry.obj
 0001:00007ef0       ssWriteRTWParameters       0000000180008ef0 f   untitled_sfun_registry.obj
 0001:000084c0       ssWriteRTWWorkVect         00000001800094c0 f   untitled_sfun_registry.obj
 0001:000089b0       ssWriteRTWMxVectParam      00000001800099b0 f   untitled_sfun_registry.obj
 0001:00008a30       ssWriteRTWMx2dMatParam     0000000180009a30 f   untitled_sfun_registry.obj
 0001:00008ac0       _ssSetInputPortMatrixDimensions 0000000180009ac0 f   untitled_sfun_registry.obj
 0001:00008bc0       _ssSetOutputPortMatrixDimensions 0000000180009bc0 f   untitled_sfun_registry.obj
 0001:00008cc0       _ssSetInputPortVectorDimension 0000000180009cc0 f   untitled_sfun_registry.obj
 0001:00008d70       _ssSetOutputPortVectorDimension 0000000180009d70 f   untitled_sfun_registry.obj
 0001:00008e20       ssIsRunTimeParamTunable    0000000180009e20 f   untitled_sfun_registry.obj
 0001:00008e90       ssGetSFuncBlockHandle      0000000180009e90 f   untitled_sfun_registry.obj
 0001:00008f00       _ssGetCurrentInputPortWidth 0000000180009f00 f   untitled_sfun_registry.obj
 0001:00009020       _ssGetCurrentOutputPortWidth 000000018000a020 f   untitled_sfun_registry.obj
 0001:00009140       _ssGetCallSystemNumFcnCallDestinations 000000018000a140 f   untitled_sfun_registry.obj
 0001:000091b0       ssWarning                  000000018000a1b0 f   untitled_sfun_registry.obj
 0001:000092a0       _ssGetAbsTol               000000018000a2a0 f   untitled_sfun_registry.obj
 0001:00009310       _ssSetStateAbsTol          000000018000a310 f   untitled_sfun_registry.obj
 0001:000093f0       sf_process_check_sum_call  000000018000a3f0 f   untitled_sfun_registry.obj
 0001:00009440       sf_process_autoinheritance_call 000000018000a440 f   untitled_sfun_registry.obj
 0001:00009670       sf_process_get_third_party_uses_info_call 000000018000a670 f   untitled_sfun_registry.obj
 0001:000098a0       sf_process_get_eml_resolved_functions_info_call 000000018000a8a0 f   untitled_sfun_registry.obj
 0001:00009aa0       sf_mex_unlock_call         000000018000aaa0 f   untitled_sfun_registry.obj
 0001:00009cf0       sf_machine_global_initializer_called 000000018000acf0 f   untitled_sfun_registry.obj
 0001:00009d20       sf_machine_global_method_dispatcher 000000018000ad20 f   untitled_sfun_registry.obj
 0001:00009d80       sf_machine_global_terminator 000000018000ad80 f   untitled_sfun_registry.obj
 0001:00009dd0       sf_register_machine_exported_symbols 000000018000add0 f   untitled_sfun_registry.obj
 0001:00009df0       callCustomFcn              000000018000adf0 f   untitled_sfun_registry.obj
 0001:00009e00       sf_machine_global_initializer 000000018000ae00 f   untitled_sfun_registry.obj
 0001:00009e80       ProcessMexSfunctionEveryCall 000000018000ae80 f   untitled_sfun_registry.obj
 0001:0000aaf0       untitled_initializer       000000018000baf0 f   untitled_sfun.obj
 0001:0000ab00       untitled_terminator        000000018000bb00 f   untitled_sfun.obj
 0001:0000ab10       load_untitled_optimization_info 000000018000bb10 f   untitled_sfun.obj
 0001:0000ab60       unload_untitled_optimization_info 000000018000bb60 f   untitled_sfun.obj
 0001:0000ab90       sf_untitled_method_dispatcher 000000018000bb90 f   untitled_sfun.obj
 0001:0000abe0       sf_untitled_process_check_sum_call 000000018000bbe0 f   untitled_sfun.obj
 0001:0000b260       sf_untitled_autoinheritance_info 000000018000c260 f   untitled_sfun.obj
 0001:0000b440       sf_untitled_get_eml_resolved_functions_info 000000018000c440 f   untitled_sfun.obj
 0001:0000b5c0       sf_untitled_third_party_uses_info 000000018000c5c0 f   untitled_sfun.obj
 0001:0000b790       untitled_debug_initialize  000000018000c790 f   untitled_sfun.obj
 0001:0000b810       untitled_register_exported_symbols 000000018000c810 f   untitled_sfun.obj
 0001:0000b820       sf_send_message_wrapper    000000018000c820 f   sfc_mex:sfc_sf.obj
 0001:0000b850       sf_receive_message_wrapper 000000018000c850 f   sfc_mex:sfc_sf.obj
 0001:0000b890       sf_check_out_message_wrapper 000000018000c890 f   sfc_mex:sfc_sf.obj
 0001:0000b8d0       sf_check_in_message_wrapper 000000018000c8d0 f   sfc_mex:sfc_sf.obj
 0001:0000b910       sf_no_message_wrapper      000000018000c910 f   sfc_mex:sfc_sf.obj
 0001:0000bca0       sim_mode_is_rtw_gen        000000018000cca0 f   sfc_mex:sfc_sf.obj
 0001:0000bcd0       sim_mode_is_external       000000018000ccd0 f   sfc_mex:sfc_sf.obj
 0001:0000bce0       sim_mode_is_modelref_sim   000000018000cce0 f   sfc_mex:sfc_sf.obj
 0001:0000bd00       mdlInitializeSizes         000000018000cd00 f   sfc_mex:sfc_sf.obj
 0001:0000bd20       mdlInitializeSampleTimes   000000018000cd20 f   sfc_mex:sfc_sf.obj
 0001:0000bd60       mdlZeroCrossings           000000018000cd60 f   sfc_mex:sfc_sf.obj
 0001:0000be50       mdlDerivatives             000000018000ce50 f   sfc_mex:sfc_sf.obj
 0001:0000bf10       mdl_initialize_conditions_processing 000000018000cf10 f   sfc_mex:sfc_sf.obj
 0001:0000bf40       mdlInitializeConditions    000000018000cf40 f   sfc_mex:sfc_sf.obj
 0001:0000c000       mdlGetSimState             000000018000d000 f   sfc_mex:sfc_sf.obj
 0001:0000c010       mdlSetSimState             000000018000d010 f   sfc_mex:sfc_sf.obj
 0001:0000c020       mdl_ext_mode_exec_processing 000000018000d020 f   sfc_mex:sfc_sf.obj
 0001:0000c040       mdlExtModeExec             000000018000d040 f   sfc_mex:sfc_sf.obj
 0001:0000c1e0       mdlTerminate               000000018000d1e0 f   sfc_mex:sfc_sf.obj
 0001:0000c250       mdlRTW                     000000018000d250 f   sfc_mex:sfc_sf.obj
 0001:0000c280       mdlSetWorkWidths           000000018000d280 f   sfc_mex:sfc_sf.obj
 0001:0000c290       mdlProcessParameters       000000018000d290 f   sfc_mex:sfc_sf.obj
 0001:0000c2a0       mdl_start_processing       000000018000d2a0 f   sfc_mex:sfc_sf.obj
 0001:0000c300       mdlStart                   000000018000d300 f   sfc_mex:sfc_sf.obj
 0001:0000c410       mdlEnable                  000000018000d410 f   sfc_mex:sfc_sf.obj
 0001:0000c4f0       mdlDisable                 000000018000d4f0 f   sfc_mex:sfc_sf.obj
 0001:0000c5b0       sf_get_chart_instance_ptr  000000018000d5b0 f   sfc_mex:sfc_sf.obj
 0001:0000c5d0       sf_load_rtw_optimization_info 000000018000d5d0 f   sfc_mex:sfc_sf.obj
 0001:0000c6a0       sf_update_buildInfo        000000018000d6a0 f   sfc_mex:sfc_sf.obj
 0001:0000c7a0       sf_rtw_info_uint_prop      000000018000d7a0 f   sfc_mex:sfc_sf.obj
 0001:0000c8e0       sf_is_chart_inlinable      000000018000d8e0 f   sfc_mex:sfc_sf.obj
 0001:0000c900       sf_mark_output_events_with_multiple_callers 000000018000d900 f   sfc_mex:sfc_sf.obj
 0001:0000ca90       sf_mark_chart_reusable_outputs 000000018000da90 f   sfc_mex:sfc_sf.obj
 0001:0000ccf0       sf_mark_chart_expressionable_inputs 000000018000dcf0 f   sfc_mex:sfc_sf.obj
 0001:0000cf50       sf_get_subchart_simstruct  000000018000df50 f   sfc_mex:sfc_sf.obj
 0001:0000cfa0       sf_get_fixpt_data_type_id  000000018000dfa0 f   sfc_mex:sfc_sf.obj
 0001:0000cfe0       sf_get_enum_data_type_id   000000018000dfe0 f   sfc_mex:sfc_sf.obj
 0001:0000d020       sf_get_param_data_type_id  000000018000e020 f   sfc_mex:sfc_sf.obj
 0001:0000d050       sf_mex_listen_for_ctrl_c_force 000000018000e050 f   sfc_mex:sfc_sf.obj
 0001:0000d160       sf_mex_draw_now            000000018000e160 f   sfc_mex:sfc_sf.obj
 0001:0000d1a0       sf_mex_set_debugger_sim_status_listener_fcn 000000018000e1a0 f   sfc_mex:sfc_sf.obj
 0001:0000d1b0       sf_mex_listen_for_ctrl_c   000000018000e1b0 f   sfc_mex:sfc_sf.obj
 0001:0000d250       sf_mex_get_sfun_param      000000018000e250 f   sfc_mex:sfc_sf.obj
 0001:0000d2a0       sf_get_runtime_param_data  000000018000e2a0 f   sfc_mex:sfc_sf.obj
 0001:0000d2e0       sf_call_output_fcn_call    000000018000e2e0 f   sfc_mex:sfc_sf.obj
 0001:0000d420       sf_call_output_fcn_enable  000000018000e420 f   sfc_mex:sfc_sf.obj
 0001:0000d4b0       sf_call_output_fcn_disable 000000018000e4b0 f   sfc_mex:sfc_sf.obj
 0001:0000d540       sf_clear_rtw_identifier    000000018000e540 f   sfc_mex:sfc_sf.obj
 0001:0000dd60       sf_set_encoded_dwork_info  000000018000ed60 f   sfc_mex:sfc_sf.obj
 0001:0000ddb0       sf_get_dwork_info_from_mat_file 000000018000edb0 f   sfc_mex:sfc_sf.obj
 0001:0000df70       sf_set_rtw_dwork_info      000000018000ef70 f   sfc_mex:sfc_sf.obj
 0001:0000e0e0       mdlOutputs                 000000018000f0e0 f   sfc_mex:sfc_sf.obj
 0001:0000e2d0       sf_mex_mx_is_numeric       000000018000f2d0 f   sfc_mex:sfc_mex.obj
 0001:0000e310       strcmp_ignore_ws           000000018000f310 f   sfc_mex:sfc_mex.obj
 0001:0000e450       sf_mex_duplicatearraysafe  000000018000f450 f   sfc_mex:sfc_mex.obj
 0001:0000e5b0       sf_set_error_debugger_context_message_fcn 000000018000f5b0 f   sfc_mex:sfc_mex.obj
 0001:0000e5c0       sf_set_debugger_matlab_error_fcn 000000018000f5c0 f   sfc_mex:sfc_mex.obj
 0001:0000e600       sf_set_error_prefix_string 000000018000f600 f   sfc_mex:sfc_mex.obj
 0001:0000e630       sf_get_error_prefix_string 000000018000f630 f   sfc_mex:sfc_mex.obj
 0001:0000e640       sf_mex_enter_parallel_region 000000018000f640 f   sfc_mex:sfc_mex.obj
 0001:0000e650       sf_mex_exit_parallel_region 000000018000f650 f   sfc_mex:sfc_mex.obj
 0001:0000e660       sf_get_current_jmp_buf_ptr 000000018000f660 f   sfc_mex:sfc_mex.obj
 0001:0000e670       sf_set_current_jmp_buf_ptr 000000018000f670 f   sfc_mex:sfc_mex.obj
 0001:0000e680       sf_mex_set_halt_simulation 000000018000f680 f   sfc_mex:sfc_mex.obj
 0001:0000e690       sf_mex_get_halt_simulation 000000018000f690 f   sfc_mex:sfc_mex.obj
 0001:0000e6a0       sf_mex_clear_error_message 000000018000f6a0 f   sfc_mex:sfc_mex.obj
 0001:0000e6c0       sf_mex_get_error_message_for_read 000000018000f6c0 f   sfc_mex:sfc_mex.obj
 0001:0000e6d0       sf_mex_get_error_message_buffer_length 000000018000f6d0 f   sfc_mex:sfc_mex.obj
 0001:0000e7b0       sf_mex_warning_message     000000018000f7b0 f   sfc_mex:sfc_mex.obj
 0001:0000e820       sf_mex_v_errbuf_createf    000000018000f820 f   sfc_mex:sfc_mex.obj
 0001:0000e830       sf_mex_errbuf_createf      000000018000f830 f   sfc_mex:sfc_mex.obj
 0001:0000e860       sf_mex_v_errbuf_catf       000000018000f860 f   sfc_mex:sfc_mex.obj
 0001:0000e8a0       sf_mex_errbuf_catf         000000018000f8a0 f   sfc_mex:sfc_mex.obj
 0001:0000e8f0       sf_mex_errbuf_copy         000000018000f8f0 f   sfc_mex:sfc_mex.obj
 0001:0000e900       sf_mex_errbuf_clear        000000018000f900 f   sfc_mex:sfc_mex.obj
 0001:0000e910       sf_mex_errbuf_isempty      000000018000f910 f   sfc_mex:sfc_mex.obj
 0001:0000ea10       sf_mex_set_error_status    000000018000fa10 f   sfc_mex:sfc_mex.obj
 0001:0000ea60       sf_mex_error_direct_call   000000018000fa60 f   sfc_mex:sfc_mex.obj
 0001:0000ea80       sf_mex_error_message_no_long_jump 000000018000fa80 f   sfc_mex:sfc_mex.obj
 0001:0000eaa0       sf_mex_long_jump_on_error  000000018000faa0 f   sfc_mex:sfc_mex.obj
 0001:0000ead0       sf_mex_call_matlab         000000018000fad0 f   sfc_mex:sfc_mex.obj
 0001:0000ebf0       sf_mex_check_builtin       000000018000fbf0 f   sfc_mex:sfc_mex.obj
 0001:0000ec90       sf_mex_check_builtin_vs    000000018000fc90 f   sfc_mex:sfc_mex.obj
 0001:0000ed50       sf_mex_check_enum          000000018000fd50 f   sfc_mex:sfc_mex.obj
 0001:0000edd0       sf_mex_create_enum         000000018000fdd0 f   sfc_mex:sfc_mex.obj
 0001:0000ee40       sf_mex_get_enum_element    000000018000fe40 f   sfc_mex:sfc_mex.obj
 0001:0000ee50       sf_mex_createcellarray     000000018000fe50 f   sfc_mex:sfc_mex.obj
 0001:0000ee60       sf_mex_setcell             000000018000fe60 f   sfc_mex:sfc_mex.obj
 0001:0000ee70       sf_mex_getcell             000000018000fe70 f   sfc_mex:sfc_mex.obj
 0001:0000ee80       sf_mex_dup                 000000018000fe80 f   sfc_mex:sfc_mex.obj
 0001:0000eea0       sf_mex_assign              000000018000fea0 f   sfc_mex:sfc_mex.obj
 0001:0000ef20       sf_mex_destroy             000000018000ff20 f   sfc_mex:sfc_mex.obj
 0001:0000ef50       mx_array_has_fi_type       000000018000ff50 f   sfc_mex:sfc_mex.obj
 0001:0000ef80       sf_mex_convert_from_fi     000000018000ff80 f   sfc_mex:sfc_mex.obj
 0001:0000f0b0       sf_mex_convert_to_double   00000001800100b0 f   sfc_mex:sfc_mex.obj
 0001:0000f1d0       sf_mex_import_fi_vs        00000001800101d0 f   sfc_mex:sfc_mex.obj
 0001:0000f400       sf_matrix_matrix_index_ok  0000000180010400 f   sfc_mex:sfc_mex.obj
 0001:0000f490       sf_vector_vector_index_ok  0000000180010490 f   sfc_mex:sfc_mex.obj
 0001:0000f4c0       ssGetCurrentInputPortDimensions_wrapper 00000001800104c0 f   sfc_mex:sfc_mex.obj
 0001:0000f4e0       ssGetCurrentOutputPortDimensions_wrapper 00000001800104e0 f   sfc_mex:sfc_mex.obj
 0001:0000f500       sf_mex_emlrt_context_is_debug_mode 0000000180010500 f   sfc_mex:sfc_mex.obj
 0001:0000f510       sf_mex_emlrt_context_set_debug_mode 0000000180010510 f   sfc_mex:sfc_mex.obj
 0001:0000f520       sf_mex_emlrtNameCapturePostProcessR2012a 0000000180010520 f   sfc_mex:sfc_mex.obj
 0001:0000f590       sf_clear_error_manager_info 0000000180010590 f   sfc_mex:sfc_mex.obj
 0001:0000f5f0       sf_mex_stop_simulation_abruptly_wo_error 00000001800105f0 f   sfc_mex:sfc_mex.obj
 0001:0000f630       sf_mex_error_message       0000000180010630 f   sfc_mex:sfc_mex.obj
 0001:0000f6a0       sf_react_to_error_in_matlab_call 00000001800106a0 f   sfc_mex:sfc_mex.obj
 0001:0000f6d0       sf_mex_addfield            00000001800106d0 f   sfc_mex:sfc_mex.obj
 0001:0000f770       sf_mex_getfield            0000000180010770 f   sfc_mex:sfc_mex.obj
 0001:0000fa70       sf_mex_check_class         0000000180010a70 f   sfc_mex:sfc_mex.obj
 0001:0000fb10       sf_mex_is_real             0000000180010b10 f   sfc_mex:sfc_mex.obj
 0001:0000ff80       sf_mex_decode_encoded_mx_struct_array 0000000180010f80 f   sfc_mex:sfc_mex.obj
 0001:00010270       sf_mex_lw_bounds_check     0000000180011270 f   sfc_mex:sfc_mex.obj
 0001:000102a0       sf_mex_lw_size_eq_check_1d 00000001800112a0 f   sfc_mex:sfc_mex.obj
 0001:000102c0       sf_mex_lw_size_eq_check_nd 00000001800112c0 f   sfc_mex:sfc_mex.obj
 0001:000104a0       sf_mex_lw_dim_size_eq_check 00000001800114a0 f   sfc_mex:sfc_mex.obj
 0001:000104d0       sf_mex_lw_dim_size_geq_check 00000001800114d0 f   sfc_mex:sfc_mex.obj
 0001:00010500       sf_mex_lw_sub_assign_size_check_nd 0000000180011500 f   sfc_mex:sfc_mex.obj
 0001:000106d0       sf_mex_lw_runtime_error_msgid 00000001800116d0 f   sfc_mex:sfc_mex.obj
 0001:000107c0       sf_mex_lw_matrix_matrix_index_check 00000001800117c0 f   sfc_mex:sfc_mex.obj
 0001:000107e0       sf_mex_lw_vector_vector_index_check 00000001800117e0 f   sfc_mex:sfc_mex.obj
 0001:00010820       sf_mex_lw_for_loop_vector_check 0000000180011820 f   sfc_mex:sfc_mex.obj
 0001:000108b0       sf_mex_lw_non_negative_check 00000001800118b0 f   sfc_mex:sfc_mex.obj
 0001:000108f0       sf_mex_overflow_error      00000001800118f0 f   sfc_mex:sfc_mex.obj
 0001:00010900       sf_mex_dividebyzero_error  0000000180011900 f   sfc_mex:sfc_mex.obj
 0001:00010910       sf_mex_unsafe_enum_error   0000000180011910 f   sfc_mex:sfc_mex.obj
 0001:00010920       sf_emlrtErrHandler         0000000180011920 f   sfc_mex:sfc_mex.obj
 0001:00010a00       sf_mex_size_one_check      0000000180011a00 f   sfc_mex:sfc_mex.obj
 0001:00010a20       sf_mex_printf              0000000180011a20 f   sfc_mex:sfc_mex.obj
 0001:00010bf0       sf_mex_check_size          0000000180011bf0 f   sfc_mex:sfc_mex.obj
 0001:00010e90       sf_mex_check_struct        0000000180011e90 f   sfc_mex:sfc_mex.obj
 0001:000110f0       sf_mex_check_struct_vs     00000001800120f0 f   sfc_mex:sfc_mex.obj
 0001:00011180       sf_mex_check_fi            0000000180012180 f   sfc_mex:sfc_mex.obj
 0001:00011280       sf_mex_check_fi_vs         0000000180012280 f   sfc_mex:sfc_mex.obj
 0001:00011320       sf_echo_expression         0000000180012320 f   sfc_mex:sfc_mex.obj
 0001:00011380       sf_assertion_failed        0000000180012380 f   sfc_mex:sfc_mex.obj
 0001:00011660       sf_mex_evalin              0000000180012660 f   sfc_mex:sfc_mex.obj
 0001:000118d0       sf_mex_export              00000001800128d0 f   sfc_mex:sfc_mex.obj
 0001:00011990       sf_mex_get_ml_var_no_error 0000000180012990 f   sfc_mex:sfc_mex.obj
 0001:00011b30       sf_mex_get_ml_var          0000000180012b30 f   sfc_mex:sfc_mex.obj
 0001:00011fc0       ml_set_element_value_in_array 0000000180012fc0 f   sfc_mex:sfc_mex.obj
 0001:00013080       sf_mex_call_impl           0000000180014080 f   sfc_mex:sfc_mex.obj
 0001:000134a0       sf_mex_call_debug          00000001800144a0 f   sfc_mex:sfc_mex.obj
 0001:000134d0       sf_mex_call                00000001800144d0 f   sfc_mex:sfc_mex.obj
 0001:00013b20       sf_mex_createstruct        0000000180014b20 f   sfc_mex:sfc_mex.obj
 0001:00013c30       sf_mex_createstructarray   0000000180014c30 f   sfc_mex:sfc_mex.obj
 0001:00013cb0       sf_mex_get_mx_datatype_from_sf_datatype 0000000180014cb0 f   sfc_mex:sfc_mex.obj
 0001:00013fc0       sf_mex_ml_var_sub          0000000180014fc0 f   sfc_mex:sfc_mex.obj
 0001:000141a0       sf_mex_ml_var_subsasgn     00000001800151a0 f   sfc_mex:sfc_mex.obj
 0001:000145a0       sf_mex_sub                 00000001800155a0 f   sfc_mex:sfc_mex.obj
 0001:000147b0       sf_mex_subsasgn            00000001800157b0 f   sfc_mex:sfc_mex.obj
 0001:00014cc0       sf_mex_create              0000000180015cc0 f   sfc_mex:sfc_mex.obj
 0001:00015660       sf_mex_import_named        0000000180016660 f   sfc_mex:sfc_mex.obj
 0001:000156c0       sf_mex_import              00000001800166c0 f   sfc_mex:sfc_mex.obj
 0001:00015710       sf_mex_import_vs           0000000180016710 f   sfc_mex:sfc_mex.obj
 0001:00015820       sf_mex_lower_fixpt_mx_array 0000000180016820 f   sfc_mex:sfc_mex.obj
 0001:00015b40       sf_debug_chart_instance_initialized_quick 0000000180016b40 f   sfc_debug:sfcdebug.obj
 0001:00015bc0       sf_debug_disp              0000000180016bc0 f   sfc_debug:sfcdebug.obj
 0001:00015e90       sf_debug_data_runtime_size_mismatch_error_check 0000000180016e90 f   sfc_debug:sfcdebug.obj
 0001:00015f40       sf_debug_try_loading_machine 0000000180016f40 f   sfc_debug:sfcdebug.obj
 0001:00016040       sf_debug_reset_current_state_configuration 0000000180017040 f   sfc_debug:sfcdebug.obj
 0001:000160c0       sf_debug_store_current_state_configuration 00000001800170c0 f   sfc_debug:sfcdebug.obj
 0001:00016140       sf_debug_restore_previous_state_configuration 0000000180017140 f   sfc_debug:sfcdebug.obj
 0001:000161c0       sf_debug_restore_previous_state_configuration2 00000001800171c0 f   sfc_debug:sfcdebug.obj
 0001:00016240       sf_debug_get_event_scope   0000000180017240 f   sfc_debug:sfcdebug.obj
 0001:000163b0       use_debugger_step_animation 00000001800173b0 f   sfc_debug:sfcdebug.obj
 0001:000163d0       sf_debug_get_script_id     00000001800173d0 f   sfc_debug:sfcdebug.obj
 0001:00016460       sf_debug_set_script_translation 0000000180017460 f   sfc_debug:sfcdebug.obj
 0001:000165e0       sf_debug_extract_message_post_receive_info 00000001800175e0 f   sfc_debug:sfcdebug.obj
 0001:000167a0       sf_debug_get_current_machine_id 00000001800177a0 f   sfc_debug:sfcdebug.obj
 0001:000167c0       sf_debug_get_current_optional_integer 00000001800177c0 f   sfc_debug:sfcdebug.obj
 0001:000167d0       sf_debug_get_current_machine_number 00000001800177d0 f   sfc_debug:sfcdebug.obj
 0001:000167f0       sf_debug_get_current_machine_name 00000001800177f0 f   sfc_debug:sfcdebug.obj
 0001:00016810       sf_debug_get_current_chart_id 0000000180017810 f   sfc_debug:sfcdebug.obj
 0001:00016850       sf_debug_get_current_chart_number 0000000180017850 f   sfc_debug:sfcdebug.obj
 0001:00016860       sf_debug_get_current_instance_number 0000000180017860 f   sfc_debug:sfcdebug.obj
 0001:00016870       sf_debug_get_current_is_minor_time_step 0000000180017870 f   sfc_debug:sfcdebug.obj
 0001:000168f0       sf_debug_get_current_object_type 00000001800178f0 f   sfc_debug:sfcdebug.obj
 0001:00016900       sf_debug_get_current_instance_handle 0000000180017900 f   sfc_debug:sfcdebug.obj
 0001:00016960       sf_debug_get_current_event_type 0000000180017960 f   sfc_debug:sfcdebug.obj
 0001:00016970       sf_debug_get_current_object_id 0000000180017970 f   sfc_debug:sfcdebug.obj
 0001:000169b0       sf_debug_get_current_active_event_type 00000001800179b0 f   sfc_debug:sfcdebug.obj
 0001:000169c0       sf_debug_get_current_active_event_id 00000001800179c0 f   sfc_debug:sfcdebug.obj
 0001:00016a00       sf_debug_get_current_tag_type 0000000180017a00 f   sfc_debug:sfcdebug.obj
 0001:00016a10       sf_debug_get_current_simulation_time 0000000180017a10 f   sfc_debug:sfcdebug.obj
 0001:00016a20       sf_debug_get_current_coverage_percentage 0000000180017a20 f   sfc_debug:sfcdebug.obj
 0001:00016a30       sf_debug_current_statement_context 0000000180017a30 f   sfc_debug:sfcdebug.obj
 0001:00016ab0       sf_debug_get_current_statement_info 0000000180017ab0 f   sfc_debug:sfcdebug.obj
 0001:00016c50       sf_debug_terminate_instance 0000000180017c50 f   sfc_debug:sfcdebug.obj
 0001:00016f70       sf_debug_assertion_failed  0000000180017f70 f   sfc_debug:sfcdebug.obj
 0001:00017140       sf_debug_create_debug_instance_struct 0000000180018140 f   sfc_debug:sfcdebug.obj
 0001:00017190       sf_debug_set_number_of_data_with_change_event_for_machine 0000000180018190 f   sfc_debug:sfcdebug.obj
 0001:000171e0       sf_debug_set_machine_event_thresholds 00000001800181e0 f   sfc_debug:sfcdebug.obj
 0001:00017200       sf_debug_set_machine_event_scope 0000000180018200 f   sfc_debug:sfcdebug.obj
 0001:00017250       sf_debug_set_machine_data_thresholds 0000000180018250 f   sfc_debug:sfcdebug.obj
 0001:000172a0       sf_debug_set_machine_data_scope 00000001800182a0 f   sfc_debug:sfcdebug.obj
 0001:00017340       sf_debug_set_machine_data_name 0000000180018340 f   sfc_debug:sfcdebug.obj
 0001:000173f0       sf_debug_set_machine_data_size 00000001800183f0 f   sfc_debug:sfcdebug.obj
 0001:00017540       sf_debug_set_machine_data_type 0000000180018540 f   sfc_debug:sfcdebug.obj
 0001:000176b0       sf_debug_get_chart_data_number 00000001800186b0 f   sfc_debug:sfcdebug.obj
 0001:000176d0       sf_debug_get_chart_event_number 00000001800186d0 f   sfc_debug:sfcdebug.obj
 0001:000176f0       sf_debug_set_chart_state_info 00000001800186f0 f   sfc_debug:sfcdebug.obj
 0001:00017780       sf_debug_set_chart_decomposition 0000000180018780 f   sfc_debug:sfcdebug.obj
 0001:000177f0       sf_debug_set_chart_substate_count 00000001800187f0 f   sfc_debug:sfcdebug.obj
 0001:000178d0       sf_debug_set_chart_substate_index 00000001800188d0 f   sfc_debug:sfcdebug.obj
 0001:00017950       sf_debug_set_chart_state_substate_count 0000000180018950 f   sfc_debug:sfcdebug.obj
 0001:00017a70       sf_debug_set_chart_state_substate_index 0000000180018a70 f   sfc_debug:sfcdebug.obj
 0001:00017b00       sf_debug_set_number_of_data_with_change_event_for_chart 0000000180018b00 f   sfc_debug:sfcdebug.obj
 0001:00017b90       sf_debug_set_number_of_states_with_entry_event_for_chart 0000000180018b90 f   sfc_debug:sfcdebug.obj
 0001:00017c10       sf_debug_set_number_of_states_with_exit_event_for_chart 0000000180018c10 f   sfc_debug:sfcdebug.obj
 0001:00017c90       sf_debug_set_chart_disable_implicit_casting 0000000180018c90 f   sfc_debug:sfcdebug.obj
 0001:00017d00       sf_debug_set_chart_event_thresholds 0000000180018d00 f   sfc_debug:sfcdebug.obj
 0001:00017d80       sf_debug_set_chart_data_compiled_props 0000000180018d80 f   sfc_debug:sfcdebug.obj
 0001:000180c0       sf_debug_set_chart_data_props 00000001800190c0 f   sfc_debug:sfcdebug.obj
 0001:000183e0       sf_debug_check_fi_license  00000001800193e0 f   sfc_debug:sfcdebug.obj
 0001:000185a0       sf_debug_symbol_scope_push 00000001800195a0 f   sfc_debug:sfcdebug.obj
 0001:000185e0       sf_debug_symbol_scope_push_eml 00000001800195e0 f   sfc_debug:sfcdebug.obj
 0001:00018630       sf_debug_symbol_scope_pop  0000000180019630 f   sfc_debug:sfcdebug.obj
 0001:00018670       sf_debug_symbol_scope_add_importable 0000000180019670 f   sfc_debug:sfcdebug.obj
 0001:000186f0       sf_debug_symbol_scope_add  00000001800196f0 f   sfc_debug:sfcdebug.obj
 0001:00018770       sf_debug_symbol_scope_add_dyn_importable 0000000180019770 f   sfc_debug:sfcdebug.obj
 0001:00018830       sf_debug_symbol_scope_add_dyn 0000000180019830 f   sfc_debug:sfcdebug.obj
 0001:00018870       sf_debug_symbol_scope_add_eml_importable 0000000180019870 f   sfc_debug:sfcdebug.obj
 0001:000188b0       sf_debug_symbol_scope_add_eml 00000001800198b0 f   sfc_debug:sfcdebug.obj
 0001:000188f0       sf_debug_symbol_scope_add_eml_dyn_importable 00000001800198f0 f   sfc_debug:sfcdebug.obj
 0001:00018950       sf_debug_symbol_scope_add_eml_dyn 0000000180019950 f   sfc_debug:sfcdebug.obj
 0001:000189b0       sf_debug_symbol_switch     00000001800199b0 f   sfc_debug:sfcdebug.obj
 0001:000189d0       sf_debug_symbol_scope_add_verbose 00000001800199d0 f   sfc_debug:sfcdebug.obj
 0001:00018aa0       sf_debug_set_machine_data_value_ptr 0000000180019aa0 f   sfc_debug:sfcdebug.obj
 0001:00018ae0       sf_debug_set_instance_data_value_ptr 0000000180019ae0 f   sfc_debug:sfcdebug.obj
 0001:00018bb0       sf_debug_unset_instance_data_value_ptr 0000000180019bb0 f   sfc_debug:sfcdebug.obj
 0001:00018c60       sf_debug_set_chart_event_scope 0000000180019c60 f   sfc_debug:sfcdebug.obj
 0001:00018ce0       sf_debug_set_chart_transition_coverage_maps 0000000180019ce0 f   sfc_debug:sfcdebug.obj
 0001:00018de0       sf_debug_set_chart_state_coverage_maps 0000000180019de0 f   sfc_debug:sfcdebug.obj
 0001:00018eb0       sf_debug_set_instance_transition_coverage_weights 0000000180019eb0 f   sfc_debug:sfcdebug.obj
 0001:00018f40       sf_debug_set_instance_state_coverage_weights 0000000180019f40 f   sfc_debug:sfcdebug.obj
 0001:00019190       sf_debug_unload_machine    000000018001a190 f   sfc_debug:sfcdebug.obj
 0001:000191e0       sf_debug_load_machine      000000018001a1e0 f   sfc_debug:sfcdebug.obj
 0001:000192f0       sf_debug_set_active_instance_in_data_dictionary 000000018001a2f0 f   sfc_debug:sfcdebug.obj
 0001:000194d0       sf_debug_set_active_instance 000000018001a4d0 f   sfc_debug:sfcdebug.obj
 0001:00019630       sf_debug_chart_visiblity_change 000000018001a630 f   sfc_debug:sfcdebug.obj
 0001:00019720       sf_debug_select_chart      000000018001a720 f   sfc_debug:sfcdebug.obj
 0001:00019880       sf_debug_set_instance_cv_ids 000000018001a880 f   sfc_debug:sfcdebug.obj
 0001:00019bb0       sf_debug_select_charts     000000018001abb0 f   sfc_debug:sfcdebug.obj
 0001:00019d60       sf_debug_initialized       000000018001ad60 f   sfc_debug:sfcdebug.obj
 0001:00019d80       sf_debug_is_uninterruptible 000000018001ad80 f   sfc_debug:sfcdebug.obj
 0001:00019db0       sf_debug_initialize_debugger_gui 000000018001adb0 f   sfc_debug:sfcdebug.obj
 0001:0001a190       sf_debug_resume            000000018001b190 f   sfc_debug:sfcdebug.obj
 0001:0001a1b0       sf_debug_go                000000018001b1b0 f   sfc_debug:sfcdebug.obj
 0001:0001a1c0       sf_debug_break             000000018001b1c0 f   sfc_debug:sfcdebug.obj
 0001:0001a1d0       sf_debug_step_over         000000018001b1d0 f   sfc_debug:sfcdebug.obj
 0001:0001a1e0       sf_debug_step_out          000000018001b1e0 f   sfc_debug:sfcdebug.obj
 0001:0001a1f0       sf_debug_set_disable_all_breakpoints 000000018001b1f0 f   sfc_debug:sfcdebug.obj
 0001:0001a200       sf_debug_disable_all_breakpoints_and_go 000000018001b200 f   sfc_debug:sfcdebug.obj
 0001:0001a210       sf_debug_break_on_chart_entry 000000018001b210 f   sfc_debug:sfcdebug.obj
 0001:0001a220       sf_debug_break_on_event_broadcast 000000018001b220 f   sfc_debug:sfcdebug.obj
 0001:0001a230       sf_debug_break_on_state_entry 000000018001b230 f   sfc_debug:sfcdebug.obj
 0001:0001a240       sf_debug_break_between_times 000000018001b240 f   sfc_debug:sfcdebug.obj
 0001:0001a260       sf_debug_browse_data       000000018001b260 f   sfc_debug:sfcdebug.obj
 0001:0001a270       sf_debug_watch_data        000000018001b270 f   sfc_debug:sfcdebug.obj
 0001:0001a2a0       sf_debug_assign_data       000000018001b2a0 f   sfc_debug:sfcdebug.obj
 0001:0001a2b0       sf_debug_whos              000000018001b2b0 f   sfc_debug:sfcdebug.obj
 0001:0001a2d0       sf_debug_get_consistency_info 000000018001b2d0 f   sfc_debug:sfcdebug.obj
 0001:0001a2e0       sf_debug_browse_trace      000000018001b2e0 f   sfc_debug:sfcdebug.obj
 0001:0001a2f0       sf_debug_set_breakpoints   000000018001b2f0 f   sfc_debug:sfcdebug.obj
 0001:0001a460       sf_debug_set_eml_breakpoints 000000018001b460 f   sfc_debug:sfcdebug.obj
 0001:0001a5c0       sf_debug_set_script_breakpoints 000000018001b5c0 f   sfc_debug:sfcdebug.obj
 0001:0001a640       sf_debug_add_script_breakpoints 000000018001b640 f   sfc_debug:sfcdebug.obj
 0001:0001a6b0       sf_debug_clear_script_breakpoints 000000018001b6b0 f   sfc_debug:sfcdebug.obj
 0001:0001a720       sf_debug_query_script_breakpoints 000000018001b720 f   sfc_debug:sfcdebug.obj
 0001:0001a7d0       sf_debug_get_eml_script_id 000000018001b7d0 f   sfc_debug:sfcdebug.obj
 0001:0001a820       sf_debug_set_watch         000000018001b820 f   sfc_debug:sfcdebug.obj
 0001:0001aa40       sf_debug_get_instance_handle 000000018001ba40 f   sfc_debug:sfcdebug.obj
 0001:0001aad0       sf_debug_get_active_states 000000018001bad0 f   sfc_debug:sfcdebug.obj
 0001:0001aae0       sf_debug_set_honor_breakpoints 000000018001bae0 f   sfc_debug:sfcdebug.obj
 0001:0001aaf0       sf_debug_get_animation     000000018001baf0 f   sfc_debug:sfcdebug.obj
 0001:0001ab00       sf_debug_set_animation     000000018001bb00 f   sfc_debug:sfcdebug.obj
 0001:0001ab10       sf_debug_animate           000000018001bb10 f   sfc_debug:sfcdebug.obj
 0001:0001ab30       sf_debug_cycle_detection_check 000000018001bb30 f   sfc_debug:sfcdebug.obj
 0001:0001ab40       sf_debug_data_range_check  000000018001bb40 f   sfc_debug:sfcdebug.obj
 0001:0001ab50       sf_debug_transition_conflict_check 000000018001bb50 f   sfc_debug:sfcdebug.obj
 0001:0001ab60       sf_debug_state_consistency_check 000000018001bb60 f   sfc_debug:sfcdebug.obj
 0001:0001ab70       sf_debug_data_range_check_enabled 000000018001bb70 f   sfc_debug:sfcdebug.obj
 0001:0001ab90       sf_debug_transition_conflict_check_enabled 000000018001bb90 f   sfc_debug:sfcdebug.obj
 0001:0001abb0       sf_debug_transition_conflict_check_begin 000000018001bbb0 f   sfc_debug:sfcdebug.obj
 0001:0001abd0       sf_debug_transition_conflict_check_end 000000018001bbd0 f   sfc_debug:sfcdebug.obj
 0001:0001abf0       sf_debug_stop_debugging    000000018001bbf0 f   sfc_debug:sfcdebug.obj
 0001:0001ac20       sf_debug_is_cycle_detected 000000018001bc20 f   sfc_debug:sfcdebug.obj
 0001:0001ac30       sf_debug_is_array_bounds_detected 000000018001bc30 f   sfc_debug:sfcdebug.obj
 0001:0001ac40       sf_debug_get_state_vectors_data_size 000000018001bc40 f   sfc_debug:sfcdebug.obj
 0001:0001ac80       sf_debug_get_state_vectors_data 000000018001bc80 f   sfc_debug:sfcdebug.obj
 0001:0001ad90       sf_debug_set_state_vectors_data 000000018001bd90 f   sfc_debug:sfcdebug.obj
 0001:0001b020       sf_debug_get_script_index  000000018001c020 f   sfc_debug:sfcdebug.obj
 0001:0001b1b0       sf_debug_add_script        000000018001c1b0 f   sfc_debug:sfcdebug.obj
 0001:0001b340       cv_eval_point              000000018001c340 f   sfc_debug:sfcdebug.obj
 0001:0001b4b0       cv_eval_testobjective      000000018001c4b0 f   sfc_debug:sfcdebug.obj
 0001:0001b5c0       sf_debug_cv_init_state     000000018001c5c0 f   sfc_debug:sfcdebug.obj
 0001:0001b6f0       sf_debug_cv_init_chart     000000018001c6f0 f   sfc_debug:sfcdebug.obj
 0001:0001b7e0       sf_debug_cv_init_trans     000000018001c7e0 f   sfc_debug:sfcdebug.obj
 0001:0001b8f0       sf_debug_cv_init_saturation 000000018001c8f0 f   sfc_debug:sfcdebug.obj
 0001:0001b9f0       sf_debug_cv_init_testobjectives 000000018001c9f0 f   sfc_debug:sfcdebug.obj
 0001:0001bbd0       cv_eml_init_script         000000018001cbd0 f   sfc_debug:sfcdebug.obj
 0001:0001bcf0       cv_eml_init_fcn            000000018001ccf0 f   sfc_debug:sfcdebug.obj
 0001:0001be00       cv_eml_init_testobjective  000000018001ce00 f   sfc_debug:sfcdebug.obj
 0001:0001bee0       cv_eml_init_saturation     000000018001cee0 f   sfc_debug:sfcdebug.obj
 0001:0001bfb0       cv_eml_init_if             000000018001cfb0 f   sfc_debug:sfcdebug.obj
 0001:0001c090       cv_eml_init_for            000000018001d090 f   sfc_debug:sfcdebug.obj
 0001:0001c160       cv_eml_init_while          000000018001d160 f   sfc_debug:sfcdebug.obj
 0001:0001c230       cv_eml_init_mcdc           000000018001d230 f   sfc_debug:sfcdebug.obj
 0001:0001c350       cv_eml_init_switch         000000018001d350 f   sfc_debug:sfcdebug.obj
 0001:0001c450       cv_eml_eval                000000018001d450 f   sfc_debug:sfcdebug.obj
 0001:0001c540       sf_debug_bm_is_a_eml_breakpoint 000000018001d540 f   sfc_debug:sfcdebug.obj
 0001:0001c690       sf_debug_temporal_threshold 000000018001d690 f   sfc_debug:sfcdebug.obj
 0001:0001ca00       sf_debug_transition_conflict_error 000000018001da00 f   sfc_debug:sfcdebug.obj
 0001:0001cd60       sf_debug_state_inconsistency_error 000000018001dd60 f   sfc_debug:sfcdebug.obj
 0001:0001ce80       sf_debug_check_for_state_inconsistency 000000018001de80 f   sfc_debug:sfcdebug.obj
 0001:0001cec0       sf_debug_cycle_detecton_error 000000018001dec0 f   sfc_debug:sfcdebug.obj
 0001:0001d610       sf_debug_size_eq_check_1d  000000018001e610 f   sfc_debug:sfcdebug.obj
 0001:0001d630       sf_debug_size_eq_check_nd  000000018001e630 f   sfc_debug:sfcdebug.obj
 0001:0001d830       sf_debug_dim_size_eq_check 000000018001e830 f   sfc_debug:sfcdebug.obj
 0001:0001d860       sf_debug_dim_size_geq_check 000000018001e860 f   sfc_debug:sfcdebug.obj
 0001:0001d890       sf_debug_sub_assign_size_check_nd 000000018001e890 f   sfc_debug:sfcdebug.obj
 0001:0001da70       sf_debug_matrix_matrix_index_check 000000018001ea70 f   sfc_debug:sfcdebug.obj
 0001:0001dac0       sf_debug_vector_vector_index_check 000000018001eac0 f   sfc_debug:sfcdebug.obj
 0001:0001db10       sf_debug_for_loop_vector_check 000000018001eb10 f   sfc_debug:sfcdebug.obj
 0001:0001dbb0       sf_debug_runtime_error_msgid 000000018001ebb0 f   sfc_debug:sfcdebug.obj
 0001:0001dc50       sf_debug_data_array_bounds_error_check 000000018001ec50 f   sfc_debug:sfcdebug.obj
 0001:0001dd60       sf_debug_eml_data_array_bounds_error_check 000000018001ed60 f   sfc_debug:sfcdebug.obj
 0001:0001e220       sf_debug_integer_check     000000018001f220 f   sfc_debug:sfcdebug.obj
 0001:0001e310       sf_debug_not_nan_check     000000018001f310 f   sfc_debug:sfcdebug.obj
 0001:0001e3e0       sf_debug_non_negative_check 000000018001f3e0 f   sfc_debug:sfcdebug.obj
 0001:0001e4b0       sf_debug_overflow_detection 000000018001f4b0 f   sfc_debug:sfcdebug.obj
 0001:0001eb10       sf_debug_cast_to_real32_T  000000018001fb10 f   sfc_debug:sfcdebug.obj
 0001:0001ebe0       sf_debug_cast_to_int8_T    000000018001fbe0 f   sfc_debug:sfcdebug.obj
 0001:0001ecb0       sf_debug_cast_to_uint8_T   000000018001fcb0 f   sfc_debug:sfcdebug.obj
 0001:0001ed80       sf_debug_cast_to_int16_T   000000018001fd80 f   sfc_debug:sfcdebug.obj
 0001:0001ee50       sf_debug_cast_to_uint16_T  000000018001fe50 f   sfc_debug:sfcdebug.obj
 0001:0001ef20       sf_debug_cast_to_int32_T   000000018001ff20 f   sfc_debug:sfcdebug.obj
 0001:0001eff0       sf_debug_cast_to_uint32_T  000000018001fff0 f   sfc_debug:sfcdebug.obj
 0001:0001f0c0       sf_debug_data_range_error  00000001800200c0 f   sfc_debug:sfcdebug.obj
 0001:0001f3d0       sf_debug_read_before_write_check 00000001800203d0 f   sfc_debug:sfcdebug.obj
 0001:0001f800       sf_debug_data_range_error_wrapper_min_max 0000000180020800 f   sfc_debug:sfcdebug.obj
 0001:0001f920       sf_debug_data_range_error_wrapper_min 0000000180020920 f   sfc_debug:sfcdebug.obj
 0001:0001fa30       sf_debug_data_range_error_wrapper_max 0000000180020a30 f   sfc_debug:sfcdebug.obj
 0001:0001fb40       sf_debug_data_range_wrapper 0000000180020b40 f   sfc_debug:sfcdebug.obj
 0001:0001fc00       sf_debug_set_current_status_info 0000000180020c00 f   sfc_debug:sfcdebug.obj
 0001:0001ffa0       sf_debug_register_message_post_receive_info 0000000180020fa0 f   sfc_debug:sfcdebug.obj
 0001:000201f0       sf_debug_call              00000001800211f0 f   sfc_debug:sfcdebug.obj
 0001:00020b50       sf_debug_initialize_machine 0000000180021b50 f   sfc_debug:sfcdebug.obj
 0001:00020e00       sf_debug_initialize_chart  0000000180021e00 f   sfc_debug:sfcdebug.obj
 0001:00021250       sf_debug_ensure_script     0000000180022250 f   sfc_debug:sfcdebug.obj
 0001:00021300       cv_eval_saturation         0000000180022300 f   sfc_debug:sfcdebug.obj
 0001:00021480       cv_saturation_accum        0000000180022480 f   sfc_debug:sfcdebug.obj
 0001:000215c0       cv_script_init_script      00000001800225c0 f   sfc_debug:sfcdebug.obj
 0001:000216b0       cv_script_init_fcn         00000001800226b0 f   sfc_debug:sfcdebug.obj
 0001:00021770       cv_script_init_testobjective 0000000180022770 f   sfc_debug:sfcdebug.obj
 0001:00021830       cv_script_init_saturation  0000000180022830 f   sfc_debug:sfcdebug.obj
 0001:000218e0       cv_script_init_if          00000001800228e0 f   sfc_debug:sfcdebug.obj
 0001:000219a0       cv_script_init_for         00000001800229a0 f   sfc_debug:sfcdebug.obj
 0001:00021a50       cv_script_init_while       0000000180022a50 f   sfc_debug:sfcdebug.obj
 0001:00021b00       cv_script_init_mcdc        0000000180022b00 f   sfc_debug:sfcdebug.obj
 0001:00021c00       cv_script_init_switch      0000000180022c00 f   sfc_debug:sfcdebug.obj
 0001:00021ce0       cv_script_eval             0000000180022ce0 f   sfc_debug:sfcdebug.obj
 0001:00021db0       eml_debug_line_call        0000000180022db0 f   sfc_debug:sfcdebug.obj
 0001:00021f80       sf_debug_terminate         0000000180022f80 f   sfc_debug:sfcdebug.obj
 0001:00022190       sf_debug_set_script_cv_ids 0000000180023190 f   sfc_debug:sfcdebug.obj
 0001:000222c0       sf_debug_api               00000001800232c0 f   sfc_debug:sfc_api.obj
 0001:00023bb0       sf_debug_sm_terminate      0000000180024bb0 f   sfc_debug:sfdb_animation.obj
 0001:00023d60       sf_debug_reset_path_objects 0000000180024d60 f   sfc_debug:sfdb_animation.obj
 0001:00023de0       sf_debug_sm_reset_object_selection_status 0000000180024de0 f   sfc_debug:sfdb_animation.obj
 0001:00023e80       sf_debug_sm_reset_state_buffer 0000000180024e80 f   sfc_debug:sfdb_animation.obj
 0001:00023f50       sf_debug_sm_store_state_buffer 0000000180024f50 f   sfc_debug:sfdb_animation.obj
 0001:00023fd0       sf_debug_sm_restore_state_buffer1 0000000180024fd0 f   sfc_debug:sfdb_animation.obj
 0001:00024040       sf_debug_sm_restore_state_buffer2 0000000180025040 f   sfc_debug:sfdb_animation.obj
 0001:000240b0       sf_debug_sm_chart_active   00000001800250b0 f   sfc_debug:sfdb_animation.obj
 0001:00024100       sf_debug_sm_select_active_objects 0000000180025100 f   sfc_debug:sfdb_animation.obj
 0001:000245d0       sf_debug_sm_is_chart_active 00000001800255d0 f   sfc_debug:sfdb_animation.obj
 0001:00024610       sf_debug_sm_is_state_active 0000000180025610 f   sfc_debug:sfdb_animation.obj
 0001:00024850       sf_debug_sm_get_active_states 0000000180025850 f   sfc_debug:sfdb_animation.obj
 0001:00024e00       sf_debug_sm_initialize_instance 0000000180025e00 f   sfc_debug:sfdb_animation.obj
 0001:00025010       sf_debug_sm_change_object_selection_status 0000000180026010 f   sfc_debug:sfdb_animation.obj
 0001:000252e0       cv_create_interface        00000001800262e0 f   sfc_debug:cv_sfinterface.obj
 0001:000255f0       cv_init_trans              00000001800265f0 f   sfc_debug:cv_sfinterface.obj
 0001:00025640       cv_init_saturation         0000000180026640 f   sfc_debug:cv_sfinterface.obj
 0001:00025680       cv_init_testobjective      0000000180026680 f   sfc_debug:cv_sfinterface.obj
 0001:000256c0       cv_init_state              00000001800266c0 f   sfc_debug:cv_sfinterface.obj
 0001:00025730       cv_init_chart              0000000180026730 f   sfc_debug:cv_sfinterface.obj
 0001:00025780       cv_dec_update_call         0000000180026780 f   sfc_debug:cv_sfinterface.obj
 0001:000257c0       cv_cond_update_call        00000001800267c0 f   sfc_debug:cv_sfinterface.obj
 0001:00025800       cv_saturation_update_call  0000000180026800 f   sfc_debug:cv_sfinterface.obj
 0001:00025840       cv_saturation_update_accum 0000000180026840 f   sfc_debug:cv_sfinterface.obj
 0001:00025880       cv_testobjective_update_call 0000000180026880 f   sfc_debug:cv_sfinterface.obj
 0001:000258c0       cv_sigrange_update         00000001800268c0 f   sfc_debug:cv_sfinterface.obj
 0001:00025900       cvsf_eml_eval              0000000180026900 f   sfc_debug:cv_sfinterface.obj
 0001:000259e0       cvsf_eml_init_script       00000001800269e0 f   sfc_debug:cv_sfinterface.obj
 0001:00025a70       cvsf_eml_init_fcn          0000000180026a70 f   sfc_debug:cv_sfinterface.obj
 0001:00025ad0       cvsf_eml_init_testobjective 0000000180026ad0 f   sfc_debug:cv_sfinterface.obj
 0001:00025b30       cvsf_eml_init_saturation   0000000180026b30 f   sfc_debug:cv_sfinterface.obj
 0001:00025b80       cvsf_eml_init_if           0000000180026b80 f   sfc_debug:cv_sfinterface.obj
 0001:00025be0       cvsf_eml_init_for          0000000180026be0 f   sfc_debug:cv_sfinterface.obj
 0001:00025c30       cvsf_eml_init_while        0000000180026c30 f   sfc_debug:cv_sfinterface.obj
 0001:00025c80       cvsf_eml_init_mcdc         0000000180026c80 f   sfc_debug:cv_sfinterface.obj
 0001:00025d10       cvsf_eml_init_switch       0000000180026d10 f   sfc_debug:cv_sfinterface.obj
 0001:00025d80       cvsf_script_eval           0000000180026d80 f   sfc_debug:cv_sfinterface.obj
 0001:00025e60       cvsf_script_init_script    0000000180026e60 f   sfc_debug:cv_sfinterface.obj
 0001:00025ef0       cvsf_script_init_fcn       0000000180026ef0 f   sfc_debug:cv_sfinterface.obj
 0001:00025f50       cvsf_script_init_testobjective 0000000180026f50 f   sfc_debug:cv_sfinterface.obj
 0001:00025fb0       cvsf_script_init_saturation 0000000180026fb0 f   sfc_debug:cv_sfinterface.obj
 0001:00026000       cvsf_script_init_if        0000000180027000 f   sfc_debug:cv_sfinterface.obj
 0001:00026060       cvsf_script_init_for       0000000180027060 f   sfc_debug:cv_sfinterface.obj
 0001:000260b0       cvsf_script_init_while     00000001800270b0 f   sfc_debug:cv_sfinterface.obj
 0001:00026100       cvsf_script_init_mcdc      0000000180027100 f   sfc_debug:cv_sfinterface.obj
 0001:00026190       cvsf_script_init_switch    0000000180027190 f   sfc_debug:cv_sfinterface.obj
 0001:00026200       cv_destroy_interface       0000000180027200 f   sfc_debug:cv_sfinterface.obj
 0001:00026220       cv_create_instance_objects 0000000180027220 f   sfc_debug:cv_sfinterface.obj
 0001:00026690       cv_is_enabled              0000000180027690 f   sfc_debug:cv_sfinterface.obj
 0001:000266a0       sf_debug_cv_initialize_script 00000001800276a0 f   sfc_debug:cv_sfinterface.obj
 0001:00026830       sf_debug_cv_initialize_instance 0000000180027830 f   sfc_debug:cv_sfinterface.obj
 0001:00026bc0       sf_debug_cv_terminate_chart 0000000180027bc0 f   sfc_debug:cv_sfinterface.obj
 0001:00026ce0       cv_call_trans_test         0000000180027ce0 f   sfc_debug:cv_sfinterface.obj
 0001:00026cf0       cv_call_sub_cond_test      0000000180027cf0 f   sfc_debug:cv_sfinterface.obj
 0001:00026d30       sf_debug_st_initialize_machine 0000000180027d30 f   sfc_debug:sfdb_data_browse.obj
 0001:00026de0       sf_debug_st_initialize_instance 0000000180027de0 f   sfc_debug:sfdb_data_browse.obj
 0001:00026ff0       sf_debug_st_terminate      0000000180027ff0 f   sfc_debug:sfdb_data_browse.obj
 0001:00027390       sf_debug_st_set_data_value_ptr_in_machine 0000000180028390 f   sfc_debug:sfdb_data_browse.obj
 0001:00027420       sf_debug_st_set_data_value_ptr_in_instance 0000000180028420 f   sfc_debug:sfdb_data_browse.obj
 0001:00027500       sf_debug_st_unset_data_value_ptr_in_machine 0000000180028500 f   sfc_debug:sfdb_data_browse.obj
 0001:00027570       sf_debug_st_unset_data_value_ptr_in_instance 0000000180028570 f   sfc_debug:sfdb_data_browse.obj
 0001:00027830       sf_debug_mx_value          0000000180028830 f   sfc_debug:sfdb_data_browse.obj
 0001:00027890       sf_debug_mx_packed_vector  0000000180028890 f   sfc_debug:sfdb_data_browse.obj
 0001:00027970       sf_debug_mx_uint_vector    0000000180028970 f   sfc_debug:sfdb_data_browse.obj
 0001:00027a20       sf_debug_st_get_double_value_from_void_ptr_vector 0000000180028a20 f   sfc_debug:sfdb_data_browse.obj
 0001:00028500       sf_debug_st_browse_data    0000000180029500 f   sfc_debug:sfdb_data_browse.obj
 0001:00028d40       sf_debug_hm_initialize_instance 0000000180029d40 f   sfc_debug:sfdb_handle_management.obj
 0001:00029220       sf_debug_hm_get_object_id  000000018002a220 f   sfc_debug:sfdb_handle_management.obj
 0001:00029dd0       sf_debug_hm_update_chart_visibility 000000018002add0 f   sfc_debug:sfdb_handle_management.obj
 0001:0002afc0       sf_debug_object_is_eml_function 000000018002bfc0 f   sfc_debug:sfdb_handle_management.obj
 0001:0002b030       sf_debug_hm_initialize_ids_in_machine 000000018002c030 f   sfc_debug:sfdb_handle_management.obj
 0001:0002b1a0       sf_debug_hm_initialize_ids_in_chart 000000018002c1a0 f   sfc_debug:sfdb_handle_management.obj
 0001:0002b2a0       sf_debug_hm_initialize_chart 000000018002c2a0 f   sfc_debug:sfdb_handle_management.obj
 0001:0002b9a0       sf_debug_hm_terminate      000000018002c9a0 f   sfc_debug:sfdb_handle_management.obj
 0001:0002ba00       sf_debug_hm_initialize_machine 000000018002ca00 f   sfc_debug:sfdb_handle_management.obj
 0001:0002c120       sf_debug_ss_initialize     000000018002d120 f   sfc_debug:sfdb_symbol_scope.obj
 0001:0002c140       sf_debug_ss_terminate      000000018002d140 f   sfc_debug:sfdb_symbol_scope.obj
 0001:0002c1d0       sf_debug_ss_push_symbol_scope 000000018002d1d0 f   sfc_debug:sfdb_symbol_scope.obj
 0001:0002c2d0       sf_debug_ss_push_symbol_scope_eml 000000018002d2d0 f   sfc_debug:sfdb_symbol_scope.obj
 0001:0002c330       sf_debug_ss_pop_symbol_scope 000000018002d330 f   sfc_debug:sfdb_symbol_scope.obj
 0001:0002c3e0       sf_debug_ss_add_symbol     000000018002d3e0 f   sfc_debug:sfdb_symbol_scope.obj
 0001:0002c550       sf_debug_ss_add_symbol_eml 000000018002d550 f   sfc_debug:sfdb_symbol_scope.obj
 0001:0002d450       sf_debug_ss_set_data_value 000000018002e450 f   sfc_debug:sfdb_symbol_scope.obj
 0001:0002d8a0       getInstanceNumber          000000018002e8a0 f   sfc_debug:sfdb_symbol_scope.obj
 0001:0002d970       sf_debug_ss_watch_data     000000018002e970 f   sfc_debug:sfdb_symbol_scope.obj
 0001:0002db60       sf_debug_ss_assign_data    000000018002eb60 f   sfc_debug:sfdb_symbol_scope.obj
 0001:0002e570       get_data_entry_name        000000018002f570 f   sfc_debug:sfdb_symbol_scope.obj
 0001:0002e5c0       sf_debug_ss_whos           000000018002f5c0 f   sfc_debug:sfdb_symbol_scope.obj
 0001:0002ec10       sf_debug_cc_initialize_chart 000000018002fc10 f   sfc_debug:sfdb_coverage.obj
 0001:0002f600       sf_debug_cc_initialize_instance 0000000180030600 f   sfc_debug:sfdb_coverage.obj
 0001:00030340       sf_debug_cc_terminate      0000000180031340 f   sfc_debug:sfdb_coverage.obj
 0001:00030430       sf_debug_cc_set_transition_maps 0000000180031430 f   sfc_debug:sfdb_coverage.obj
 0001:00030560       sf_debug_cc_set_state_maps 0000000180031560 f   sfc_debug:sfdb_coverage.obj
 0001:00030640       sf_debug_cc_set_transition_weights 0000000180031640 f   sfc_debug:sfdb_coverage.obj
 0001:00030900       sf_debug_cc_set_state_weights 0000000180031900 f   sfc_debug:sfdb_coverage.obj
 0001:00030bd0       sf_debug_cc_mark_transition_guard 0000000180031bd0 f   sfc_debug:sfdb_coverage.obj
 0001:00030c60       sf_debug_cc_mark_transition_trigger 0000000180031c60 f   sfc_debug:sfdb_coverage.obj
 0001:00030cf0       sf_debug_cc_mark_transition_decision 0000000180031cf0 f   sfc_debug:sfdb_coverage.obj
 0001:00030d60       sf_debug_cc_mark_transition_condition_action 0000000180031d60 f   sfc_debug:sfdb_coverage.obj
 0001:00030db0       sf_debug_cc_mark_transition_transition_action 0000000180031db0 f   sfc_debug:sfdb_coverage.obj
 0001:00030e00       sf_debug_cc_mark_state_entry 0000000180031e00 f   sfc_debug:sfdb_coverage.obj
 0001:00030e50       sf_debug_cc_mark_state_during 0000000180031e50 f   sfc_debug:sfdb_coverage.obj
 0001:00030ea0       sf_debug_cc_mark_state_exit 0000000180031ea0 f   sfc_debug:sfdb_coverage.obj
 0001:00030ef0       sf_debug_bm_clear_script_breakpoints 0000000180031ef0 f   sfc_debug:sfdb_breakpoints.obj
 0001:00030f20       sf_debug_bm_set_script_breakpoint 0000000180031f20 f   sfc_debug:sfdb_breakpoints.obj
 0001:00030fa0       sf_debug_bm_clear_single_script_breakpoint 0000000180031fa0 f   sfc_debug:sfdb_breakpoints.obj
 0001:00031020       sf_debug_bm_query_script_breakpoint 0000000180032020 f   sfc_debug:sfdb_breakpoints.obj
 0001:00031070       sf_debug_bm_initialize_scripts 0000000180032070 f   sfc_debug:sfdb_breakpoints.obj
 0001:00031700       sf_debug_bm_terminate      0000000180032700 f   sfc_debug:sfdb_breakpoints.obj
 0001:000319e0       sf_debug_bm_remove_all_breakpoints_in_machine 00000001800329e0 f   sfc_debug:sfdb_breakpoints.obj
 0001:00031a40       sf_debug_bm_remove_all_breakpoints_in_chart 0000000180032a40 f   sfc_debug:sfdb_breakpoints.obj
 0001:00031b90       sf_debug_bm_initialize_global_breakpoints 0000000180032b90 f   sfc_debug:sfdb_breakpoints.obj
 0001:00031d10       sf_debug_bm_set_breakpoint 0000000180032d10 f   sfc_debug:sfdb_breakpoints.obj
 0001:000322d0       sf_debug_bm_set_eml_breakpoint 00000001800332d0 f   sfc_debug:sfdb_breakpoints.obj
 0001:00032360       sf_debug_bm_initialize_machine_breakpoint_map 0000000180033360 f   sfc_debug:sfdb_breakpoints.obj
 0001:00032780       sf_debug_bm_is_a_breakpoint 0000000180033780 f   sfc_debug:sfdb_breakpoints.obj
 0001:00032ca0       sf_debug_bm_get_all_breakpoints_in_machine 0000000180033ca0 f   sfc_debug:sfdb_breakpoints.obj
 0001:00032fa0       sf_debug_bm_get_all_breakpoints_in_chart 0000000180033fa0 f   sfc_debug:sfdb_breakpoints.obj
 0001:00033b30       sf_debug_bm_initialize_machine 0000000180034b30 f   sfc_debug:sfdb_breakpoints.obj
 0001:00033c00       sf_debug_bm_initialize_chart 0000000180034c00 f   sfc_debug:sfdb_breakpoints.obj
 0001:00033ff0       sf_debug_sc_terminate      0000000180034ff0 f   sfc_debug:sfdb_state_consistency.obj
 0001:00034310       sf_debug_sc_is_chart_consistent 0000000180035310 f   sfc_debug:sfdb_state_consistency.obj
 0001:000345c0       sf_debug_sc_get_consistency_error_info 00000001800355c0 f   sfc_debug:sfdb_state_consistency.obj
 0001:000349d0       sf_debug_tm_terminate      00000001800359d0 f   sfc_debug:sfdb_call_stack.obj
 0001:00034a80       sf_debug_tm_push_chart_instance 0000000180035a80 f   sfc_debug:sfdb_call_stack.obj
 0001:00034bc0       sf_debug_tm_pop_chart_instance 0000000180035bc0 f   sfc_debug:sfdb_call_stack.obj
 0001:00034c20       sf_debug_tm_push_trace_node 0000000180035c20 f   sfc_debug:sfdb_call_stack.obj
 0001:00034da0       sf_debug_tm_pop_trace_node 0000000180035da0 f   sfc_debug:sfdb_call_stack.obj
 0001:00034e20       sf_debug_tm_get_current_global_trace_index 0000000180035e20 f   sfc_debug:sfdb_call_stack.obj
 0001:00034e30       sf_debug_tm_get_current_local_trace_index 0000000180035e30 f   sfc_debug:sfdb_call_stack.obj
 0001:00034e60       sf_debug_tm_set_cycle_detected_flag 0000000180035e60 f   sfc_debug:sfdb_call_stack.obj
 0001:00034ea0       sf_debug_tm_set_cycle_started_flag 0000000180035ea0 f   sfc_debug:sfdb_call_stack.obj
 0001:00034ee0       sf_debug_tm_get_chart_number_from_stack 0000000180035ee0 f   sfc_debug:sfdb_call_stack.obj
 0001:000350e0       sf_debug_tm_browse_trace   00000001800360e0 f   sfc_debug:sfdb_call_stack.obj
 0001:000353f0       sf_debug_cd_initialize_instance 00000001800363f0 f   sfc_debug:sfdb_cycle_detection.obj
 0001:000356a0       sf_debug_cd_mark_processed_transition_in_instance 00000001800366a0 f   sfc_debug:sfdb_cycle_detection.obj
 0001:00035740       sf_debug_cd_checksum_push  0000000180036740 f   sfc_debug:sfdb_cycle_detection.obj
 0001:000359f0       sf_debug_cd_checksum_pop   00000001800369f0 f   sfc_debug:sfdb_cycle_detection.obj
 0001:00035a60       sf_debug_cd_turn_off_cycle_detection 0000000180036a60 f   sfc_debug:sfdb_cycle_detection.obj
 0001:00035ab0       sf_debug_cd_terminate      0000000180036ab0 f   sfc_debug:sfdb_cycle_detection.obj
 0001:00035ce0       md5_initialize_state       0000000180036ce0 f   sfc_debug:ckmd5.obj
 0001:00036770       md5_update_state           0000000180037770 f   sfc_debug:ckmd5.obj
 0001:00036790       md5_get_hash               0000000180037790 f   sfc_debug:ckmd5.obj
 0001:000367c0       md5_get_hash_for_a_single_string 00000001800377c0 f   sfc_debug:ckmd5.obj
 0001:00036820       mxGetPr                    0000000180037820 f   libmx:libmx.dll
 0001:00036826       mxSetField_730             0000000180037826 f   libmx:libmx.dll
 0001:0003682c       mxDestroyArray             000000018003782c f   libmx:libmx.dll
 0001:00036832       mxCreateDoubleMatrix_730   0000000180037832 f   libmx:libmx.dll
 0001:00036838       mxCreateDoubleScalar       0000000180037838 f   libmx:libmx.dll
 0001:0003683e       mxCreateString             000000018003783e f   libmx:libmx.dll
 0001:00036844       mxCreateCellMatrix_730     0000000180037844 f   libmx:libmx.dll
 0001:0003684a       mxCreateStructMatrix_730   000000018003784a f   libmx:libmx.dll
 0001:00036850       mxDuplicateArray           0000000180037850 f   libmx:libmx.dll
 0001:00036856       mxCalloc                   0000000180037856 f   libmx:libmx.dll
 0001:0003685c       mxGetClassID               000000018003785c f   libmx:libmx.dll
 0001:00036862       mxIsNumeric                0000000180037862 f   libmx:libmx.dll
 0001:00036868       mxIsChar                   0000000180037868 f   libmx:libmx.dll
 0001:0003686e       mxIsComplex                000000018003786e f   libmx:libmx.dll
 0001:00036874       mxGetM                     0000000180037874 f   libmx:libmx.dll
 0001:0003687a       mxGetN                     000000018003787a f   libmx:libmx.dll
 0001:00036880       mxGetString_730            0000000180037880 f   libmx:libmx.dll
 0001:00036886       mxGetScalar                0000000180037886 f   libmx:libmx.dll
 0001:0003688c       mxGetString_700            000000018003788c f   libmx:libmx.dll
 0001:00036892       mxFree                     0000000180037892 f   libmx:libmx.dll
 0001:00036898       mxArrayToString            0000000180037898 f   libmx:libmx.dll
 0001:0003689e       mxGetNumberOfElements      000000018003789e f   libmx:libmx.dll
 0001:000368a4       mxGetField_700             00000001800378a4 f   libmx:libmx.dll
 0001:000368aa       mxSetFieldByNumber_700     00000001800378aa f   libmx:libmx.dll
 0001:000368b0       mxCreateStructArray_700    00000001800378b0 f   libmx:libmx.dll
 0001:000368b6       mxGetData                  00000001800378b6 f   libmx:libmx.dll
 0001:000368bc       mxCreateNumericArray_700   00000001800378bc f   libmx:libmx.dll
 0001:000368c2       mxIsLogical                00000001800378c2 f   libmx:libmx.dll
 0001:000368c8       mxCreateDoubleMatrix_700   00000001800378c8 f   libmx:libmx.dll
 0001:000368ce       mxCreateCellMatrix_700     00000001800378ce f   libmx:libmx.dll
 0001:000368d4       mxSetCell_700              00000001800378d4 f   libmx:libmx.dll
 0001:000368da       mxGetCell_700              00000001800378da f   libmx:libmx.dll
 0001:000368e0       mxGetClassName             00000001800378e0 f   libmx:libmx.dll
 0001:000368e6       mxSetField_700             00000001800378e6 f   libmx:libmx.dll
 0001:000368ec       mxAddField                 00000001800378ec f   libmx:libmx.dll
 0001:000368f2       mxIsStruct                 00000001800378f2 f   libmx:libmx.dll
 0001:000368f8       mxIsA                      00000001800378f8 f   libmx:libmx.dll
 0001:000368fe       mxIsClass                  00000001800378fe f   libmx:libmx.dll
 0001:00036904       mxGetLogicals              0000000180037904 f   libmx:libmx.dll
 0001:0003690a       mxIsSparse                 000000018003790a f   libmx:libmx.dll
 0001:00036910       mxGetFieldByNumber_700     0000000180037910 f   libmx:libmx.dll
 0001:00036916       mxGetFieldNameByNumber     0000000180037916 f   libmx:libmx.dll
 0001:0003691c       mxGetNumberOfFields        000000018003791c f   libmx:libmx.dll
 0001:00036922       mxCreateStructMatrix_700   0000000180037922 f   libmx:libmx.dll
 0001:00036928       mxGetFieldNumber           0000000180037928 f   libmx:libmx.dll
 0001:0003692e       mxIsNaN                    000000018003792e f   libmx:libmx.dll
 0001:00036934       mxIsEmpty                  0000000180037934 f   libmx:libmx.dll
 0001:0003693a       mxGetImagData              000000018003793a f   libmx:libmx.dll
 0001:00036940       mxArrayClassIDName         0000000180037940 f   libmx:libmx.dll
 0001:00036946       mxCreateNumericMatrix_700  0000000180037946 f   libmx:libmx.dll
 0001:0003694c       mxCalcSingleSubscript_700  000000018003794c f   libmx:libmx.dll
 0001:00036952       mxGetDimensions_700        0000000180037952 f   libmx:libmx.dll
 0001:00036958       mxGetNumberOfDimensions_700 0000000180037958 f   libmx:libmx.dll
 0001:0003695e       mxGetElementSize           000000018003795e f   libmx:libmx.dll
 0001:00036964       mxCreateStringFromNChars_700 0000000180037964 f   libmx:libmx.dll
 0001:0003696a       mxIsLogicalScalarTrue      000000018003796a f   libmx:libmx.dll
 0001:00036970       mxCreateLogicalScalar      0000000180037970 f   libmx:libmx.dll
 0001:00036976       mexErrMsgTxt               0000000180037976 f   libmex:libmex.dll
 0001:0003697c       mexWarnMsgTxt              000000018003797c f   libmex:libmex.dll
 0001:00036982       mexCallMATLAB              0000000180037982 f   libmex:libmex.dll
 0001:00036988       mexUnlock                  0000000180037988 f   libmex:libmex.dll
 0001:0003698e       mexIsLocked                000000018003798e f   libmex:libmex.dll
 0001:00036994       mexMakeArrayPersistent     0000000180037994 f   libmex:libmex.dll
 0001:0003699a       mexLock                    000000018003799a f   libmex:libmex.dll
 0001:000369a0       mexMakeMemoryPersistent    00000001800379a0 f   libmex:libmex.dll
 0001:000369a6       mexSetTrapFlag             00000001800379a6 f   libmex:libmex.dll
 0001:000369ac       mexPutVariable             00000001800379ac f   libmex:libmex.dll
 0001:000369b2       mexGetVariable             00000001800379b2 f   libmex:libmex.dll
 0001:000369b8       mexFunctionName            00000001800379b8 f   libmex:libmex.dll
 0001:000369be       ssRegisterDataTypeFxpFSlopeFixExpBias 00000001800379be f   libfixedpoint:libfixedpoint.dll
 0001:000369c4       ssRegisterDataTypeFxpScaledDouble 00000001800379c4 f   libfixedpoint:libfixedpoint.dll
 0001:000369ca       utMalloc                   00000001800379ca f   libut:libut.dll
 0001:000369d0       utFree                     00000001800379d0 f   libut:libut.dll
 0001:000369d6       utCPUtime                  00000001800379d6 f   libut:libut.dll
 0001:000369dc       utVSNprintf                00000001800379dc f   libut:libut.dll
 0001:000369e2       utCalloc                   00000001800379e2 f   libut:libut.dll
 0001:000369e8       utRealloc                  00000001800379e8 f   libut:libut.dll
 0001:000369ee       emlrtCreateRootTLS         00000001800379ee f   libemlrt:libemlrt.dll
 0001:000369f4       emlrtDestroyRootTLS        00000001800379f4 f   libemlrt:libemlrt.dll
 0001:000369fa       emlrtCheckBuiltInR2012b    00000001800379fa f   libemlrt:libemlrt.dll
 0001:00036a00       emlrtCheckVsBuiltInR2012b  0000000180037a00 f   libemlrt:libemlrt.dll
 0001:00036a06       emlrtCheckEnumR2012b       0000000180037a06 f   libemlrt:libemlrt.dll
 0001:00036a0c       emlrtCreateEnumR2012b      0000000180037a0c f   libemlrt:libemlrt.dll
 0001:00036a12       emlrtGetEnumElementR2009a  0000000180037a12 f   libemlrt:libemlrt.dll
 0001:00036a18       emlrtCreateReference       0000000180037a18 f   libemlrt:libemlrt.dll
 0001:00036a1e       emlrtImportVsFiArrayR2009b 0000000180037a1e f   libemlrt:libemlrt.dll
 0001:00036a24       emlrtNameCapturePostProcessR2012a 0000000180037a24 f   libemlrt:libemlrt.dll
 0001:00036a2a       emlrtExtractMessageId      0000000180037a2a f   libemlrt:libemlrt.dll
 0001:00036a30       emlrtTranslateMessageIDtoLCPstring 0000000180037a30 f   libemlrt:libemlrt.dll
 0001:00036a36       emlrtForLoopVectorIsValidR2011b 0000000180037a36 f   libemlrt:libemlrt.dll
 0001:00036a3c       emlrtTranslateUTF16MessagetoLCPstring 0000000180037a3c f   libemlrt:libemlrt.dll
 0001:00036a42       emlrtGetEnumUnderlyingArrayR2009a 0000000180037a42 f   libemlrt:libemlrt.dll
 0001:00036a48       emlrtIsEnumR2009a          0000000180037a48 f   libemlrt:libemlrt.dll
 0001:00036a4e       memset                     0000000180037a4e f   MSVCRT:MSVCR110.dll
 0001:00036a54       strlen                     0000000180037a54 f   MSVCRT:MSVCR110.dll
 0001:00036a5c       __GSHandlerCheck           0000000180037a5c f   MSVCRT:gshandler.obj
 0001:00036a7c       __GSHandlerCheckCommon     0000000180037a7c f   MSVCRT:gshandler.obj
 0001:00036af0       __security_check_cookie    0000000180037af0 f   MSVCRT:amdsecgs.obj
 0001:00036b10       __raise_securityfailure    0000000180037b10 f   MSVCRT:gs_report.obj
 0001:00036b5c       __report_gsfailure         0000000180037b5c f   MSVCRT:gs_report.obj
 0001:00036c30       __report_rangecheckfailure 0000000180037c30 f   MSVCRT:gs_report.obj
 0001:00036c44       __report_securityfailure   0000000180037c44 f   MSVCRT:gs_report.obj
 0001:00036ce0       __report_securityfailureEx 0000000180037ce0 f   MSVCRT:gs_report.obj
 0001:00036dee       memcpy                     0000000180037dee f   MSVCRT:MSVCR110.dll
 0001:00036df4       strcat                     0000000180037df4 f   MSVCRT:MSVCR110.dll
 0001:00036dfa       strcmp                     0000000180037dfa f   MSVCRT:MSVCR110.dll
 0001:00036e00       sprintf                    0000000180037e00 f   MSVCRT:MSVCR110.dll
 0001:00036e06       free                       0000000180037e06 f   MSVCRT:MSVCR110.dll
 0001:00036e0c       malloc                     0000000180037e0c f   MSVCRT:MSVCR110.dll
 0001:00036e74       NtCurrentTeb               0000000180037e74 f i MSVCRT:crtdll.obj
 0001:00036e80       _CRT_INIT                  0000000180037e80 f   MSVCRT:crtdll.obj
 0001:000370cc       _DllMainCRTStartup         00000001800380cc f   MSVCRT:crtdll.obj
 0001:00037242       _setjmp                    0000000180038242 f   MSVCRT:MSVCR110.dll
 0001:00037248       strncpy                    0000000180038248 f   MSVCRT:MSVCR110.dll
 0001:00037260       _alloca_probe              0000000180038260     MSVCRT:chkstk.obj
 0001:00037260       __chkstk                   0000000180038260 f   MSVCRT:chkstk.obj
 0001:000372ae       longjmp                    00000001800382ae f   MSVCRT:MSVCR110.dll
 0001:000372b4       strncmp                    00000001800382b4 f   MSVCRT:MSVCR110.dll
 0001:000372ba       ceil                       00000001800382ba f   MSVCRT:MSVCR110.dll
 0001:000372c0       strrchr                    00000001800382c0 f   MSVCRT:MSVCR110.dll
 0001:000372c6       ldexp                      00000001800382c6 f   MSVCRT:MSVCR110.dll
 0001:000372cc       __crt_debugger_hook        00000001800382cc f   MSVCRT:MSVCR110.dll
 0001:000372d2       __crtUnhandledException    00000001800382d2 f   MSVCRT:MSVCR110.dll
 0001:000372d8       __crtTerminateProcess      00000001800382d8 f   MSVCRT:MSVCR110.dll
 0001:000372de       __crtCaptureCurrentContext 00000001800382de f   MSVCRT:MSVCR110.dll
 0001:000372e4       __crtCapturePreviousContext 00000001800382e4 f   MSVCRT:MSVCR110.dll
 0001:000372ea       __CppXcptFilter            00000001800382ea f   MSVCRT:MSVCR110.dll
 0001:000372f0       _amsg_exit                 00000001800382f0 f   MSVCRT:MSVCR110.dll
 0001:00037300       _FindPESection             0000000180038300 f   MSVCRT:pesect.obj
 0001:00037350       _IsNonwritableInCurrentImage 0000000180038350 f   MSVCRT:pesect.obj
 0001:000373a0       _ValidateImageBase         00000001800383a0 f   MSVCRT:pesect.obj
 0001:000373d0       __atonexitinit             00000001800383d0 f   MSVCRT:atonexit.obj
 0001:00037420       _onexit                    0000000180038420 f   MSVCRT:atonexit.obj
 0001:000374d0       atexit                     00000001800384d0 f   MSVCRT:atonexit.obj
 0001:000374e8       __security_init_cookie     00000001800384e8 f   MSVCRT:gs_support.obj
 0001:00037594       DllMain                    0000000180038594 f   MSVCRT:dllmain.obj
 0001:000375b8       _malloc_crt                00000001800385b8 f   MSVCRT:MSVCR110.dll
 0001:000375c0       _RTC_Initialize            00000001800385c0 f   MSVCRT:initsect.obj
 0001:000375f8       _RTC_Terminate             00000001800385f8 f   MSVCRT:initsect.obj
 0001:00037630       _initterm                  0000000180038630 f   MSVCRT:MSVCR110.dll
 0001:00037636       _initterm_e                0000000180038636 f   MSVCRT:MSVCR110.dll
 0001:0003763c       __clean_type_info_names    000000018003863c f   MSVCRT:tncleanup.obj
 0001:00037648       __C_specific_handler       0000000180038648 f   MSVCRT:MSVCR110.dll
 0001:0003764e       _lock                      000000018003864e f   MSVCRT:MSVCR110.dll
 0001:00037654       _unlock                    0000000180038654 f   MSVCRT:MSVCR110.dll
 0001:0003765a       _calloc_crt                000000018003865a f   MSVCRT:MSVCR110.dll
 0001:00037660       __dllonexit                0000000180038660 f   MSVCRT:MSVCR110.dll
 0001:00037666       __clean_type_info_names_internal 0000000180038666 f   MSVCRT:MSVCR110.dll
 0001:0003766c       IsDebuggerPresent          000000018003866c f   kernel32:KERNEL32.dll
 0001:00037672       IsProcessorFeaturePresent  0000000180038672 f   kernel32:KERNEL32.dll
 0001:00037678       EncodePointer              0000000180038678 f   kernel32:KERNEL32.dll
 0001:0003767e       DecodePointer              000000018003867e f   kernel32:KERNEL32.dll
 0001:00037684       QueryPerformanceCounter    0000000180038684 f   kernel32:KERNEL32.dll
 0001:0003768a       GetCurrentProcessId        000000018003868a f   kernel32:KERNEL32.dll
 0001:00037690       GetCurrentThreadId         0000000180038690 f   kernel32:KERNEL32.dll
 0001:00037696       GetSystemTimeAsFileTime    0000000180038696 f   kernel32:KERNEL32.dll
 0001:0003769c       DisableThreadLibraryCalls  000000018003869c f   kernel32:KERNEL32.dll
 0002:00000000       __imp_DisableThreadLibraryCalls 0000000180039000     kernel32:KERNEL32.dll
 0002:00000008       __imp_GetSystemTimeAsFileTime 0000000180039008     kernel32:KERNEL32.dll
 0002:00000010       __imp_GetCurrentThreadId   0000000180039010     kernel32:KERNEL32.dll
 0002:00000018       __imp_GetCurrentProcessId  0000000180039018     kernel32:KERNEL32.dll
 0002:00000020       __imp_QueryPerformanceCounter 0000000180039020     kernel32:KERNEL32.dll
 0002:00000028       __imp_DecodePointer        0000000180039028     kernel32:KERNEL32.dll
 0002:00000030       __imp_EncodePointer        0000000180039030     kernel32:KERNEL32.dll
 0002:00000038       __imp_IsProcessorFeaturePresent 0000000180039038     kernel32:KERNEL32.dll
 0002:00000040       __imp_IsDebuggerPresent    0000000180039040     kernel32:KERNEL32.dll
 0002:00000048       \177KERNEL32_NULL_THUNK_DATA 0000000180039048     kernel32:KERNEL32.dll
 0002:00000050       __imp___clean_type_info_names_internal 0000000180039050     MSVCRT:MSVCR110.dll
 0002:00000058       __imp__onexit              0000000180039058     MSVCRT:MSVCR110.dll
 0002:00000060       __imp___dllonexit          0000000180039060     MSVCRT:MSVCR110.dll
 0002:00000068       __imp__calloc_crt          0000000180039068     MSVCRT:MSVCR110.dll
 0002:00000070       __imp__unlock              0000000180039070     MSVCRT:MSVCR110.dll
 0002:00000078       __imp__lock                0000000180039078     MSVCRT:MSVCR110.dll
 0002:00000080       __imp___C_specific_handler 0000000180039080     MSVCRT:MSVCR110.dll
 0002:00000088       __imp__initterm_e          0000000180039088     MSVCRT:MSVCR110.dll
 0002:00000090       __imp__initterm            0000000180039090     MSVCRT:MSVCR110.dll
 0002:00000098       __imp__malloc_crt          0000000180039098     MSVCRT:MSVCR110.dll
 0002:000000a0       __imp__amsg_exit           00000001800390a0     MSVCRT:MSVCR110.dll
 0002:000000a8       __imp___CppXcptFilter      00000001800390a8     MSVCRT:MSVCR110.dll
 0002:000000b0       __imp___crtCapturePreviousContext 00000001800390b0     MSVCRT:MSVCR110.dll
 0002:000000b8       __imp___crtCaptureCurrentContext 00000001800390b8     MSVCRT:MSVCR110.dll
 0002:000000c0       __imp___crtTerminateProcess 00000001800390c0     MSVCRT:MSVCR110.dll
 0002:000000c8       __imp___crtUnhandledException 00000001800390c8     MSVCRT:MSVCR110.dll
 0002:000000d0       __imp___crt_debugger_hook  00000001800390d0     MSVCRT:MSVCR110.dll
 0002:000000d8       __imp_ldexp                00000001800390d8     MSVCRT:MSVCR110.dll
 0002:000000e0       __imp_strrchr              00000001800390e0     MSVCRT:MSVCR110.dll
 0002:000000e8       __imp_ceil                 00000001800390e8     MSVCRT:MSVCR110.dll
 0002:000000f0       __imp_strncmp              00000001800390f0     MSVCRT:MSVCR110.dll
 0002:000000f8       __imp_longjmp              00000001800390f8     MSVCRT:MSVCR110.dll
 0002:00000100       __imp_strncpy              0000000180039100     MSVCRT:MSVCR110.dll
 0002:00000108       __imp__setjmp              0000000180039108     MSVCRT:MSVCR110.dll
 0002:00000110       __imp_malloc               0000000180039110     MSVCRT:MSVCR110.dll
 0002:00000118       __imp_free                 0000000180039118     MSVCRT:MSVCR110.dll
 0002:00000120       __imp_sprintf              0000000180039120     MSVCRT:MSVCR110.dll
 0002:00000128       __imp_strcmp               0000000180039128     MSVCRT:MSVCR110.dll
 0002:00000130       __imp_strcat               0000000180039130     MSVCRT:MSVCR110.dll
 0002:00000138       __imp_memcpy               0000000180039138     MSVCRT:MSVCR110.dll
 0002:00000140       __imp_strlen               0000000180039140     MSVCRT:MSVCR110.dll
 0002:00000148       __imp_memset               0000000180039148     MSVCRT:MSVCR110.dll
 0002:00000150       \177MSVCR110_NULL_THUNK_DATA 0000000180039150     MSVCRT:MSVCR110.dll
 0002:00000158       __imp_emlrtIsEnumR2009a    0000000180039158     libemlrt:libemlrt.dll
 0002:00000160       __imp_emlrtGetEnumUnderlyingArrayR2009a 0000000180039160     libemlrt:libemlrt.dll
 0002:00000168       __imp_emlrtTranslateUTF16MessagetoLCPstring 0000000180039168     libemlrt:libemlrt.dll
 0002:00000170       __imp_emlrtForLoopVectorIsValidR2011b 0000000180039170     libemlrt:libemlrt.dll
 0002:00000178       __imp_emlrtTranslateMessageIDtoLCPstring 0000000180039178     libemlrt:libemlrt.dll
 0002:00000180       __imp_emlrtExtractMessageId 0000000180039180     libemlrt:libemlrt.dll
 0002:00000188       __imp_emlrtNameCapturePostProcessR2012a 0000000180039188     libemlrt:libemlrt.dll
 0002:00000190       __imp_emlrtImportVsFiArrayR2009b 0000000180039190     libemlrt:libemlrt.dll
 0002:00000198       __imp_emlrtCreateReference 0000000180039198     libemlrt:libemlrt.dll
 0002:000001a0       __imp_emlrtGetEnumElementR2009a 00000001800391a0     libemlrt:libemlrt.dll
 0002:000001a8       __imp_emlrtCreateEnumR2012b 00000001800391a8     libemlrt:libemlrt.dll
 0002:000001b0       __imp_emlrtCheckEnumR2012b 00000001800391b0     libemlrt:libemlrt.dll
 0002:000001b8       __imp_emlrtCheckVsBuiltInR2012b 00000001800391b8     libemlrt:libemlrt.dll
 0002:000001c0       __imp_emlrtCheckBuiltInR2012b 00000001800391c0     libemlrt:libemlrt.dll
 0002:000001c8       __imp_emlrtDestroyRootTLS  00000001800391c8     libemlrt:libemlrt.dll
 0002:000001d0       __imp_emlrtCreateRootTLS   00000001800391d0     libemlrt:libemlrt.dll
 0002:000001d8       \177libemlrt_NULL_THUNK_DATA 00000001800391d8     libemlrt:libemlrt.dll
 0002:000001e0       __imp_ssRegisterDataTypeFxpFSlopeFixExpBias 00000001800391e0     libfixedpoint:libfixedpoint.dll
 0002:000001e8       __imp_ssRegisterDataTypeFxpScaledDouble 00000001800391e8     libfixedpoint:libfixedpoint.dll
 0002:000001f0       \177libfixedpoint_NULL_THUNK_DATA 00000001800391f0     libfixedpoint:libfixedpoint.dll
 0002:000001f8       __imp_mexMakeArrayPersistent 00000001800391f8     libmex:libmex.dll
 0002:00000200       __imp_mexLock              0000000180039200     libmex:libmex.dll
 0002:00000208       __imp_mexMakeMemoryPersistent 0000000180039208     libmex:libmex.dll
 0002:00000210       __imp_mexIsLocked          0000000180039210     libmex:libmex.dll
 0002:00000218       __imp_mexPutVariable       0000000180039218     libmex:libmex.dll
 0002:00000220       __imp_mexGetVariable       0000000180039220     libmex:libmex.dll
 0002:00000228       __imp_mexFunctionName      0000000180039228     libmex:libmex.dll
 0002:00000230       __imp_mexUnlock            0000000180039230     libmex:libmex.dll
 0002:00000238       __imp_mexSetTrapFlag       0000000180039238     libmex:libmex.dll
 0002:00000240       __imp_mexCallMATLAB        0000000180039240     libmex:libmex.dll
 0002:00000248       __imp_mexErrMsgTxt         0000000180039248     libmex:libmex.dll
 0002:00000250       __imp_mexWarnMsgTxt        0000000180039250     libmex:libmex.dll
 0002:00000258       \177libmex_NULL_THUNK_DATA 0000000180039258     libmex:libmex.dll
 0002:00000260       __imp_mxGetClassName       0000000180039260     libmx:libmx.dll
 0002:00000268       __imp_mxSetField_730       0000000180039268     libmx:libmx.dll
[...]
 0004:000028bc       $pdata$get_data_info_helper 000000018004b8bc     sfc_debug:sfdb_symbol_scope.obj
 0004:000028c8       $pdata$1$get_data_info_helper 000000018004b8c8     sfc_debug:sfdb_symbol_scope.obj
 0004:000028d4       $pdata$2$get_data_info_helper 000000018004b8d4     sfc_debug:sfdb_symbol_scope.obj
 0004:000028e0       $pdata$3$get_data_info_helper 000000018004b8e0     sfc_debug:sfdb_symbol_scope.obj
 0004:000028ec       $pdata$4$get_data_info_helper 000000018004b8ec     sfc_debug:sfdb_symbol_scope.obj
 0004:000028f8       $pdata$5$get_data_info_helper 000000018004b8f8     sfc_debug:sfdb_symbol_scope.obj
 0004:00002904       $pdata$6$get_data_info_helper 000000018004b904     sfc_debug:sfdb_symbol_scope.obj
 0004:00002910       $pdata$sf_debug_ss_get_data_info 000000018004b910     sfc_debug:sfdb_symbol_scope.obj
 0004:0000291c       $pdata$sf_debug_ss_set_data_value_try 000000018004b91c     sfc_debug:sfdb_symbol_scope.obj
 0004:00002928       $pdata$sf_debug_ss_set_data_value 000000018004b928     sfc_debug:sfdb_symbol_scope.obj
 0004:00002934       $pdata$sf_debug_ss_get_data_value 000000018004b934     sfc_debug:sfdb_symbol_scope.obj
 0004:00002940       $pdata$getInstanceNumber   000000018004b940     sfc_debug:sfdb_symbol_scope.obj
 0004:0000294c       $pdata$sf_debug_ss_watch_data 000000018004b94c     sfc_debug:sfdb_symbol_scope.obj
 0004:00002958       $pdata$0$sf_debug_ss_watch_data 000000018004b958     sfc_debug:sfdb_symbol_scope.obj
 0004:00002964       $pdata$1$sf_debug_ss_watch_data 000000018004b964     sfc_debug:sfdb_symbol_scope.obj
 0004:00002970       $pdata$2$sf_debug_ss_watch_data 000000018004b970     sfc_debug:sfdb_symbol_scope.obj
 0004:0000297c       $pdata$sf_debug_ss_assign_data 000000018004b97c     sfc_debug:sfdb_symbol_scope.obj
 0004:00002988       $pdata$sf_debug_ss_data_bytes_string 000000018004b988     sfc_debug:sfdb_symbol_scope.obj
 0004:00002994       $pdata$sf_debug_ss_data_class_string 000000018004b994     sfc_debug:sfdb_symbol_scope.obj
 0004:000029a0       $pdata$1$sf_debug_ss_data_class_string 000000018004b9a0     sfc_debug:sfdb_symbol_scope.obj
 0004:000029ac       $pdata$2$sf_debug_ss_data_class_string 000000018004b9ac     sfc_debug:sfdb_symbol_scope.obj
 0004:000029b8       $pdata$3$sf_debug_ss_data_class_string 000000018004b9b8     sfc_debug:sfdb_symbol_scope.obj
 0004:000029c4       $pdata$4$sf_debug_ss_data_class_string 000000018004b9c4     sfc_debug:sfdb_symbol_scope.obj
 0004:000029d0       $pdata$sf_debug_ss_data_size_string 000000018004b9d0     sfc_debug:sfdb_symbol_scope.obj
 0004:000029dc       $pdata$0$sf_debug_ss_data_size_string 000000018004b9dc     sfc_debug:sfdb_symbol_scope.obj
 0004:000029e8       $pdata$1$sf_debug_ss_data_size_string 000000018004b9e8     sfc_debug:sfdb_symbol_scope.obj
 0004:000029f4       $pdata$sf_debug_ss_data_create_data_info_struct 000000018004b9f4     sfc_debug:sfdb_symbol_scope.obj
 0004:00002a00       $pdata$1$sf_debug_ss_data_create_data_info_struct 000000018004ba00     sfc_debug:sfdb_symbol_scope.obj
 0004:00002a0c       $pdata$2$sf_debug_ss_data_create_data_info_struct 000000018004ba0c     sfc_debug:sfdb_symbol_scope.obj
 0004:00002a18       $pdata$sf_debug_ss_data_create_name_value_pair 000000018004ba18     sfc_debug:sfdb_symbol_scope.obj
 0004:00002a24       $pdata$same_named_data_in_data_array 000000018004ba24     sfc_debug:sfdb_symbol_scope.obj
 0004:00002a30       $pdata$sf_debug_ss_whos    000000018004ba30     sfc_debug:sfdb_symbol_scope.obj
 0004:00002a3c       $pdata$sf_debug_cc_initialize_chart 000000018004ba3c     sfc_debug:sfdb_coverage.obj
 0004:00002a48       $pdata$1$sf_debug_cc_initialize_chart 000000018004ba48     sfc_debug:sfdb_coverage.obj
 0004:00002a54       $pdata$2$sf_debug_cc_initialize_chart 000000018004ba54     sfc_debug:sfdb_coverage.obj
 0004:00002a60       $pdata$sf_debug_cc_initialize_instance 000000018004ba60     sfc_debug:sfdb_coverage.obj
 0004:00002a6c       $pdata$2$sf_debug_cc_initialize_instance 000000018004ba6c     sfc_debug:sfdb_coverage.obj
 0004:00002a78       $pdata$3$sf_debug_cc_initialize_instance 000000018004ba78     sfc_debug:sfdb_coverage.obj
 0004:00002a84       $pdata$4$sf_debug_cc_initialize_instance 000000018004ba84     sfc_debug:sfdb_coverage.obj
 0004:00002a90       $pdata$sf_debug_cc_terminate_chart 000000018004ba90     sfc_debug:sfdb_coverage.obj
 0004:00002a9c       $pdata$0$sf_debug_cc_terminate_chart 000000018004ba9c     sfc_debug:sfdb_coverage.obj
 0004:00002aa8       $pdata$2$sf_debug_cc_terminate_chart 000000018004baa8     sfc_debug:sfdb_coverage.obj
 0004:00002ab4       $pdata$3$sf_debug_cc_terminate_chart 000000018004bab4     sfc_debug:sfdb_coverage.obj
 0004:00002ac0       $pdata$4$sf_debug_cc_terminate_chart 000000018004bac0     sfc_debug:sfdb_coverage.obj
 0004:00002acc       $pdata$sf_debug_cc_terminate_instance 000000018004bacc     sfc_debug:sfdb_coverage.obj
 0004:00002ad8       $pdata$sf_debug_cc_terminate 000000018004bad8     sfc_debug:sfdb_coverage.obj
 0004:00002ae4       $pdata$5$sf_debug_cc_terminate 000000018004bae4     sfc_debug:sfdb_coverage.obj
 0004:00002af0       $pdata$6$sf_debug_cc_terminate 000000018004baf0     sfc_debug:sfdb_coverage.obj
 0004:00002afc       $pdata$sf_debug_cc_set_transition_maps 000000018004bafc     sfc_debug:sfdb_coverage.obj
 0004:00002b08       $pdata$sf_debug_cc_set_transition_weights 000000018004bb08     sfc_debug:sfdb_coverage.obj
 0004:00002b14       $pdata$sf_debug_cc_set_state_weights 000000018004bb14     sfc_debug:sfdb_coverage.obj
 0004:00002b20       $pdata$sf_debug_cc_mark_object_if_needed 000000018004bb20     sfc_debug:sfdb_coverage.obj
 0004:00002b2c       $pdata$sf_debug_cc_mark_transition_guard 000000018004bb2c     sfc_debug:sfdb_coverage.obj
 0004:00002b38       $pdata$sf_debug_cc_mark_transition_trigger 000000018004bb38     sfc_debug:sfdb_coverage.obj
 0004:00002b44       $pdata$sf_debug_cc_mark_transition_decision 000000018004bb44     sfc_debug:sfdb_coverage.obj
 0004:00002b50       $pdata$sf_debug_bm_clear_script_breakpoints 000000018004bb50     sfc_debug:sfdb_breakpoints.obj
 0004:00002b5c       $pdata$sf_debug_bm_set_script_breakpoint 000000018004bb5c     sfc_debug:sfdb_breakpoints.obj
 0004:00002b68       $pdata$sf_debug_bm_clear_single_script_breakpoint 000000018004bb68     sfc_debug:sfdb_breakpoints.obj
 0004:00002b74       $pdata$sf_debug_bm_query_script_breakpoint 000000018004bb74     sfc_debug:sfdb_breakpoints.obj
 0004:00002b80       $pdata$sf_debug_bm_initialize_scripts 000000018004bb80     sfc_debug:sfdb_breakpoints.obj
 0004:00002b8c       $pdata$0$sf_debug_bm_initialize_scripts 000000018004bb8c     sfc_debug:sfdb_breakpoints.obj
 0004:00002b98       $pdata$2$sf_debug_bm_initialize_scripts 000000018004bb98     sfc_debug:sfdb_breakpoints.obj
 0004:00002ba4       $pdata$3$sf_debug_bm_initialize_scripts 000000018004bba4     sfc_debug:sfdb_breakpoints.obj
 0004:00002bb0       $pdata$4$sf_debug_bm_initialize_scripts 000000018004bbb0     sfc_debug:sfdb_breakpoints.obj
 0004:00002bbc       $pdata$sf_debug_bm_initialize_eml 000000018004bbbc     sfc_debug:sfdb_breakpoints.obj
 0004:00002bc8       $pdata$0$sf_debug_bm_initialize_eml 000000018004bbc8     sfc_debug:sfdb_breakpoints.obj
 0004:00002bd4       $pdata$1$sf_debug_bm_initialize_eml 000000018004bbd4     sfc_debug:sfdb_breakpoints.obj
 0004:00002be0       $pdata$sf_debug_bm_terminate 000000018004bbe0     sfc_debug:sfdb_breakpoints.obj
 0004:00002bec       $pdata$2$sf_debug_bm_terminate 000000018004bbec     sfc_debug:sfdb_breakpoints.obj
 0004:00002bf8       $pdata$6$sf_debug_bm_terminate 000000018004bbf8     sfc_debug:sfdb_breakpoints.obj
 0004:00002c04       $pdata$7$sf_debug_bm_terminate 000000018004bc04     sfc_debug:sfdb_breakpoints.obj
 0004:00002c10       $pdata$8$sf_debug_bm_terminate 000000018004bc10     sfc_debug:sfdb_breakpoints.obj
 0004:00002c1c       $pdata$sf_debug_bm_remove_all_breakpoints_in_machine 000000018004bc1c     sfc_debug:sfdb_breakpoints.obj
 0004:00002c28       $pdata$sf_debug_bm_remove_all_breakpoints_in_chart 000000018004bc28     sfc_debug:sfdb_breakpoints.obj
 0004:00002c34       $pdata$sf_debug_bm_initialize_global_breakpoints 000000018004bc34     sfc_debug:sfdb_breakpoints.obj
 0004:00002c40       $pdata$sf_debug_bm_set_breakpoint 000000018004bc40     sfc_debug:sfdb_breakpoints.obj
 0004:00002c4c       $pdata$0$sf_debug_bm_set_breakpoint 000000018004bc4c     sfc_debug:sfdb_breakpoints.obj
 0004:00002c58       $pdata$1$sf_debug_bm_set_breakpoint 000000018004bc58     sfc_debug:sfdb_breakpoints.obj
 0004:00002c64       $pdata$2$sf_debug_bm_set_breakpoint 000000018004bc64     sfc_debug:sfdb_breakpoints.obj
 0004:00002c70       $pdata$3$sf_debug_bm_set_breakpoint 000000018004bc70     sfc_debug:sfdb_breakpoints.obj
 0004:00002c7c       $pdata$sf_debug_bm_set_eml_breakpoint 000000018004bc7c     sfc_debug:sfdb_breakpoints.obj
 0004:00002c88       $pdata$sf_debug_bm_map_debug_tag_to_breakpoint_tag 000000018004bc88     sfc_debug:sfdb_breakpoints.obj
 0004:00002c94       $pdata$sf_debug_bm_is_a_eml_breakpoint_impl 000000018004bc94     sfc_debug:sfdb_breakpoints.obj
 0004:00002ca0       $pdata$sf_debug_bm_is_a_breakpoint 000000018004bca0     sfc_debug:sfdb_breakpoints.obj
 0004:00002cac       $pdata$1$sf_debug_bm_is_a_breakpoint 000000018004bcac     sfc_debug:sfdb_breakpoints.obj
 0004:00002cb8       $pdata$2$sf_debug_bm_is_a_breakpoint 000000018004bcb8     sfc_debug:sfdb_breakpoints.obj
 0004:00002cc4       $pdata$3$sf_debug_bm_is_a_breakpoint 000000018004bcc4     sfc_debug:sfdb_breakpoints.obj
 0004:00002cd0       $pdata$4$sf_debug_bm_is_a_breakpoint 000000018004bcd0     sfc_debug:sfdb_breakpoints.obj
 0004:00002cdc       $pdata$5$sf_debug_bm_is_a_breakpoint 000000018004bcdc     sfc_debug:sfdb_breakpoints.obj
 0004:00002ce8       $pdata$sf_debug_bm_get_all_breakpoints_in_machine 000000018004bce8     sfc_debug:sfdb_breakpoints.obj
 0004:00002cf4       $pdata$0$sf_debug_bm_get_all_breakpoints_in_machine 000000018004bcf4     sfc_debug:sfdb_breakpoints.obj
 0004:00002d00       $pdata$1$sf_debug_bm_get_all_breakpoints_in_machine 000000018004bd00     sfc_debug:sfdb_breakpoints.obj
 0004:00002d0c       $pdata$2$sf_debug_bm_get_all_breakpoints_in_machine 000000018004bd0c     sfc_debug:sfdb_breakpoints.obj
 0004:00002d18       $pdata$3$sf_debug_bm_get_all_breakpoints_in_machine 000000018004bd18     sfc_debug:sfdb_breakpoints.obj
 0004:00002d24       $pdata$sf_debug_bm_get_all_breakpoints_in_chart 000000018004bd24     sfc_debug:sfdb_breakpoints.obj
 0004:00002d30       $pdata$4$sf_debug_bm_get_all_breakpoints_in_chart 000000018004bd30     sfc_debug:sfdb_breakpoints.obj
 0004:00002d3c       $pdata$5$sf_debug_bm_get_all_breakpoints_in_chart 000000018004bd3c     sfc_debug:sfdb_breakpoints.obj
 0004:00002d48       $pdata$6$sf_debug_bm_get_all_breakpoints_in_chart 000000018004bd48     sfc_debug:sfdb_breakpoints.obj
 0004:00002d54       $pdata$7$sf_debug_bm_get_all_breakpoints_in_chart 000000018004bd54     sfc_debug:sfdb_breakpoints.obj
 0004:00002d60       $pdata$8$sf_debug_bm_get_all_breakpoints_in_chart 000000018004bd60     sfc_debug:sfdb_breakpoints.obj
 0004:00002d6c       $pdata$sf_debug_bm_initialize_machine 000000018004bd6c     sfc_debug:sfdb_breakpoints.obj
 0004:00002d78       $pdata$sf_debug_bm_initialize_chart 000000018004bd78     sfc_debug:sfdb_breakpoints.obj
 0004:00002d84       $pdata$sf_debug_sc_push_on_error_stack 000000018004bd84     sfc_debug:sfdb_state_consistency.obj
 0004:00002d90       $pdata$sf_debug_sc_terminate 000000018004bd90     sfc_debug:sfdb_state_consistency.obj
 0004:00002d9c       $pdata$6$sf_debug_sc_terminate 000000018004bd9c     sfc_debug:sfdb_state_consistency.obj
 0004:00002da8       $pdata$7$sf_debug_sc_terminate 000000018004bda8     sfc_debug:sfdb_state_consistency.obj
 0004:00002db4       $pdata$sf_debug_sc_is_state_inconsistent 000000018004bdb4     sfc_debug:sfdb_state_consistency.obj
 0004:00002dc0       $pdata$0$sf_debug_sc_is_state_inconsistent 000000018004bdc0     sfc_debug:sfdb_state_consistency.obj
 0004:00002dcc       $pdata$1$sf_debug_sc_is_state_inconsistent 000000018004bdcc     sfc_debug:sfdb_state_consistency.obj
 0004:00002dd8       $pdata$sf_debug_sc_is_chart_consistent 000000018004bdd8     sfc_debug:sfdb_state_consistency.obj
 0004:00002de4       $pdata$sf_debug_sc_fill_consistency_info 000000018004bde4     sfc_debug:sfdb_state_consistency.obj
 0004:00002df0       $pdata$1$sf_debug_sc_fill_consistency_info 000000018004bdf0     sfc_debug:sfdb_state_consistency.obj
 0004:00002dfc       $pdata$2$sf_debug_sc_fill_consistency_info 000000018004bdfc     sfc_debug:sfdb_state_consistency.obj
 0004:00002e08       $pdata$sf_debug_sc_get_consistency_error_info 000000018004be08     sfc_debug:sfdb_state_consistency.obj
 0004:00002e14       $pdata$3$sf_debug_sc_get_consistency_error_info 000000018004be14     sfc_debug:sfdb_state_consistency.obj
 0004:00002e20       $pdata$4$sf_debug_sc_get_consistency_error_info 000000018004be20     sfc_debug:sfdb_state_consistency.obj
 0004:00002e2c       $pdata$sf_debug_tm_terminate 000000018004be2c     sfc_debug:sfdb_call_stack.obj
 0004:00002e38       $pdata$0$sf_debug_tm_terminate 000000018004be38     sfc_debug:sfdb_call_stack.obj
 0004:00002e44       $pdata$1$sf_debug_tm_terminate 000000018004be44     sfc_debug:sfdb_call_stack.obj
 0004:00002e50       $pdata$2$sf_debug_tm_terminate 000000018004be50     sfc_debug:sfdb_call_stack.obj
 0004:00002e5c       $pdata$3$sf_debug_tm_terminate 000000018004be5c     sfc_debug:sfdb_call_stack.obj
 0004:00002e68       $pdata$sf_debug_tm_push_chart_instance 000000018004be68     sfc_debug:sfdb_call_stack.obj
 0004:00002e74       $pdata$1$sf_debug_tm_push_chart_instance 000000018004be74     sfc_debug:sfdb_call_stack.obj
 0004:00002e80       $pdata$2$sf_debug_tm_push_chart_instance 000000018004be80     sfc_debug:sfdb_call_stack.obj
 0004:00002e8c       $pdata$sf_debug_tm_push_trace_node 000000018004be8c     sfc_debug:sfdb_call_stack.obj
 0004:00002e98       $pdata$0$sf_debug_tm_push_trace_node 000000018004be98     sfc_debug:sfdb_call_stack.obj
 0004:00002ea4       $pdata$7$sf_debug_tm_push_trace_node 000000018004bea4     sfc_debug:sfdb_call_stack.obj
 0004:00002eb0       $pdata$8$sf_debug_tm_push_trace_node 000000018004beb0     sfc_debug:sfdb_call_stack.obj
 0004:00002ebc       $pdata$sf_debug_tm_fill_local_trace 000000018004bebc     sfc_debug:sfdb_call_stack.obj
 0004:00002ec8       $pdata$1$sf_debug_tm_fill_local_trace 000000018004bec8     sfc_debug:sfdb_call_stack.obj
 0004:00002ed4       $pdata$2$sf_debug_tm_fill_local_trace 000000018004bed4     sfc_debug:sfdb_call_stack.obj
 0004:00002ee0       $pdata$sf_debug_tm_browse_trace 000000018004bee0     sfc_debug:sfdb_call_stack.obj
 0004:00002eec       $pdata$4$sf_debug_tm_browse_trace 000000018004beec     sfc_debug:sfdb_call_stack.obj
 0004:00002ef8       $pdata$5$sf_debug_tm_browse_trace 000000018004bef8     sfc_debug:sfdb_call_stack.obj
 0004:00002f04       $pdata$sf_debug_cd_initialize_instance 000000018004bf04     sfc_debug:sfdb_cycle_detection.obj
 0004:00002f10       $pdata$sf_debug_cd_terminate_instance 000000018004bf10     sfc_debug:sfdb_cycle_detection.obj
 0004:00002f1c       $pdata$sf_debug_cd_free_checksum_stack 000000018004bf1c     sfc_debug:sfdb_cycle_detection.obj
 0004:00002f28       $pdata$0$sf_debug_cd_free_checksum_stack 000000018004bf28     sfc_debug:sfdb_cycle_detection.obj
 0004:00002f34       $pdata$1$sf_debug_cd_free_checksum_stack 000000018004bf34     sfc_debug:sfdb_cycle_detection.obj
 0004:00002f40       $pdata$sf_debug_cd_reset_pack_strings 000000018004bf40     sfc_debug:sfdb_cycle_detection.obj
 0004:00002f4c       $pdata$6$sf_debug_cd_reset_pack_strings 000000018004bf4c     sfc_debug:sfdb_cycle_detection.obj
 0004:00002f58       $pdata$7$sf_debug_cd_reset_pack_strings 000000018004bf58     sfc_debug:sfdb_cycle_detection.obj
 0004:00002f64       $pdata$sf_debug_cd_mark_processed_transition_in_instance 000000018004bf64     sfc_debug:sfdb_cycle_detection.obj
 0004:00002f70       $pdata$sf_debug_cd_checksum_push 000000018004bf70     sfc_debug:sfdb_cycle_detection.obj
 0004:00002f7c       $pdata$4$sf_debug_cd_checksum_push 000000018004bf7c     sfc_debug:sfdb_cycle_detection.obj
 0004:00002f88       $pdata$5$sf_debug_cd_checksum_push 000000018004bf88     sfc_debug:sfdb_cycle_detection.obj
 0004:00002f94       $pdata$sf_debug_cd_checksum_pop 000000018004bf94     sfc_debug:sfdb_cycle_detection.obj
 0004:00002fa0       $pdata$0$sf_debug_cd_checksum_pop 000000018004bfa0     sfc_debug:sfdb_cycle_detection.obj
 0004:00002fac       $pdata$1$sf_debug_cd_checksum_pop 000000018004bfac     sfc_debug:sfdb_cycle_detection.obj
 0004:00002fb8       $pdata$sf_debug_cd_turn_off_cycle_detection 000000018004bfb8     sfc_debug:sfdb_cycle_detection.obj
 0004:00002fc4       $pdata$0$sf_debug_cd_turn_off_cycle_detection 000000018004bfc4     sfc_debug:sfdb_cycle_detection.obj
 0004:00002fd0       $pdata$1$sf_debug_cd_turn_off_cycle_detection 000000018004bfd0     sfc_debug:sfdb_cycle_detection.obj
 0004:00002fdc       $pdata$sf_debug_cd_terminate 000000018004bfdc     sfc_debug:sfdb_cycle_detection.obj
 0004:00002fe8       $pdata$5$sf_debug_cd_terminate 000000018004bfe8     sfc_debug:sfdb_cycle_detection.obj
 0004:00002ff4       $pdata$6$sf_debug_cd_terminate 000000018004bff4     sfc_debug:sfdb_cycle_detection.obj
 0004:00003000       $pdata$MD5Transform        000000018004c000     sfc_debug:ckmd5.obj
 0004:0000300c       $pdata$md5file_addn        000000018004c00c     sfc_debug:ckmd5.obj
 0004:00003018       $pdata$md5file_hash        000000018004c018     sfc_debug:ckmd5.obj
 0004:00003024       $pdata$md5_get_hash        000000018004c024     sfc_debug:ckmd5.obj
 0004:00003030       $pdata$md5_get_hash_for_a_single_string 000000018004c030     sfc_debug:ckmd5.obj
 0004:0000303c       $pdata$__GSHandlerCheck    000000018004c03c     MSVCRT:gshandler.obj
 0004:00003048       $pdata$__GSHandlerCheckCommon 000000018004c048     MSVCRT:gshandler.obj
 0004:00003060       $pdata$__raise_securityfailure 000000018004c060     MSVCRT:gs_report.obj
 0004:0000306c       $pdata$__report_gsfailure  000000018004c06c     MSVCRT:gs_report.obj
 0004:00003078       $pdata$__report_rangecheckfailure 000000018004c078     MSVCRT:gs_report.obj
 0004:00003084       $pdata$__report_securityfailure 000000018004c084     MSVCRT:gs_report.obj
 0004:00003090       $pdata$__report_securityfailureEx 000000018004c090     MSVCRT:gs_report.obj
 0004:0000309c       $pdata$pre_c_init          000000018004c09c     MSVCRT:crtdll.obj
 0004:000030a8       $pdata$_CRT_INIT           000000018004c0a8     MSVCRT:crtdll.obj
 0004:000030b4       $pdata$_DllMainCRTStartup  000000018004c0b4     MSVCRT:crtdll.obj
 0004:000030c0       $pdata$__DllMainCRTStartup 000000018004c0c0     MSVCRT:crtdll.obj
 0004:000030d8       $pdata$_IsNonwritableInCurrentImage 000000018004c0d8     MSVCRT:pesect.obj
 0004:000030e4       $pdata$__atonexitinit      000000018004c0e4     MSVCRT:atonexit.obj
 0004:000030f0       $pdata$_onexit             000000018004c0f0     MSVCRT:atonexit.obj
 0004:000030fc       $pdata$atexit              000000018004c0fc     MSVCRT:atonexit.obj
 0004:00003108       $pdata$__security_init_cookie 000000018004c108     MSVCRT:gs_support.obj
 0004:00003114       $pdata$DllMain             000000018004c114     MSVCRT:dllmain.obj
 0004:00003120       $pdata$_RTC_Initialize     000000018004c120     MSVCRT:initsect.obj
 0004:0000312c       $pdata$_RTC_Terminate      000000018004c12c     MSVCRT:initsect.obj
 0004:00003138       $pdata$__DllMainCRTStartup$filt$0 000000018004c138     MSVCRT:crtdll.obj
 0004:00003144       $pdata$__DllMainCRTStartup$fin$1 000000018004c144     MSVCRT:crtdll.obj
 0004:00003150       $pdata$_IsNonwritableInCurrentImage$filt$0 000000018004c150     MSVCRT:pesect.obj
 0004:0000315c       $pdata$_onexit$fin$0       000000018004c15c     MSVCRT:atonexit.obj
