 BalanceMultiNew_sfun

 Timestamp is 52c7e3e7 (Sat Jan 04 17:35:19 2014)

 Preferred load address is 0000000180000000

 Start         Length     Name                   Class
 0001:00000000 0005a4a2H .text                   CODE
 0001:0005a4b0 0000007bH .text$x                 CODE
 0002:00000000 00000490H .idata$5                DATA
 0002:00000490 00000008H .CRT$XCA                DATA
 0002:00000498 00000008H .CRT$XCZ                DATA
 0002:000004a0 00000008H .CRT$XIA                DATA
 0002:000004a8 00000008H .CRT$XIAA               DATA
 0002:000004b0 00000008H .CRT$XIC                DATA
 0002:000004b8 00000008H .CRT$XIZ                DATA
 0002:000004c0 00004d50H .rdata                  DATA
 0002:00005210 00000008H .rtc$IAA                DATA
 0002:00005218 00000008H .rtc$IZZ                DATA
 0002:00005220 00000008H .rtc$TAA                DATA
 0002:00005228 00000008H .rtc$TZZ                DATA
 0002:00005230 00004b78H .xdata                  DATA
 0002:00009da8 000000a0H .idata$2                DATA
 0002:00009e48 00000014H .idata$3                DATA
 0002:00009e60 00000490H .idata$4                DATA
 0002:0000a2f0 00000ad0H .idata$6                DATA
 0002:0000adc0 0000005aH .edata                  DATA
 0003:00000000 00007ce4H .data                   DATA
 0003:00007d00 00002438H .bss                    DATA
 0004:00000000 00003f6cH .pdata                  DATA

  Address         Publics by Value              Rva+Base               Lib:Object

 0000:00000000       ___safe_se_handler_table   0000000000000000     <absolute>
 0000:00000000       ___safe_se_handler_count   0000000000000000     <absolute>
 0000:00000000       __ImageBase                0000000180000000     <linker-defined>
 0001:00000000       sf_c1_BalanceMultiNew_get_eml_resolved_functions_info 0000000180001000 f   c1_BalanceMultiNew.obj
 0001:000007f0       sf_c1_BalanceMultiNew_get_check_sum 00000001800017f0 f   c1_BalanceMultiNew.obj
 0001:000008c0       c1_BalanceMultiNew_method_dispatcher 00000001800018c0 f   c1_BalanceMultiNew.obj
 0001:00001ad0       sf_c1_BalanceMultiNew_get_autoinheritance_info 0000000180002ad0 f   c1_BalanceMultiNew.obj
 0001:00002030       sf_c1_BalanceMultiNew_third_party_uses_info 0000000180003030 f   c1_BalanceMultiNew.obj
 0001:00002bc0       sf_internal_get_sim_state_c1_BalanceMultiNew 0000000180003bc0 f   c1_BalanceMultiNew.obj
 0001:00002d10       sf_internal_set_sim_state_c1_BalanceMultiNew 0000000180003d10 f   c1_BalanceMultiNew.obj
 0001:000037b0       sf_c2_BalanceMultiNew_get_eml_resolved_functions_info 00000001800047b0 f   c2_BalanceMultiNew.obj
 0001:00003e20       sf_c2_BalanceMultiNew_get_check_sum 0000000180004e20 f   c2_BalanceMultiNew.obj
 0001:00003ef0       c2_BalanceMultiNew_method_dispatcher 0000000180004ef0 f   c2_BalanceMultiNew.obj
 0001:00004f30       sf_c2_BalanceMultiNew_get_autoinheritance_info 0000000180005f30 f   c2_BalanceMultiNew.obj
 0001:00005490       sf_c2_BalanceMultiNew_third_party_uses_info 0000000180006490 f   c2_BalanceMultiNew.obj
 0001:00006010       sf_internal_get_sim_state_c2_BalanceMultiNew 0000000180007010 f   c2_BalanceMultiNew.obj
 0001:00006160       sf_internal_set_sim_state_c2_BalanceMultiNew 0000000180007160 f   c2_BalanceMultiNew.obj
 0001:00006c40       sf_c3_BalanceMultiNew_get_eml_resolved_functions_info 0000000180007c40 f   c3_BalanceMultiNew.obj
 0001:00006cc0       sf_c3_BalanceMultiNew_get_check_sum 0000000180007cc0 f   c3_BalanceMultiNew.obj
 0001:00006d90       c3_BalanceMultiNew_method_dispatcher 0000000180007d90 f   c3_BalanceMultiNew.obj
 0001:00007e30       sf_c3_BalanceMultiNew_get_autoinheritance_info 0000000180008e30 f   c3_BalanceMultiNew.obj
 0001:00008250       sf_c3_BalanceMultiNew_third_party_uses_info 0000000180009250 f   c3_BalanceMultiNew.obj
 0001:00008d40       sf_internal_get_sim_state_c3_BalanceMultiNew 0000000180009d40 f   c3_BalanceMultiNew.obj
 0001:00008e90       sf_internal_set_sim_state_c3_BalanceMultiNew 0000000180009e90 f   c3_BalanceMultiNew.obj
 0001:00009930       sf_c4_BalanceMultiNew_get_eml_resolved_functions_info 000000018000a930 f   c4_BalanceMultiNew.obj
 0001:000099b0       sf_c4_BalanceMultiNew_get_check_sum 000000018000a9b0 f   c4_BalanceMultiNew.obj
 0001:00009a80       c4_BalanceMultiNew_method_dispatcher 000000018000aa80 f   c4_BalanceMultiNew.obj
 0001:0000ad90       sf_c4_BalanceMultiNew_get_autoinheritance_info 000000018000bd90 f   c4_BalanceMultiNew.obj
 0001:0000b5a0       sf_c4_BalanceMultiNew_third_party_uses_info 000000018000c5a0 f   c4_BalanceMultiNew.obj
 0001:0000c3f0       sf_internal_get_sim_state_c4_BalanceMultiNew 000000018000d3f0 f   c4_BalanceMultiNew.obj
 0001:0000c540       sf_internal_set_sim_state_c4_BalanceMultiNew 000000018000d540 f   c4_BalanceMultiNew.obj
 0001:0000d060       sf_c5_BalanceMultiNew_get_eml_resolved_functions_info 000000018000e060 f   c5_BalanceMultiNew.obj
 0001:0000d0e0       sf_c5_BalanceMultiNew_get_check_sum 000000018000e0e0 f   c5_BalanceMultiNew.obj
 0001:0000d1b0       c5_BalanceMultiNew_method_dispatcher 000000018000e1b0 f   c5_BalanceMultiNew.obj
 0001:0000e460       sf_c5_BalanceMultiNew_get_autoinheritance_info 000000018000f460 f   c5_BalanceMultiNew.obj
 0001:0000ec70       sf_c5_BalanceMultiNew_third_party_uses_info 000000018000fc70 f   c5_BalanceMultiNew.obj
 0001:0000fb20       sf_internal_get_sim_state_c5_BalanceMultiNew 0000000180010b20 f   c5_BalanceMultiNew.obj
 0001:0000fc70       sf_internal_set_sim_state_c5_BalanceMultiNew 0000000180010c70 f   c5_BalanceMultiNew.obj
 0001:000107d0       sf_c6_BalanceMultiNew_get_eml_resolved_functions_info 00000001800117d0 f   c6_BalanceMultiNew.obj
 0001:00010f00       sf_c6_BalanceMultiNew_get_check_sum 0000000180011f00 f   c6_BalanceMultiNew.obj
 0001:00010fd0       c6_BalanceMultiNew_method_dispatcher 0000000180011fd0 f   c6_BalanceMultiNew.obj
 0001:00012730       sf_c6_BalanceMultiNew_get_autoinheritance_info 0000000180013730 f   c6_BalanceMultiNew.obj
 0001:00012c90       sf_c6_BalanceMultiNew_third_party_uses_info 0000000180013c90 f   c6_BalanceMultiNew.obj
 0001:00013a00       sf_internal_get_sim_state_c6_BalanceMultiNew 0000000180014a00 f   c6_BalanceMultiNew.obj
 0001:00013b50       sf_internal_set_sim_state_c6_BalanceMultiNew 0000000180014b50 f   c6_BalanceMultiNew.obj
 0001:00014630       sf_c7_BalanceMultiNew_get_eml_resolved_functions_info 0000000180015630 f   c7_BalanceMultiNew.obj
 0001:000146b0       sf_c7_BalanceMultiNew_get_check_sum 00000001800156b0 f   c7_BalanceMultiNew.obj
 0001:00014780       c7_BalanceMultiNew_method_dispatcher 0000000180015780 f   c7_BalanceMultiNew.obj
 0001:00015a30       sf_c7_BalanceMultiNew_get_autoinheritance_info 0000000180016a30 f   c7_BalanceMultiNew.obj
 0001:00016240       sf_c7_BalanceMultiNew_third_party_uses_info 0000000180017240 f   c7_BalanceMultiNew.obj
 0001:000170f0       sf_internal_get_sim_state_c7_BalanceMultiNew 00000001800180f0 f   c7_BalanceMultiNew.obj
 0001:00017240       sf_internal_set_sim_state_c7_BalanceMultiNew 0000000180018240 f   c7_BalanceMultiNew.obj
 0001:00017da0       sf_c8_BalanceMultiNew_get_eml_resolved_functions_info 0000000180018da0 f   c8_BalanceMultiNew.obj
 0001:00018410       sf_c8_BalanceMultiNew_get_check_sum 0000000180019410 f   c8_BalanceMultiNew.obj
 0001:000184e0       c8_BalanceMultiNew_method_dispatcher 00000001800194e0 f   c8_BalanceMultiNew.obj
 0001:00019520       sf_c8_BalanceMultiNew_get_autoinheritance_info 000000018001a520 f   c8_BalanceMultiNew.obj
 0001:00019a80       sf_c8_BalanceMultiNew_third_party_uses_info 000000018001aa80 f   c8_BalanceMultiNew.obj
 0001:0001a600       sf_internal_get_sim_state_c8_BalanceMultiNew 000000018001b600 f   c8_BalanceMultiNew.obj
 0001:0001a750       sf_internal_set_sim_state_c8_BalanceMultiNew 000000018001b750 f   c8_BalanceMultiNew.obj
 0001:0001b230       sf_c9_BalanceMultiNew_get_eml_resolved_functions_info 000000018001c230 f   c9_BalanceMultiNew.obj
 0001:0001b660       sf_c9_BalanceMultiNew_get_check_sum 000000018001c660 f   c9_BalanceMultiNew.obj
 0001:0001b730       c9_BalanceMultiNew_method_dispatcher 000000018001c730 f   c9_BalanceMultiNew.obj
 0001:0001d590       sf_c9_BalanceMultiNew_get_autoinheritance_info 000000018001e590 f   c9_BalanceMultiNew.obj
 0001:0001daf0       sf_c9_BalanceMultiNew_third_party_uses_info 000000018001eaf0 f   c9_BalanceMultiNew.obj
 0001:0001e620       sf_internal_get_sim_state_c9_BalanceMultiNew 000000018001f620 f   c9_BalanceMultiNew.obj
 0001:0001e770       sf_internal_set_sim_state_c9_BalanceMultiNew 000000018001f770 f   c9_BalanceMultiNew.obj
 0001:0001f210       sf_c10_BalanceMultiNew_get_eml_resolved_functions_info 0000000180020210 f   c10_BalanceMultiNew.obj
 0001:0001f640       sf_c10_BalanceMultiNew_get_check_sum 0000000180020640 f   c10_BalanceMultiNew.obj
 0001:0001f710       c10_BalanceMultiNew_method_dispatcher 0000000180020710 f   c10_BalanceMultiNew.obj
 0001:00021550       sf_c10_BalanceMultiNew_get_autoinheritance_info 0000000180022550 f   c10_BalanceMultiNew.obj
 0001:00021ab0       sf_c10_BalanceMultiNew_third_party_uses_info 0000000180022ab0 f   c10_BalanceMultiNew.obj
 0001:000225e0       sf_internal_get_sim_state_c10_BalanceMultiNew 00000001800235e0 f   c10_BalanceMultiNew.obj
 0001:00022730       sf_internal_set_sim_state_c10_BalanceMultiNew 0000000180023730 f   c10_BalanceMultiNew.obj
 0001:000231d0       sf_c11_BalanceMultiNew_get_eml_resolved_functions_info 00000001800241d0 f   c11_BalanceMultiNew.obj
 0001:00023c00       sf_c11_BalanceMultiNew_get_check_sum 0000000180024c00 f   c11_BalanceMultiNew.obj
 0001:00023cd0       c11_BalanceMultiNew_method_dispatcher 0000000180024cd0 f   c11_BalanceMultiNew.obj
 0001:00024e60       sf_c11_BalanceMultiNew_get_autoinheritance_info 0000000180025e60 f   c11_BalanceMultiNew.obj
 0001:00025670       sf_c11_BalanceMultiNew_third_party_uses_info 0000000180026670 f   c11_BalanceMultiNew.obj
 0001:00026450       sf_internal_get_sim_state_c11_BalanceMultiNew 0000000180027450 f   c11_BalanceMultiNew.obj
 0001:000265a0       sf_internal_set_sim_state_c11_BalanceMultiNew 00000001800275a0 f   c11_BalanceMultiNew.obj
 0001:00027100       mexFunction                0000000180028100 f   BalanceMultiNew_sfun_registry.obj
 0001:000282a0       _ssSetInputPortDirectFeedThroughFcn 00000001800292a0 f   BalanceMultiNew_sfun_registry.obj
 0001:00028400       _ssGetInputPortSignalPtrsFcn 0000000180029400 f   BalanceMultiNew_sfun_registry.obj
 0001:00028620       _ssGetInputPortSignalFcn   0000000180029620 f   BalanceMultiNew_sfun_registry.obj
 0001:00028840       _ssSetInputPortReusableFcn 0000000180029840 f   BalanceMultiNew_sfun_registry.obj
 0001:00028920       _ssSetOutputPortReusableFcn 0000000180029920 f   BalanceMultiNew_sfun_registry.obj
 0001:00028a00       ssGetIsZeroCrossControlDisabled 0000000180029a00 f   BalanceMultiNew_sfun_registry.obj
 0001:00028a70       ssSetIsInputPortUsedForContZcSignal 0000000180029a70 f   BalanceMultiNew_sfun_registry.obj
 0001:00028ae0       ssSetZcSignalIsZcElementDisc 0000000180029ae0 f   BalanceMultiNew_sfun_registry.obj
 0001:00028b90       ssSetZcSignalName          0000000180029b90 f   BalanceMultiNew_sfun_registry.obj
 0001:00028c00       ssSetZcSignalWidth         0000000180029c00 f   BalanceMultiNew_sfun_registry.obj
 0001:00028c70       ssSetZcSignalZcEventType   0000000180029c70 f   BalanceMultiNew_sfun_registry.obj
 0001:00028ce0       ssSetZcSignalType          0000000180029ce0 f   BalanceMultiNew_sfun_registry.obj
 0001:00028d50       ssSetZcSignalZcTol         0000000180029d50 f   BalanceMultiNew_sfun_registry.obj
 0001:00028dc0       ssSetZcSignalNeedsEventNotification 0000000180029dc0 f   BalanceMultiNew_sfun_registry.obj
 0001:00028e30       ssCreateAndAddZcSignalInfo 0000000180029e30 f   BalanceMultiNew_sfun_registry.obj
 0001:00028ea0       ssCloneAndAddZcSignalInfo  0000000180029ea0 f   BalanceMultiNew_sfun_registry.obj
 0001:00028f10       ssGetNumZcSignals          0000000180029f10 f   BalanceMultiNew_sfun_registry.obj
 0001:00028f80       ssGetZcSignalVector        0000000180029f80 f   BalanceMultiNew_sfun_registry.obj
 0001:00028ff0       ssGetZcSignalName          0000000180029ff0 f   BalanceMultiNew_sfun_registry.obj
 0001:00029060       ssGetZcSignalWidth         000000018002a060 f   BalanceMultiNew_sfun_registry.obj
 0001:000290d0       ssGetZcSignalZcEventType   000000018002a0d0 f   BalanceMultiNew_sfun_registry.obj
 0001:00029140       ssGetZcSignalZcEvents      000000018002a140 f   BalanceMultiNew_sfun_registry.obj
 0001:000291b0       ssGetZcSignalType          000000018002a1b0 f   BalanceMultiNew_sfun_registry.obj
 0001:00029220       ssGetZcSignalZcTol         000000018002a220 f   BalanceMultiNew_sfun_registry.obj
 0001:000292a0       ssGetZcSignalNeedsEventNotification 000000018002a2a0 f   BalanceMultiNew_sfun_registry.obj
 0001:00029310       ssGetZcSignalIsZcElementDisc 000000018002a310 f   BalanceMultiNew_sfun_registry.obj
 0001:000293b0       ssGetIsInputPortElementContinuous 000000018002a3b0 f   BalanceMultiNew_sfun_registry.obj
 0001:00029450       ssGetDTypeIdFromMxArray    000000018002a450 f   BalanceMultiNew_sfun_registry.obj
 0001:00029570       ssWriteRTWStr              000000018002a570 f   BalanceMultiNew_sfun_registry.obj
 0001:000295d0       ssWriteRTWNameValuePair    000000018002a5d0 f   BalanceMultiNew_sfun_registry.obj
 0001:00029ad0       ssWriteRTWParamSettings    000000018002aad0 f   BalanceMultiNew_sfun_registry.obj
 0001:0002a1c0       ssWriteRTWParameters       000000018002b1c0 f   BalanceMultiNew_sfun_registry.obj
 0001:0002a790       ssWriteRTWWorkVect         000000018002b790 f   BalanceMultiNew_sfun_registry.obj
 0001:0002ac80       ssWriteRTWMxVectParam      000000018002bc80 f   BalanceMultiNew_sfun_registry.obj
 0001:0002ad00       ssWriteRTWMx2dMatParam     000000018002bd00 f   BalanceMultiNew_sfun_registry.obj
 0001:0002ad90       _ssSetInputPortMatrixDimensions 000000018002bd90 f   BalanceMultiNew_sfun_registry.obj
 0001:0002ae90       _ssSetOutputPortMatrixDimensions 000000018002be90 f   BalanceMultiNew_sfun_registry.obj
 0001:0002af90       _ssSetInputPortVectorDimension 000000018002bf90 f   BalanceMultiNew_sfun_registry.obj
 0001:0002b040       _ssSetOutputPortVectorDimension 000000018002c040 f   BalanceMultiNew_sfun_registry.obj
 0001:0002b0f0       ssIsRunTimeParamTunable    000000018002c0f0 f   BalanceMultiNew_sfun_registry.obj
 0001:0002b160       ssGetSFuncBlockHandle      000000018002c160 f   BalanceMultiNew_sfun_registry.obj
 0001:0002b1d0       _ssGetCurrentInputPortWidth 000000018002c1d0 f   BalanceMultiNew_sfun_registry.obj
 0001:0002b2f0       _ssGetCurrentOutputPortWidth 000000018002c2f0 f   BalanceMultiNew_sfun_registry.obj
 0001:0002b410       _ssGetCallSystemNumFcnCallDestinations 000000018002c410 f   BalanceMultiNew_sfun_registry.obj
 0001:0002b480       ssWarning                  000000018002c480 f   BalanceMultiNew_sfun_registry.obj
 0001:0002b570       _ssGetAbsTol               000000018002c570 f   BalanceMultiNew_sfun_registry.obj
 0001:0002b5e0       _ssSetStateAbsTol          000000018002c5e0 f   BalanceMultiNew_sfun_registry.obj
 0001:0002b6c0       sf_process_check_sum_call  000000018002c6c0 f   BalanceMultiNew_sfun_registry.obj
 0001:0002b710       sf_process_autoinheritance_call 000000018002c710 f   BalanceMultiNew_sfun_registry.obj
 0001:0002b940       sf_process_get_third_party_uses_info_call 000000018002c940 f   BalanceMultiNew_sfun_registry.obj
 0001:0002bb70       sf_process_get_eml_resolved_functions_info_call 000000018002cb70 f   BalanceMultiNew_sfun_registry.obj
 0001:0002bd70       sf_mex_unlock_call         000000018002cd70 f   BalanceMultiNew_sfun_registry.obj
 0001:0002bfc0       sf_machine_global_initializer_called 000000018002cfc0 f   BalanceMultiNew_sfun_registry.obj
 0001:0002bff0       sf_machine_global_method_dispatcher 000000018002cff0 f   BalanceMultiNew_sfun_registry.obj
 0001:0002c050       sf_machine_global_terminator 000000018002d050 f   BalanceMultiNew_sfun_registry.obj
 0001:0002c0a0       sf_register_machine_exported_symbols 000000018002d0a0 f   BalanceMultiNew_sfun_registry.obj
 0001:0002c0c0       callCustomFcn              000000018002d0c0 f   BalanceMultiNew_sfun_registry.obj
 0001:0002c0d0       sf_machine_global_initializer 000000018002d0d0 f   BalanceMultiNew_sfun_registry.obj
 0001:0002c150       ProcessMexSfunctionEveryCall 000000018002d150 f   BalanceMultiNew_sfun_registry.obj
 0001:0002cdc0       BalanceMultiNew_initializer 000000018002ddc0 f   BalanceMultiNew_sfun.obj
 0001:0002cdd0       BalanceMultiNew_terminator 000000018002ddd0 f   BalanceMultiNew_sfun.obj
 0001:0002cde0       load_BalanceMultiNew_optimization_info 000000018002dde0 f   BalanceMultiNew_sfun.obj
 0001:0002ce30       unload_BalanceMultiNew_optimization_info 000000018002de30 f   BalanceMultiNew_sfun.obj
 0001:0002ce60       sf_BalanceMultiNew_method_dispatcher 000000018002de60 f   BalanceMultiNew_sfun.obj
 0001:0002d010       sf_BalanceMultiNew_process_check_sum_call 000000018002e010 f   BalanceMultiNew_sfun.obj
 0001:0002d780       sf_BalanceMultiNew_autoinheritance_info 000000018002e780 f   BalanceMultiNew_sfun.obj
 0001:0002dd40       sf_BalanceMultiNew_get_eml_resolved_functions_info 000000018002ed40 f   BalanceMultiNew_sfun.obj
 0001:0002e150       sf_BalanceMultiNew_third_party_uses_info 000000018002f150 f   BalanceMultiNew_sfun.obj
 0001:0002e570       BalanceMultiNew_debug_initialize 000000018002f570 f   BalanceMultiNew_sfun.obj
 0001:0002e5f0       BalanceMultiNew_register_exported_symbols 000000018002f5f0 f   BalanceMultiNew_sfun.obj
 0001:0002e600       sf_send_message_wrapper    000000018002f600 f   sfc_mex:sfc_sf.obj
 0001:0002e630       sf_receive_message_wrapper 000000018002f630 f   sfc_mex:sfc_sf.obj
 0001:0002e670       sf_check_out_message_wrapper 000000018002f670 f   sfc_mex:sfc_sf.obj
 0001:0002e6b0       sf_check_in_message_wrapper 000000018002f6b0 f   sfc_mex:sfc_sf.obj
 0001:0002e6f0       sf_no_message_wrapper      000000018002f6f0 f   sfc_mex:sfc_sf.obj
 0001:0002ea80       sim_mode_is_rtw_gen        000000018002fa80 f   sfc_mex:sfc_sf.obj
 0001:0002eab0       sim_mode_is_external       000000018002fab0 f   sfc_mex:sfc_sf.obj
 0001:0002eac0       sim_mode_is_modelref_sim   000000018002fac0 f   sfc_mex:sfc_sf.obj
 0001:0002eae0       mdlInitializeSizes         000000018002fae0 f   sfc_mex:sfc_sf.obj
 0001:0002eb00       mdlInitializeSampleTimes   000000018002fb00 f   sfc_mex:sfc_sf.obj
 0001:0002eb40       mdlZeroCrossings           000000018002fb40 f   sfc_mex:sfc_sf.obj
 0001:0002ec30       mdlDerivatives             000000018002fc30 f   sfc_mex:sfc_sf.obj
 0001:0002ecf0       mdl_initialize_conditions_processing 000000018002fcf0 f   sfc_mex:sfc_sf.obj
 0001:0002ed20       mdlInitializeConditions    000000018002fd20 f   sfc_mex:sfc_sf.obj
 0001:0002ede0       mdlGetSimState             000000018002fde0 f   sfc_mex:sfc_sf.obj
 0001:0002edf0       mdlSetSimState             000000018002fdf0 f   sfc_mex:sfc_sf.obj
 0001:0002ee00       mdl_ext_mode_exec_processing 000000018002fe00 f   sfc_mex:sfc_sf.obj
 0001:0002ee20       mdlExtModeExec             000000018002fe20 f   sfc_mex:sfc_sf.obj
 0001:0002efc0       mdlTerminate               000000018002ffc0 f   sfc_mex:sfc_sf.obj
 0001:0002f030       mdlRTW                     0000000180030030 f   sfc_mex:sfc_sf.obj
 0001:0002f060       mdlSetWorkWidths           0000000180030060 f   sfc_mex:sfc_sf.obj
 0001:0002f070       mdlProcessParameters       0000000180030070 f   sfc_mex:sfc_sf.obj
 0001:0002f080       mdl_start_processing       0000000180030080 f   sfc_mex:sfc_sf.obj
 0001:0002f0e0       mdlStart                   00000001800300e0 f   sfc_mex:sfc_sf.obj
 0001:0002f1f0       mdlEnable                  00000001800301f0 f   sfc_mex:sfc_sf.obj
 0001:0002f2d0       mdlDisable                 00000001800302d0 f   sfc_mex:sfc_sf.obj
 0001:0002f390       sf_get_chart_instance_ptr  0000000180030390 f   sfc_mex:sfc_sf.obj
 0001:0002f3b0       sf_load_rtw_optimization_info 00000001800303b0 f   sfc_mex:sfc_sf.obj
 0001:0002f480       sf_update_buildInfo        0000000180030480 f   sfc_mex:sfc_sf.obj
 0001:0002f580       sf_rtw_info_uint_prop      0000000180030580 f   sfc_mex:sfc_sf.obj
 0001:0002f6c0       sf_is_chart_inlinable      00000001800306c0 f   sfc_mex:sfc_sf.obj
 0001:0002f6e0       sf_mark_output_events_with_multiple_callers 00000001800306e0 f   sfc_mex:sfc_sf.obj
 0001:0002f870       sf_mark_chart_reusable_outputs 0000000180030870 f   sfc_mex:sfc_sf.obj
 0001:0002fad0       sf_mark_chart_expressionable_inputs 0000000180030ad0 f   sfc_mex:sfc_sf.obj
 0001:0002fd30       sf_get_subchart_simstruct  0000000180030d30 f   sfc_mex:sfc_sf.obj
 0001:0002fd80       sf_get_fixpt_data_type_id  0000000180030d80 f   sfc_mex:sfc_sf.obj
 0001:0002fdc0       sf_get_enum_data_type_id   0000000180030dc0 f   sfc_mex:sfc_sf.obj
 0001:0002fe00       sf_get_param_data_type_id  0000000180030e00 f   sfc_mex:sfc_sf.obj
 0001:0002fe30       sf_mex_listen_for_ctrl_c_force 0000000180030e30 f   sfc_mex:sfc_sf.obj
 0001:0002ff40       sf_mex_draw_now            0000000180030f40 f   sfc_mex:sfc_sf.obj
 0001:0002ff80       sf_mex_set_debugger_sim_status_listener_fcn 0000000180030f80 f   sfc_mex:sfc_sf.obj
 0001:0002ff90       sf_mex_listen_for_ctrl_c   0000000180030f90 f   sfc_mex:sfc_sf.obj
 0001:00030030       sf_mex_get_sfun_param      0000000180031030 f   sfc_mex:sfc_sf.obj
 0001:00030080       sf_get_runtime_param_data  0000000180031080 f   sfc_mex:sfc_sf.obj
 0001:000300c0       sf_call_output_fcn_call    00000001800310c0 f   sfc_mex:sfc_sf.obj
 0001:00030200       sf_call_output_fcn_enable  0000000180031200 f   sfc_mex:sfc_sf.obj
 0001:00030290       sf_call_output_fcn_disable 0000000180031290 f   sfc_mex:sfc_sf.obj
 0001:00030320       sf_clear_rtw_identifier    0000000180031320 f   sfc_mex:sfc_sf.obj
 0001:00030b40       sf_set_encoded_dwork_info  0000000180031b40 f   sfc_mex:sfc_sf.obj
 0001:00030b90       sf_get_dwork_info_from_mat_file 0000000180031b90 f   sfc_mex:sfc_sf.obj
 0001:00030d50       sf_set_rtw_dwork_info      0000000180031d50 f   sfc_mex:sfc_sf.obj
 0001:00030ec0       mdlOutputs                 0000000180031ec0 f   sfc_mex:sfc_sf.obj
 0001:000310b0       sf_mex_mx_is_numeric       00000001800320b0 f   sfc_mex:sfc_mex.obj
 0001:000310f0       strcmp_ignore_ws           00000001800320f0 f   sfc_mex:sfc_mex.obj
 0001:00031230       sf_mex_duplicatearraysafe  0000000180032230 f   sfc_mex:sfc_mex.obj
 0001:00031390       sf_set_error_debugger_context_message_fcn 0000000180032390 f   sfc_mex:sfc_mex.obj
 0001:000313a0       sf_set_debugger_matlab_error_fcn 00000001800323a0 f   sfc_mex:sfc_mex.obj
 0001:000313e0       sf_set_error_prefix_string 00000001800323e0 f   sfc_mex:sfc_mex.obj
 0001:00031410       sf_get_error_prefix_string 0000000180032410 f   sfc_mex:sfc_mex.obj
 0001:00031420       sf_mex_enter_parallel_region 0000000180032420 f   sfc_mex:sfc_mex.obj
 0001:00031430       sf_mex_exit_parallel_region 0000000180032430 f   sfc_mex:sfc_mex.obj
 0001:00031440       sf_get_current_jmp_buf_ptr 0000000180032440 f   sfc_mex:sfc_mex.obj
 0001:00031450       sf_set_current_jmp_buf_ptr 0000000180032450 f   sfc_mex:sfc_mex.obj
 0001:00031460       sf_mex_set_halt_simulation 0000000180032460 f   sfc_mex:sfc_mex.obj
 0001:00031470       sf_mex_get_halt_simulation 0000000180032470 f   sfc_mex:sfc_mex.obj
 0001:00031480       sf_mex_clear_error_message 0000000180032480 f   sfc_mex:sfc_mex.obj
 0001:000314a0       sf_mex_get_error_message_for_read 00000001800324a0 f   sfc_mex:sfc_mex.obj
 0001:000314b0       sf_mex_get_error_message_buffer_length 00000001800324b0 f   sfc_mex:sfc_mex.obj
 0001:00031590       sf_mex_warning_message     0000000180032590 f   sfc_mex:sfc_mex.obj
 0001:00031600       sf_mex_v_errbuf_createf    0000000180032600 f   sfc_mex:sfc_mex.obj
 0001:00031610       sf_mex_errbuf_createf      0000000180032610 f   sfc_mex:sfc_mex.obj
 0001:00031640       sf_mex_v_errbuf_catf       0000000180032640 f   sfc_mex:sfc_mex.obj
 0001:00031680       sf_mex_errbuf_catf         0000000180032680 f   sfc_mex:sfc_mex.obj
 0001:000316d0       sf_mex_errbuf_copy         00000001800326d0 f   sfc_mex:sfc_mex.obj
 0001:000316e0       sf_mex_errbuf_clear        00000001800326e0 f   sfc_mex:sfc_mex.obj
 0001:000316f0       sf_mex_errbuf_isempty      00000001800326f0 f   sfc_mex:sfc_mex.obj
 0001:000317f0       sf_mex_set_error_status    00000001800327f0 f   sfc_mex:sfc_mex.obj
 0001:00031840       sf_mex_error_direct_call   0000000180032840 f   sfc_mex:sfc_mex.obj
 0001:00031860       sf_mex_error_message_no_long_jump 0000000180032860 f   sfc_mex:sfc_mex.obj
 0001:00031880       sf_mex_long_jump_on_error  0000000180032880 f   sfc_mex:sfc_mex.obj
 0001:000318b0       sf_mex_call_matlab         00000001800328b0 f   sfc_mex:sfc_mex.obj
 0001:000319d0       sf_mex_check_builtin       00000001800329d0 f   sfc_mex:sfc_mex.obj
 0001:00031a70       sf_mex_check_builtin_vs    0000000180032a70 f   sfc_mex:sfc_mex.obj
 0001:00031b30       sf_mex_check_enum          0000000180032b30 f   sfc_mex:sfc_mex.obj
 0001:00031bb0       sf_mex_create_enum         0000000180032bb0 f   sfc_mex:sfc_mex.obj
 0001:00031c20       sf_mex_get_enum_element    0000000180032c20 f   sfc_mex:sfc_mex.obj
 0001:00031c30       sf_mex_createcellarray     0000000180032c30 f   sfc_mex:sfc_mex.obj
 0001:00031c40       sf_mex_setcell             0000000180032c40 f   sfc_mex:sfc_mex.obj
 0001:00031c50       sf_mex_getcell             0000000180032c50 f   sfc_mex:sfc_mex.obj
 0001:00031c60       sf_mex_dup                 0000000180032c60 f   sfc_mex:sfc_mex.obj
 0001:00031c80       sf_mex_assign              0000000180032c80 f   sfc_mex:sfc_mex.obj
 0001:00031d00       sf_mex_destroy             0000000180032d00 f   sfc_mex:sfc_mex.obj
 0001:00031d30       mx_array_has_fi_type       0000000180032d30 f   sfc_mex:sfc_mex.obj
 0001:00031d60       sf_mex_convert_from_fi     0000000180032d60 f   sfc_mex:sfc_mex.obj
 0001:00031e90       sf_mex_convert_to_double   0000000180032e90 f   sfc_mex:sfc_mex.obj
 0001:00031fb0       sf_mex_import_fi_vs        0000000180032fb0 f   sfc_mex:sfc_mex.obj
 0001:000321e0       sf_matrix_matrix_index_ok  00000001800331e0 f   sfc_mex:sfc_mex.obj
 0001:00032270       sf_vector_vector_index_ok  0000000180033270 f   sfc_mex:sfc_mex.obj
 0001:000322a0       ssGetCurrentInputPortDimensions_wrapper 00000001800332a0 f   sfc_mex:sfc_mex.obj
 0001:000322c0       ssGetCurrentOutputPortDimensions_wrapper 00000001800332c0 f   sfc_mex:sfc_mex.obj
 0001:000322e0       sf_mex_emlrt_context_is_debug_mode 00000001800332e0 f   sfc_mex:sfc_mex.obj
 0001:000322f0       sf_mex_emlrt_context_set_debug_mode 00000001800332f0 f   sfc_mex:sfc_mex.obj
 0001:00032300       sf_mex_emlrtNameCapturePostProcessR2012a 0000000180033300 f   sfc_mex:sfc_mex.obj
 0001:00032370       sf_clear_error_manager_info 0000000180033370 f   sfc_mex:sfc_mex.obj
 0001:000323d0       sf_mex_stop_simulation_abruptly_wo_error 00000001800333d0 f   sfc_mex:sfc_mex.obj
 0001:00032410       sf_mex_error_message       0000000180033410 f   sfc_mex:sfc_mex.obj
 0001:00032480       sf_react_to_error_in_matlab_call 0000000180033480 f   sfc_mex:sfc_mex.obj
 0001:000324b0       sf_mex_addfield            00000001800334b0 f   sfc_mex:sfc_mex.obj
 0001:00032550       sf_mex_getfield            0000000180033550 f   sfc_mex:sfc_mex.obj
 0001:00032850       sf_mex_check_class         0000000180033850 f   sfc_mex:sfc_mex.obj
 0001:000328f0       sf_mex_is_real             00000001800338f0 f   sfc_mex:sfc_mex.obj
 0001:00032d60       sf_mex_decode_encoded_mx_struct_array 0000000180033d60 f   sfc_mex:sfc_mex.obj
 0001:00033050       sf_mex_lw_bounds_check     0000000180034050 f   sfc_mex:sfc_mex.obj
 0001:00033080       sf_mex_lw_size_eq_check_1d 0000000180034080 f   sfc_mex:sfc_mex.obj
 0001:000330a0       sf_mex_lw_size_eq_check_nd 00000001800340a0 f   sfc_mex:sfc_mex.obj
 0001:00033280       sf_mex_lw_dim_size_eq_check 0000000180034280 f   sfc_mex:sfc_mex.obj
 0001:000332b0       sf_mex_lw_dim_size_geq_check 00000001800342b0 f   sfc_mex:sfc_mex.obj
 0001:000332e0       sf_mex_lw_sub_assign_size_check_nd 00000001800342e0 f   sfc_mex:sfc_mex.obj
 0001:000334b0       sf_mex_lw_runtime_error_msgid 00000001800344b0 f   sfc_mex:sfc_mex.obj
 0001:000335a0       sf_mex_lw_matrix_matrix_index_check 00000001800345a0 f   sfc_mex:sfc_mex.obj
 0001:000335c0       sf_mex_lw_vector_vector_index_check 00000001800345c0 f   sfc_mex:sfc_mex.obj
 0001:00033600       sf_mex_lw_for_loop_vector_check 0000000180034600 f   sfc_mex:sfc_mex.obj
 0001:00033690       sf_mex_lw_non_negative_check 0000000180034690 f   sfc_mex:sfc_mex.obj
 0001:000336d0       sf_mex_overflow_error      00000001800346d0 f   sfc_mex:sfc_mex.obj
 0001:000336e0       sf_mex_dividebyzero_error  00000001800346e0 f   sfc_mex:sfc_mex.obj
 0001:000336f0       sf_mex_unsafe_enum_error   00000001800346f0 f   sfc_mex:sfc_mex.obj
 0001:00033700       sf_emlrtErrHandler         0000000180034700 f   sfc_mex:sfc_mex.obj
 0001:000337e0       sf_mex_size_one_check      00000001800347e0 f   sfc_mex:sfc_mex.obj
 0001:00033800       sf_mex_printf              0000000180034800 f   sfc_mex:sfc_mex.obj
 0001:000339d0       sf_mex_check_size          00000001800349d0 f   sfc_mex:sfc_mex.obj
 0001:00033c70       sf_mex_check_struct        0000000180034c70 f   sfc_mex:sfc_mex.obj
 0001:00033ed0       sf_mex_check_struct_vs     0000000180034ed0 f   sfc_mex:sfc_mex.obj
 0001:00033f60       sf_mex_check_fi            0000000180034f60 f   sfc_mex:sfc_mex.obj
 0001:00034060       sf_mex_check_fi_vs         0000000180035060 f   sfc_mex:sfc_mex.obj
 0001:00034100       sf_echo_expression         0000000180035100 f   sfc_mex:sfc_mex.obj
 0001:00034160       sf_assertion_failed        0000000180035160 f   sfc_mex:sfc_mex.obj
 0001:00034440       sf_mex_evalin              0000000180035440 f   sfc_mex:sfc_mex.obj
 0001:000346b0       sf_mex_export              00000001800356b0 f   sfc_mex:sfc_mex.obj
 0001:00034770       sf_mex_get_ml_var_no_error 0000000180035770 f   sfc_mex:sfc_mex.obj
 0001:00034910       sf_mex_get_ml_var          0000000180035910 f   sfc_mex:sfc_mex.obj
 0001:00034da0       ml_set_element_value_in_array 0000000180035da0 f   sfc_mex:sfc_mex.obj
 0001:00035e60       sf_mex_call_impl           0000000180036e60 f   sfc_mex:sfc_mex.obj
 0001:00036280       sf_mex_call_debug          0000000180037280 f   sfc_mex:sfc_mex.obj
 0001:000362b0       sf_mex_call                00000001800372b0 f   sfc_mex:sfc_mex.obj
 0001:00036900       sf_mex_createstruct        0000000180037900 f   sfc_mex:sfc_mex.obj
 0001:00036a10       sf_mex_createstructarray   0000000180037a10 f   sfc_mex:sfc_mex.obj
 0001:00036a90       sf_mex_get_mx_datatype_from_sf_datatype 0000000180037a90 f   sfc_mex:sfc_mex.obj
 0001:00036da0       sf_mex_ml_var_sub          0000000180037da0 f   sfc_mex:sfc_mex.obj
 0001:00036f80       sf_mex_ml_var_subsasgn     0000000180037f80 f   sfc_mex:sfc_mex.obj
 0001:00037380       sf_mex_sub                 0000000180038380 f   sfc_mex:sfc_mex.obj
 0001:00037590       sf_mex_subsasgn            0000000180038590 f   sfc_mex:sfc_mex.obj
 0001:00037aa0       sf_mex_create              0000000180038aa0 f   sfc_mex:sfc_mex.obj
 0001:00038440       sf_mex_import_named        0000000180039440 f   sfc_mex:sfc_mex.obj
 0001:000384a0       sf_mex_import              00000001800394a0 f   sfc_mex:sfc_mex.obj
 0001:000384f0       sf_mex_import_vs           00000001800394f0 f   sfc_mex:sfc_mex.obj
 0001:00038600       sf_mex_lower_fixpt_mx_array 0000000180039600 f   sfc_mex:sfc_mex.obj
 0001:00038920       sf_debug_chart_instance_initialized_quick 0000000180039920 f   sfc_debug:sfcdebug.obj
 0001:000389a0       sf_debug_disp              00000001800399a0 f   sfc_debug:sfcdebug.obj
 0001:00038c70       sf_debug_data_runtime_size_mismatch_error_check 0000000180039c70 f   sfc_debug:sfcdebug.obj
 0001:00038d20       sf_debug_try_loading_machine 0000000180039d20 f   sfc_debug:sfcdebug.obj
 0001:00038e20       sf_debug_reset_current_state_configuration 0000000180039e20 f   sfc_debug:sfcdebug.obj
 0001:00038ea0       sf_debug_store_current_state_configuration 0000000180039ea0 f   sfc_debug:sfcdebug.obj
 0001:00038f20       sf_debug_restore_previous_state_configuration 0000000180039f20 f   sfc_debug:sfcdebug.obj
 0001:00038fa0       sf_debug_restore_previous_state_configuration2 0000000180039fa0 f   sfc_debug:sfcdebug.obj
 0001:00039020       sf_debug_get_event_scope   000000018003a020 f   sfc_debug:sfcdebug.obj
 0001:00039190       use_debugger_step_animation 000000018003a190 f   sfc_debug:sfcdebug.obj
 0001:000391b0       sf_debug_get_script_id     000000018003a1b0 f   sfc_debug:sfcdebug.obj
 0001:00039240       sf_debug_set_script_translation 000000018003a240 f   sfc_debug:sfcdebug.obj
 0001:000393c0       sf_debug_extract_message_post_receive_info 000000018003a3c0 f   sfc_debug:sfcdebug.obj
 0001:00039580       sf_debug_get_current_machine_id 000000018003a580 f   sfc_debug:sfcdebug.obj
 0001:000395a0       sf_debug_get_current_optional_integer 000000018003a5a0 f   sfc_debug:sfcdebug.obj
 0001:000395b0       sf_debug_get_current_machine_number 000000018003a5b0 f   sfc_debug:sfcdebug.obj
 0001:000395d0       sf_debug_get_current_machine_name 000000018003a5d0 f   sfc_debug:sfcdebug.obj
 0001:000395f0       sf_debug_get_current_chart_id 000000018003a5f0 f   sfc_debug:sfcdebug.obj
 0001:00039630       sf_debug_get_current_chart_number 000000018003a630 f   sfc_debug:sfcdebug.obj
 0001:00039640       sf_debug_get_current_instance_number 000000018003a640 f   sfc_debug:sfcdebug.obj
 0001:00039650       sf_debug_get_current_is_minor_time_step 000000018003a650 f   sfc_debug:sfcdebug.obj
 0001:000396d0       sf_debug_get_current_object_type 000000018003a6d0 f   sfc_debug:sfcdebug.obj
 0001:000396e0       sf_debug_get_current_instance_handle 000000018003a6e0 f   sfc_debug:sfcdebug.obj
 0001:00039740       sf_debug_get_current_event_type 000000018003a740 f   sfc_debug:sfcdebug.obj
 0001:00039750       sf_debug_get_current_object_id 000000018003a750 f   sfc_debug:sfcdebug.obj
 0001:00039790       sf_debug_get_current_active_event_type 000000018003a790 f   sfc_debug:sfcdebug.obj
 0001:000397a0       sf_debug_get_current_active_event_id 000000018003a7a0 f   sfc_debug:sfcdebug.obj
 0001:000397e0       sf_debug_get_current_tag_type 000000018003a7e0 f   sfc_debug:sfcdebug.obj
 0001:000397f0       sf_debug_get_current_simulation_time 000000018003a7f0 f   sfc_debug:sfcdebug.obj
 0001:00039800       sf_debug_get_current_coverage_percentage 000000018003a800 f   sfc_debug:sfcdebug.obj
 0001:00039810       sf_debug_current_statement_context 000000018003a810 f   sfc_debug:sfcdebug.obj
 0001:00039890       sf_debug_get_current_statement_info 000000018003a890 f   sfc_debug:sfcdebug.obj
 0001:00039a30       sf_debug_terminate_instance 000000018003aa30 f   sfc_debug:sfcdebug.obj
 0001:00039d50       sf_debug_assertion_failed  000000018003ad50 f   sfc_debug:sfcdebug.obj
 0001:00039f20       sf_debug_create_debug_instance_struct 000000018003af20 f   sfc_debug:sfcdebug.obj
 0001:00039f70       sf_debug_set_number_of_data_with_change_event_for_machine 000000018003af70 f   sfc_debug:sfcdebug.obj
 0001:00039fc0       sf_debug_set_machine_event_thresholds 000000018003afc0 f   sfc_debug:sfcdebug.obj
 0001:00039fe0       sf_debug_set_machine_event_scope 000000018003afe0 f   sfc_debug:sfcdebug.obj
 0001:0003a030       sf_debug_set_machine_data_thresholds 000000018003b030 f   sfc_debug:sfcdebug.obj
 0001:0003a080       sf_debug_set_machine_data_scope 000000018003b080 f   sfc_debug:sfcdebug.obj
 0001:0003a120       sf_debug_set_machine_data_name 000000018003b120 f   sfc_debug:sfcdebug.obj
 0001:0003a1d0       sf_debug_set_machine_data_size 000000018003b1d0 f   sfc_debug:sfcdebug.obj
 0001:0003a320       sf_debug_set_machine_data_type 000000018003b320 f   sfc_debug:sfcdebug.obj
 0001:0003a490       sf_debug_get_chart_data_number 000000018003b490 f   sfc_debug:sfcdebug.obj
 0001:0003a4b0       sf_debug_get_chart_event_number 000000018003b4b0 f   sfc_debug:sfcdebug.obj
 0001:0003a4d0       sf_debug_set_chart_state_info 000000018003b4d0 f   sfc_debug:sfcdebug.obj
 0001:0003a560       sf_debug_set_chart_decomposition 000000018003b560 f   sfc_debug:sfcdebug.obj
 0001:0003a5d0       sf_debug_set_chart_substate_count 000000018003b5d0 f   sfc_debug:sfcdebug.obj
 0001:0003a6b0       sf_debug_set_chart_substate_index 000000018003b6b0 f   sfc_debug:sfcdebug.obj
 0001:0003a730       sf_debug_set_chart_state_substate_count 000000018003b730 f   sfc_debug:sfcdebug.obj
 0001:0003a850       sf_debug_set_chart_state_substate_index 000000018003b850 f   sfc_debug:sfcdebug.obj
 0001:0003a8e0       sf_debug_set_number_of_data_with_change_event_for_chart 000000018003b8e0 f   sfc_debug:sfcdebug.obj
 0001:0003a970       sf_debug_set_number_of_states_with_entry_event_for_chart 000000018003b970 f   sfc_debug:sfcdebug.obj
 0001:0003a9f0       sf_debug_set_number_of_states_with_exit_event_for_chart 000000018003b9f0 f   sfc_debug:sfcdebug.obj
 0001:0003aa70       sf_debug_set_chart_disable_implicit_casting 000000018003ba70 f   sfc_debug:sfcdebug.obj
 0001:0003aae0       sf_debug_set_chart_event_thresholds 000000018003bae0 f   sfc_debug:sfcdebug.obj
 0001:0003ab60       sf_debug_set_chart_data_compiled_props 000000018003bb60 f   sfc_debug:sfcdebug.obj
 0001:0003aea0       sf_debug_set_chart_data_props 000000018003bea0 f   sfc_debug:sfcdebug.obj
 0001:0003b1c0       sf_debug_check_fi_license  000000018003c1c0 f   sfc_debug:sfcdebug.obj
 0001:0003b380       sf_debug_symbol_scope_push 000000018003c380 f   sfc_debug:sfcdebug.obj
 0001:0003b3c0       sf_debug_symbol_scope_push_eml 000000018003c3c0 f   sfc_debug:sfcdebug.obj
 0001:0003b410       sf_debug_symbol_scope_pop  000000018003c410 f   sfc_debug:sfcdebug.obj
 0001:0003b450       sf_debug_symbol_scope_add_importable 000000018003c450 f   sfc_debug:sfcdebug.obj
 0001:0003b4d0       sf_debug_symbol_scope_add  000000018003c4d0 f   sfc_debug:sfcdebug.obj
 0001:0003b550       sf_debug_symbol_scope_add_dyn_importable 000000018003c550 f   sfc_debug:sfcdebug.obj
 0001:0003b610       sf_debug_symbol_scope_add_dyn 000000018003c610 f   sfc_debug:sfcdebug.obj
 0001:0003b650       sf_debug_symbol_scope_add_eml_importable 000000018003c650 f   sfc_debug:sfcdebug.obj
 0001:0003b690       sf_debug_symbol_scope_add_eml 000000018003c690 f   sfc_debug:sfcdebug.obj
 0001:0003b6d0       sf_debug_symbol_scope_add_eml_dyn_importable 000000018003c6d0 f   sfc_debug:sfcdebug.obj
 0001:0003b730       sf_debug_symbol_scope_add_eml_dyn 000000018003c730 f   sfc_debug:sfcdebug.obj
 0001:0003b790       sf_debug_symbol_switch     000000018003c790 f   sfc_debug:sfcdebug.obj
 0001:0003b7b0       sf_debug_symbol_scope_add_verbose 000000018003c7b0 f   sfc_debug:sfcdebug.obj
 0001:0003b880       sf_debug_set_machine_data_value_ptr 000000018003c880 f   sfc_debug:sfcdebug.obj
 0001:0003b8c0       sf_debug_set_instance_data_value_ptr 000000018003c8c0 f   sfc_debug:sfcdebug.obj
 0001:0003b990       sf_debug_unset_instance_data_value_ptr 000000018003c990 f   sfc_debug:sfcdebug.obj
 0001:0003ba40       sf_debug_set_chart_event_scope 000000018003ca40 f   sfc_debug:sfcdebug.obj
 0001:0003bac0       sf_debug_set_chart_transition_coverage_maps 000000018003cac0 f   sfc_debug:sfcdebug.obj
 0001:0003bbc0       sf_debug_set_chart_state_coverage_maps 000000018003cbc0 f   sfc_debug:sfcdebug.obj
 0001:0003bc90       sf_debug_set_instance_transition_coverage_weights 000000018003cc90 f   sfc_debug:sfcdebug.obj
 0001:0003bd20       sf_debug_set_instance_state_coverage_weights 000000018003cd20 f   sfc_debug:sfcdebug.obj
 0001:0003bf70       sf_debug_unload_machine    000000018003cf70 f   sfc_debug:sfcdebug.obj
 0001:0003bfc0       sf_debug_load_machine      000000018003cfc0 f   sfc_debug:sfcdebug.obj
 0001:0003c0d0       sf_debug_set_active_instance_in_data_dictionary 000000018003d0d0 f   sfc_debug:sfcdebug.obj
 0001:0003c2b0       sf_debug_set_active_instance 000000018003d2b0 f   sfc_debug:sfcdebug.obj
 0001:0003c410       sf_debug_chart_visiblity_change 000000018003d410 f   sfc_debug:sfcdebug.obj
 0001:0003c500       sf_debug_select_chart      000000018003d500 f   sfc_debug:sfcdebug.obj
 0001:0003c660       sf_debug_set_instance_cv_ids 000000018003d660 f   sfc_debug:sfcdebug.obj
 0001:0003c990       sf_debug_select_charts     000000018003d990 f   sfc_debug:sfcdebug.obj
 0001:0003cb40       sf_debug_initialized       000000018003db40 f   sfc_debug:sfcdebug.obj
 0001:0003cb60       sf_debug_is_uninterruptible 000000018003db60 f   sfc_debug:sfcdebug.obj
 0001:0003cb90       sf_debug_initialize_debugger_gui 000000018003db90 f   sfc_debug:sfcdebug.obj
 0001:0003cf70       sf_debug_resume            000000018003df70 f   sfc_debug:sfcdebug.obj
 0001:0003cf90       sf_debug_go                000000018003df90 f   sfc_debug:sfcdebug.obj
 0001:0003cfa0       sf_debug_break             000000018003dfa0 f   sfc_debug:sfcdebug.obj
 0001:0003cfb0       sf_debug_step_over         000000018003dfb0 f   sfc_debug:sfcdebug.obj
 0001:0003cfc0       sf_debug_step_out          000000018003dfc0 f   sfc_debug:sfcdebug.obj
 0001:0003cfd0       sf_debug_set_disable_all_breakpoints 000000018003dfd0 f   sfc_debug:sfcdebug.obj
 0001:0003cfe0       sf_debug_disable_all_breakpoints_and_go 000000018003dfe0 f   sfc_debug:sfcdebug.obj
 0001:0003cff0       sf_debug_break_on_chart_entry 000000018003dff0 f   sfc_debug:sfcdebug.obj
 0001:0003d000       sf_debug_break_on_event_broadcast 000000018003e000 f   sfc_debug:sfcdebug.obj
 0001:0003d010       sf_debug_break_on_state_entry 000000018003e010 f   sfc_debug:sfcdebug.obj
 0001:0003d020       sf_debug_break_between_times 000000018003e020 f   sfc_debug:sfcdebug.obj
 0001:0003d040       sf_debug_browse_data       000000018003e040 f   sfc_debug:sfcdebug.obj
 0001:0003d050       sf_debug_watch_data        000000018003e050 f   sfc_debug:sfcdebug.obj
 0001:0003d080       sf_debug_assign_data       000000018003e080 f   sfc_debug:sfcdebug.obj
 0001:0003d090       sf_debug_whos              000000018003e090 f   sfc_debug:sfcdebug.obj
 0001:0003d0b0       sf_debug_get_consistency_info 000000018003e0b0 f   sfc_debug:sfcdebug.obj
 0001:0003d0c0       sf_debug_browse_trace      000000018003e0c0 f   sfc_debug:sfcdebug.obj
 0001:0003d0d0       sf_debug_set_breakpoints   000000018003e0d0 f   sfc_debug:sfcdebug.obj
 0001:0003d240       sf_debug_set_eml_breakpoints 000000018003e240 f   sfc_debug:sfcdebug.obj
 0001:0003d3a0       sf_debug_set_script_breakpoints 000000018003e3a0 f   sfc_debug:sfcdebug.obj
 0001:0003d420       sf_debug_add_script_breakpoints 000000018003e420 f   sfc_debug:sfcdebug.obj
 0001:0003d490       sf_debug_clear_script_breakpoints 000000018003e490 f   sfc_debug:sfcdebug.obj
 0001:0003d500       sf_debug_query_script_breakpoints 000000018003e500 f   sfc_debug:sfcdebug.obj
 0001:0003d5b0       sf_debug_get_eml_script_id 000000018003e5b0 f   sfc_debug:sfcdebug.obj
 0001:0003d600       sf_debug_set_watch         000000018003e600 f   sfc_debug:sfcdebug.obj
 0001:0003d820       sf_debug_get_instance_handle 000000018003e820 f   sfc_debug:sfcdebug.obj
 0001:0003d8b0       sf_debug_get_active_states 000000018003e8b0 f   sfc_debug:sfcdebug.obj
 0001:0003d8c0       sf_debug_set_honor_breakpoints 000000018003e8c0 f   sfc_debug:sfcdebug.obj
 0001:0003d8d0       sf_debug_get_animation     000000018003e8d0 f   sfc_debug:sfcdebug.obj
 0001:0003d8e0       sf_debug_set_animation     000000018003e8e0 f   sfc_debug:sfcdebug.obj
 0001:0003d8f0       sf_debug_animate           000000018003e8f0 f   sfc_debug:sfcdebug.obj
 0001:0003d910       sf_debug_cycle_detection_check 000000018003e910 f   sfc_debug:sfcdebug.obj
 0001:0003d920       sf_debug_data_range_check  000000018003e920 f   sfc_debug:sfcdebug.obj
 0001:0003d930       sf_debug_transition_conflict_check 000000018003e930 f   sfc_debug:sfcdebug.obj
 0001:0003d940       sf_debug_state_consistency_check 000000018003e940 f   sfc_debug:sfcdebug.obj
 0001:0003d950       sf_debug_data_range_check_enabled 000000018003e950 f   sfc_debug:sfcdebug.obj
 0001:0003d970       sf_debug_transition_conflict_check_enabled 000000018003e970 f   sfc_debug:sfcdebug.obj
 0001:0003d990       sf_debug_transition_conflict_check_begin 000000018003e990 f   sfc_debug:sfcdebug.obj
 0001:0003d9b0       sf_debug_transition_conflict_check_end 000000018003e9b0 f   sfc_debug:sfcdebug.obj
 0001:0003d9d0       sf_debug_stop_debugging    000000018003e9d0 f   sfc_debug:sfcdebug.obj
 0001:0003da00       sf_debug_is_cycle_detected 000000018003ea00 f   sfc_debug:sfcdebug.obj
 0001:0003da10       sf_debug_is_array_bounds_detected 000000018003ea10 f   sfc_debug:sfcdebug.obj
 0001:0003da20       sf_debug_get_state_vectors_data_size 000000018003ea20 f   sfc_debug:sfcdebug.obj
 0001:0003da60       sf_debug_get_state_vectors_data 000000018003ea60 f   sfc_debug:sfcdebug.obj
 0001:0003db70       sf_debug_set_state_vectors_data 000000018003eb70 f   sfc_debug:sfcdebug.obj
 0001:0003de00       sf_debug_get_script_index  000000018003ee00 f   sfc_debug:sfcdebug.obj
 0001:0003df90       sf_debug_add_script        000000018003ef90 f   sfc_debug:sfcdebug.obj
 0001:0003e120       cv_eval_point              000000018003f120 f   sfc_debug:sfcdebug.obj
 0001:0003e290       cv_eval_testobjective      000000018003f290 f   sfc_debug:sfcdebug.obj
 0001:0003e3a0       sf_debug_cv_init_state     000000018003f3a0 f   sfc_debug:sfcdebug.obj
 0001:0003e4d0       sf_debug_cv_init_chart     000000018003f4d0 f   sfc_debug:sfcdebug.obj
 0001:0003e5c0       sf_debug_cv_init_trans     000000018003f5c0 f   sfc_debug:sfcdebug.obj
 0001:0003e6d0       sf_debug_cv_init_saturation 000000018003f6d0 f   sfc_debug:sfcdebug.obj
 0001:0003e7d0       sf_debug_cv_init_testobjectives 000000018003f7d0 f   sfc_debug:sfcdebug.obj
 0001:0003e9b0       cv_eml_init_script         000000018003f9b0 f   sfc_debug:sfcdebug.obj
 0001:0003ead0       cv_eml_init_fcn            000000018003fad0 f   sfc_debug:sfcdebug.obj
 0001:0003ebe0       cv_eml_init_testobjective  000000018003fbe0 f   sfc_debug:sfcdebug.obj
 0001:0003ecc0       cv_eml_init_saturation     000000018003fcc0 f   sfc_debug:sfcdebug.obj
 0001:0003ed90       cv_eml_init_if             000000018003fd90 f   sfc_debug:sfcdebug.obj
 0001:0003ee70       cv_eml_init_for            000000018003fe70 f   sfc_debug:sfcdebug.obj
 0001:0003ef40       cv_eml_init_while          000000018003ff40 f   sfc_debug:sfcdebug.obj
 0001:0003f010       cv_eml_init_mcdc           0000000180040010 f   sfc_debug:sfcdebug.obj
 0001:0003f130       cv_eml_init_switch         0000000180040130 f   sfc_debug:sfcdebug.obj
 0001:0003f230       cv_eml_eval                0000000180040230 f   sfc_debug:sfcdebug.obj
 0001:0003f320       sf_debug_bm_is_a_eml_breakpoint 0000000180040320 f   sfc_debug:sfcdebug.obj
 0001:0003f470       sf_debug_temporal_threshold 0000000180040470 f   sfc_debug:sfcdebug.obj
 0001:0003f7e0       sf_debug_transition_conflict_error 00000001800407e0 f   sfc_debug:sfcdebug.obj
 0001:0003fb40       sf_debug_state_inconsistency_error 0000000180040b40 f   sfc_debug:sfcdebug.obj
 0001:0003fc60       sf_debug_check_for_state_inconsistency 0000000180040c60 f   sfc_debug:sfcdebug.obj
 0001:0003fca0       sf_debug_cycle_detecton_error 0000000180040ca0 f   sfc_debug:sfcdebug.obj
 0001:000403f0       sf_debug_size_eq_check_1d  00000001800413f0 f   sfc_debug:sfcdebug.obj
 0001:00040410       sf_debug_size_eq_check_nd  0000000180041410 f   sfc_debug:sfcdebug.obj
 0001:00040610       sf_debug_dim_size_eq_check 0000000180041610 f   sfc_debug:sfcdebug.obj
 0001:00040640       sf_debug_dim_size_geq_check 0000000180041640 f   sfc_debug:sfcdebug.obj
 0001:00040670       sf_debug_sub_assign_size_check_nd 0000000180041670 f   sfc_debug:sfcdebug.obj
 0001:00040850       sf_debug_matrix_matrix_index_check 0000000180041850 f   sfc_debug:sfcdebug.obj
 0001:000408a0       sf_debug_vector_vector_index_check 00000001800418a0 f   sfc_debug:sfcdebug.obj
 0001:000408f0       sf_debug_for_loop_vector_check 00000001800418f0 f   sfc_debug:sfcdebug.obj
 0001:00040990       sf_debug_runtime_error_msgid 0000000180041990 f   sfc_debug:sfcdebug.obj
 0001:00040a30       sf_debug_data_array_bounds_error_check 0000000180041a30 f   sfc_debug:sfcdebug.obj
 0001:00040b40       sf_debug_eml_data_array_bounds_error_check 0000000180041b40 f   sfc_debug:sfcdebug.obj
 0001:00041000       sf_debug_integer_check     0000000180042000 f   sfc_debug:sfcdebug.obj
 0001:000410f0       sf_debug_not_nan_check     00000001800420f0 f   sfc_debug:sfcdebug.obj
 0001:000411c0       sf_debug_non_negative_check 00000001800421c0 f   sfc_debug:sfcdebug.obj
 0001:00041290       sf_debug_overflow_detection 0000000180042290 f   sfc_debug:sfcdebug.obj
 0001:000418f0       sf_debug_cast_to_real32_T  00000001800428f0 f   sfc_debug:sfcdebug.obj
 0001:000419c0       sf_debug_cast_to_int8_T    00000001800429c0 f   sfc_debug:sfcdebug.obj
 0001:00041a90       sf_debug_cast_to_uint8_T   0000000180042a90 f   sfc_debug:sfcdebug.obj
 0001:00041b60       sf_debug_cast_to_int16_T   0000000180042b60 f   sfc_debug:sfcdebug.obj
 0001:00041c30       sf_debug_cast_to_uint16_T  0000000180042c30 f   sfc_debug:sfcdebug.obj
 0001:00041d00       sf_debug_cast_to_int32_T   0000000180042d00 f   sfc_debug:sfcdebug.obj
 0001:00041dd0       sf_debug_cast_to_uint32_T  0000000180042dd0 f   sfc_debug:sfcdebug.obj
 0001:00041ea0       sf_debug_data_range_error  0000000180042ea0 f   sfc_debug:sfcdebug.obj
 0001:000421b0       sf_debug_read_before_write_check 00000001800431b0 f   sfc_debug:sfcdebug.obj
 0001:000425e0       sf_debug_data_range_error_wrapper_min_max 00000001800435e0 f   sfc_debug:sfcdebug.obj
 0001:00042700       sf_debug_data_range_error_wrapper_min 0000000180043700 f   sfc_debug:sfcdebug.obj
 0001:00042810       sf_debug_data_range_error_wrapper_max 0000000180043810 f   sfc_debug:sfcdebug.obj
 0001:00042920       sf_debug_data_range_wrapper 0000000180043920 f   sfc_debug:sfcdebug.obj
 0001:000429e0       sf_debug_set_current_status_info 00000001800439e0 f   sfc_debug:sfcdebug.obj
 0001:00042d80       sf_debug_register_message_post_receive_info 0000000180043d80 f   sfc_debug:sfcdebug.obj
 0001:00042fd0       sf_debug_call              0000000180043fd0 f   sfc_debug:sfcdebug.obj
 0001:00043930       sf_debug_initialize_machine 0000000180044930 f   sfc_debug:sfcdebug.obj
 0001:00043be0       sf_debug_initialize_chart  0000000180044be0 f   sfc_debug:sfcdebug.obj
 0001:00044030       sf_debug_ensure_script     0000000180045030 f   sfc_debug:sfcdebug.obj
 0001:000440e0       cv_eval_saturation         00000001800450e0 f   sfc_debug:sfcdebug.obj
 0001:00044260       cv_saturation_accum        0000000180045260 f   sfc_debug:sfcdebug.obj
 0001:000443a0       cv_script_init_script      00000001800453a0 f   sfc_debug:sfcdebug.obj
 0001:00044490       cv_script_init_fcn         0000000180045490 f   sfc_debug:sfcdebug.obj
 0001:00044550       cv_script_init_testobjective 0000000180045550 f   sfc_debug:sfcdebug.obj
 0001:00044610       cv_script_init_saturation  0000000180045610 f   sfc_debug:sfcdebug.obj
 0001:000446c0       cv_script_init_if          00000001800456c0 f   sfc_debug:sfcdebug.obj
 0001:00044780       cv_script_init_for         0000000180045780 f   sfc_debug:sfcdebug.obj
 0001:00044830       cv_script_init_while       0000000180045830 f   sfc_debug:sfcdebug.obj
 0001:000448e0       cv_script_init_mcdc        00000001800458e0 f   sfc_debug:sfcdebug.obj
 0001:000449e0       cv_script_init_switch      00000001800459e0 f   sfc_debug:sfcdebug.obj
 0001:00044ac0       cv_script_eval             0000000180045ac0 f   sfc_debug:sfcdebug.obj
 0001:00044b90       eml_debug_line_call        0000000180045b90 f   sfc_debug:sfcdebug.obj
 0001:00044d60       sf_debug_terminate         0000000180045d60 f   sfc_debug:sfcdebug.obj
 0001:00044f70       sf_debug_set_script_cv_ids 0000000180045f70 f   sfc_debug:sfcdebug.obj
 0001:000450a0       sf_debug_api               00000001800460a0 f   sfc_debug:sfc_api.obj
 0001:00046990       sf_debug_sm_terminate      0000000180047990 f   sfc_debug:sfdb_animation.obj
 0001:00046b40       sf_debug_reset_path_objects 0000000180047b40 f   sfc_debug:sfdb_animation.obj
 0001:00046bc0       sf_debug_sm_reset_object_selection_status 0000000180047bc0 f   sfc_debug:sfdb_animation.obj
 0001:00046c60       sf_debug_sm_reset_state_buffer 0000000180047c60 f   sfc_debug:sfdb_animation.obj
 0001:00046d30       sf_debug_sm_store_state_buffer 0000000180047d30 f   sfc_debug:sfdb_animation.obj
 0001:00046db0       sf_debug_sm_restore_state_buffer1 0000000180047db0 f   sfc_debug:sfdb_animation.obj
 0001:00046e20       sf_debug_sm_restore_state_buffer2 0000000180047e20 f   sfc_debug:sfdb_animation.obj
 0001:00046e90       sf_debug_sm_chart_active   0000000180047e90 f   sfc_debug:sfdb_animation.obj
 0001:00046ee0       sf_debug_sm_select_active_objects 0000000180047ee0 f   sfc_debug:sfdb_animation.obj
 0001:000473b0       sf_debug_sm_is_chart_active 00000001800483b0 f   sfc_debug:sfdb_animation.obj
 0001:000473f0       sf_debug_sm_is_state_active 00000001800483f0 f   sfc_debug:sfdb_animation.obj
 0001:00047630       sf_debug_sm_get_active_states 0000000180048630 f   sfc_debug:sfdb_animation.obj
 0001:00047be0       sf_debug_sm_initialize_instance 0000000180048be0 f   sfc_debug:sfdb_animation.obj
 0001:00047df0       sf_debug_sm_change_object_selection_status 0000000180048df0 f   sfc_debug:sfdb_animation.obj
 0001:000480c0       cv_create_interface        00000001800490c0 f   sfc_debug:cv_sfinterface.obj
 0001:000483d0       cv_init_trans              00000001800493d0 f   sfc_debug:cv_sfinterface.obj
 0001:00048420       cv_init_saturation         0000000180049420 f   sfc_debug:cv_sfinterface.obj
 0001:00048460       cv_init_testobjective      0000000180049460 f   sfc_debug:cv_sfinterface.obj
 0001:000484a0       cv_init_state              00000001800494a0 f   sfc_debug:cv_sfinterface.obj
 0001:00048510       cv_init_chart              0000000180049510 f   sfc_debug:cv_sfinterface.obj
 0001:00048560       cv_dec_update_call         0000000180049560 f   sfc_debug:cv_sfinterface.obj
 0001:000485a0       cv_cond_update_call        00000001800495a0 f   sfc_debug:cv_sfinterface.obj
 0001:000485e0       cv_saturation_update_call  00000001800495e0 f   sfc_debug:cv_sfinterface.obj
 0001:00048620       cv_saturation_update_accum 0000000180049620 f   sfc_debug:cv_sfinterface.obj
 0001:00048660       cv_testobjective_update_call 0000000180049660 f   sfc_debug:cv_sfinterface.obj
 0001:000486a0       cv_sigrange_update         00000001800496a0 f   sfc_debug:cv_sfinterface.obj
 0001:000486e0       cvsf_eml_eval              00000001800496e0 f   sfc_debug:cv_sfinterface.obj
 0001:000487c0       cvsf_eml_init_script       00000001800497c0 f   sfc_debug:cv_sfinterface.obj
 0001:00048850       cvsf_eml_init_fcn          0000000180049850 f   sfc_debug:cv_sfinterface.obj
 0001:000488b0       cvsf_eml_init_testobjective 00000001800498b0 f   sfc_debug:cv_sfinterface.obj
 0001:00048910       cvsf_eml_init_saturation   0000000180049910 f   sfc_debug:cv_sfinterface.obj
 0001:00048960       cvsf_eml_init_if           0000000180049960 f   sfc_debug:cv_sfinterface.obj
 0001:000489c0       cvsf_eml_init_for          00000001800499c0 f   sfc_debug:cv_sfinterface.obj
 0001:00048a10       cvsf_eml_init_while        0000000180049a10 f   sfc_debug:cv_sfinterface.obj
 0001:00048a60       cvsf_eml_init_mcdc         0000000180049a60 f   sfc_debug:cv_sfinterface.obj
 0001:00048af0       cvsf_eml_init_switch       0000000180049af0 f   sfc_debug:cv_sfinterface.obj
 0001:00048b60       cvsf_script_eval           0000000180049b60 f   sfc_debug:cv_sfinterface.obj
 0001:00048c40       cvsf_script_init_script    0000000180049c40 f   sfc_debug:cv_sfinterface.obj
 0001:00048cd0       cvsf_script_init_fcn       0000000180049cd0 f   sfc_debug:cv_sfinterface.obj
 0001:00048d30       cvsf_script_init_testobjective 0000000180049d30 f   sfc_debug:cv_sfinterface.obj
 0001:00048d90       cvsf_script_init_saturation 0000000180049d90 f   sfc_debug:cv_sfinterface.obj
 0001:00048de0       cvsf_script_init_if        0000000180049de0 f   sfc_debug:cv_sfinterface.obj
 0001:00048e40       cvsf_script_init_for       0000000180049e40 f   sfc_debug:cv_sfinterface.obj
 0001:00048e90       cvsf_script_init_while     0000000180049e90 f   sfc_debug:cv_sfinterface.obj
 0001:00048ee0       cvsf_script_init_mcdc      0000000180049ee0 f   sfc_debug:cv_sfinterface.obj
 0001:00048f70       cvsf_script_init_switch    0000000180049f70 f   sfc_debug:cv_sfinterface.obj
 0001:00048fe0       cv_destroy_interface       0000000180049fe0 f   sfc_debug:cv_sfinterface.obj
 0001:00049000       cv_create_instance_objects 000000018004a000 f   sfc_debug:cv_sfinterface.obj
 0001:00049470       cv_is_enabled              000000018004a470 f   sfc_debug:cv_sfinterface.obj
 0001:00049480       sf_debug_cv_initialize_script 000000018004a480 f   sfc_debug:cv_sfinterface.obj
 0001:00049610       sf_debug_cv_initialize_instance 000000018004a610 f   sfc_debug:cv_sfinterface.obj
 0001:000499a0       sf_debug_cv_terminate_chart 000000018004a9a0 f   sfc_debug:cv_sfinterface.obj
 0001:00049ac0       cv_call_trans_test         000000018004aac0 f   sfc_debug:cv_sfinterface.obj
 0001:00049ad0       cv_call_sub_cond_test      000000018004aad0 f   sfc_debug:cv_sfinterface.obj
 0001:00049b10       sf_debug_st_initialize_machine 000000018004ab10 f   sfc_debug:sfdb_data_browse.obj
 0001:00049bc0       sf_debug_st_initialize_instance 000000018004abc0 f   sfc_debug:sfdb_data_browse.obj
 0001:00049dd0       sf_debug_st_terminate      000000018004add0 f   sfc_debug:sfdb_data_browse.obj
 0001:0004a170       sf_debug_st_set_data_value_ptr_in_machine 000000018004b170 f   sfc_debug:sfdb_data_browse.obj
 0001:0004a200       sf_debug_st_set_data_value_ptr_in_instance 000000018004b200 f   sfc_debug:sfdb_data_browse.obj
 0001:0004a2e0       sf_debug_st_unset_data_value_ptr_in_machine 000000018004b2e0 f   sfc_debug:sfdb_data_browse.obj
 0001:0004a350       sf_debug_st_unset_data_value_ptr_in_instance 000000018004b350 f   sfc_debug:sfdb_data_browse.obj
 0001:0004a610       sf_debug_mx_value          000000018004b610 f   sfc_debug:sfdb_data_browse.obj
 0001:0004a670       sf_debug_mx_packed_vector  000000018004b670 f   sfc_debug:sfdb_data_browse.obj
 0001:0004a750       sf_debug_mx_uint_vector    000000018004b750 f   sfc_debug:sfdb_data_browse.obj
 0001:0004a800       sf_debug_st_get_double_value_from_void_ptr_vector 000000018004b800 f   sfc_debug:sfdb_data_browse.obj
 0001:0004b2e0       sf_debug_st_browse_data    000000018004c2e0 f   sfc_debug:sfdb_data_browse.obj
 0001:0004bb20       sf_debug_hm_initialize_instance 000000018004cb20 f   sfc_debug:sfdb_handle_management.obj
 0001:0004c000       sf_debug_hm_get_object_id  000000018004d000 f   sfc_debug:sfdb_handle_management.obj
 0001:0004cbb0       sf_debug_hm_update_chart_visibility 000000018004dbb0 f   sfc_debug:sfdb_handle_management.obj
 0001:0004dda0       sf_debug_object_is_eml_function 000000018004eda0 f   sfc_debug:sfdb_handle_management.obj
 0001:0004de10       sf_debug_hm_initialize_ids_in_machine 000000018004ee10 f   sfc_debug:sfdb_handle_management.obj
 0001:0004df80       sf_debug_hm_initialize_ids_in_chart 000000018004ef80 f   sfc_debug:sfdb_handle_management.obj
 0001:0004e080       sf_debug_hm_initialize_chart 000000018004f080 f   sfc_debug:sfdb_handle_management.obj
 0001:0004e780       sf_debug_hm_terminate      000000018004f780 f   sfc_debug:sfdb_handle_management.obj
 0001:0004e7e0       sf_debug_hm_initialize_machine 000000018004f7e0 f   sfc_debug:sfdb_handle_management.obj
 0001:0004ef00       sf_debug_ss_initialize     000000018004ff00 f   sfc_debug:sfdb_symbol_scope.obj
 0001:0004ef20       sf_debug_ss_terminate      000000018004ff20 f   sfc_debug:sfdb_symbol_scope.obj
 0001:0004efb0       sf_debug_ss_push_symbol_scope 000000018004ffb0 f   sfc_debug:sfdb_symbol_scope.obj
 0001:0004f0b0       sf_debug_ss_push_symbol_scope_eml 00000001800500b0 f   sfc_debug:sfdb_symbol_scope.obj
 0001:0004f110       sf_debug_ss_pop_symbol_scope 0000000180050110 f   sfc_debug:sfdb_symbol_scope.obj
 0001:0004f1c0       sf_debug_ss_add_symbol     00000001800501c0 f   sfc_debug:sfdb_symbol_scope.obj
 0001:0004f330       sf_debug_ss_add_symbol_eml 0000000180050330 f   sfc_debug:sfdb_symbol_scope.obj
 0001:00050230       sf_debug_ss_set_data_value 0000000180051230 f   sfc_debug:sfdb_symbol_scope.obj
 0001:00050680       getInstanceNumber          0000000180051680 f   sfc_debug:sfdb_symbol_scope.obj
 0001:00050750       sf_debug_ss_watch_data     0000000180051750 f   sfc_debug:sfdb_symbol_scope.obj
 0001:00050940       sf_debug_ss_assign_data    0000000180051940 f   sfc_debug:sfdb_symbol_scope.obj
 0001:00051350       get_data_entry_name        0000000180052350 f   sfc_debug:sfdb_symbol_scope.obj
 0001:000513a0       sf_debug_ss_whos           00000001800523a0 f   sfc_debug:sfdb_symbol_scope.obj
 0001:000519f0       sf_debug_cc_initialize_chart 00000001800529f0 f   sfc_debug:sfdb_coverage.obj
 0001:000523e0       sf_debug_cc_initialize_instance 00000001800533e0 f   sfc_debug:sfdb_coverage.obj
 0001:00053120       sf_debug_cc_terminate      0000000180054120 f   sfc_debug:sfdb_coverage.obj
 0001:00053210       sf_debug_cc_set_transition_maps 0000000180054210 f   sfc_debug:sfdb_coverage.obj
 0001:00053340       sf_debug_cc_set_state_maps 0000000180054340 f   sfc_debug:sfdb_coverage.obj
 0001:00053420       sf_debug_cc_set_transition_weights 0000000180054420 f   sfc_debug:sfdb_coverage.obj
 0001:000536e0       sf_debug_cc_set_state_weights 00000001800546e0 f   sfc_debug:sfdb_coverage.obj
 0001:000539b0       sf_debug_cc_mark_transition_guard 00000001800549b0 f   sfc_debug:sfdb_coverage.obj
 0001:00053a40       sf_debug_cc_mark_transition_trigger 0000000180054a40 f   sfc_debug:sfdb_coverage.obj
 0001:00053ad0       sf_debug_cc_mark_transition_decision 0000000180054ad0 f   sfc_debug:sfdb_coverage.obj
 0001:00053b40       sf_debug_cc_mark_transition_condition_action 0000000180054b40 f   sfc_debug:sfdb_coverage.obj
 0001:00053b90       sf_debug_cc_mark_transition_transition_action 0000000180054b90 f   sfc_debug:sfdb_coverage.obj
 0001:00053be0       sf_debug_cc_mark_state_entry 0000000180054be0 f   sfc_debug:sfdb_coverage.obj
 0001:00053c30       sf_debug_cc_mark_state_during 0000000180054c30 f   sfc_debug:sfdb_coverage.obj
 0001:00053c80       sf_debug_cc_mark_state_exit 0000000180054c80 f   sfc_debug:sfdb_coverage.obj
 0001:00053cd0       sf_debug_bm_clear_script_breakpoints 0000000180054cd0 f   sfc_debug:sfdb_breakpoints.obj
 0001:00053d00       sf_debug_bm_set_script_breakpoint 0000000180054d00 f   sfc_debug:sfdb_breakpoints.obj
 0001:00053d80       sf_debug_bm_clear_single_script_breakpoint 0000000180054d80 f   sfc_debug:sfdb_breakpoints.obj
 0001:00053e00       sf_debug_bm_query_script_breakpoint 0000000180054e00 f   sfc_debug:sfdb_breakpoints.obj
 0001:00053e50       sf_debug_bm_initialize_scripts 0000000180054e50 f   sfc_debug:sfdb_breakpoints.obj
 0001:000544e0       sf_debug_bm_terminate      00000001800554e0 f   sfc_debug:sfdb_breakpoints.obj
 0001:000547c0       sf_debug_bm_remove_all_breakpoints_in_machine 00000001800557c0 f   sfc_debug:sfdb_breakpoints.obj
 0001:00054820       sf_debug_bm_remove_all_breakpoints_in_chart 0000000180055820 f   sfc_debug:sfdb_breakpoints.obj
 0001:00054970       sf_debug_bm_initialize_global_breakpoints 0000000180055970 f   sfc_debug:sfdb_breakpoints.obj
 0001:00054af0       sf_debug_bm_set_breakpoint 0000000180055af0 f   sfc_debug:sfdb_breakpoints.obj
 0001:000550b0       sf_debug_bm_set_eml_breakpoint 00000001800560b0 f   sfc_debug:sfdb_breakpoints.obj
 0001:00055140       sf_debug_bm_initialize_machine_breakpoint_map 0000000180056140 f   sfc_debug:sfdb_breakpoints.obj
 0001:00055560       sf_debug_bm_is_a_breakpoint 0000000180056560 f   sfc_debug:sfdb_breakpoints.obj
 0001:00055a80       sf_debug_bm_get_all_breakpoints_in_machine 0000000180056a80 f   sfc_debug:sfdb_breakpoints.obj
 0001:00055d80       sf_debug_bm_get_all_breakpoints_in_chart 0000000180056d80 f   sfc_debug:sfdb_breakpoints.obj
 0001:00056910       sf_debug_bm_initialize_machine 0000000180057910 f   sfc_debug:sfdb_breakpoints.obj
 0001:000569e0       sf_debug_bm_initialize_chart 00000001800579e0 f   sfc_debug:sfdb_breakpoints.obj
 0001:00056dd0       sf_debug_sc_terminate      0000000180057dd0 f   sfc_debug:sfdb_state_consistency.obj
 0001:000570f0       sf_debug_sc_is_chart_consistent 00000001800580f0 f   sfc_debug:sfdb_state_consistency.obj
 0001:000573a0       sf_debug_sc_get_consistency_error_info 00000001800583a0 f   sfc_debug:sfdb_state_consistency.obj
 0001:000577b0       sf_debug_tm_terminate      00000001800587b0 f   sfc_debug:sfdb_call_stack.obj
 0001:00057860       sf_debug_tm_push_chart_instance 0000000180058860 f   sfc_debug:sfdb_call_stack.obj
 0001:000579a0       sf_debug_tm_pop_chart_instance 00000001800589a0 f   sfc_debug:sfdb_call_stack.obj
 0001:00057a00       sf_debug_tm_push_trace_node 0000000180058a00 f   sfc_debug:sfdb_call_stack.obj
 0001:00057b80       sf_debug_tm_pop_trace_node 0000000180058b80 f   sfc_debug:sfdb_call_stack.obj
 0001:00057c00       sf_debug_tm_get_current_global_trace_index 0000000180058c00 f   sfc_debug:sfdb_call_stack.obj
 0001:00057c10       sf_debug_tm_get_current_local_trace_index 0000000180058c10 f   sfc_debug:sfdb_call_stack.obj
 0001:00057c40       sf_debug_tm_set_cycle_detected_flag 0000000180058c40 f   sfc_debug:sfdb_call_stack.obj
 0001:00057c80       sf_debug_tm_set_cycle_started_flag 0000000180058c80 f   sfc_debug:sfdb_call_stack.obj
 0001:00057cc0       sf_debug_tm_get_chart_number_from_stack 0000000180058cc0 f   sfc_debug:sfdb_call_stack.obj
 0001:00057ec0       sf_debug_tm_browse_trace   0000000180058ec0 f   sfc_debug:sfdb_call_stack.obj
 0001:000581d0       sf_debug_cd_initialize_instance 00000001800591d0 f   sfc_debug:sfdb_cycle_detection.obj
 0001:00058480       sf_debug_cd_mark_processed_transition_in_instance 0000000180059480 f   sfc_debug:sfdb_cycle_detection.obj
 0001:00058520       sf_debug_cd_checksum_push  0000000180059520 f   sfc_debug:sfdb_cycle_detection.obj
 0001:000587d0       sf_debug_cd_checksum_pop   00000001800597d0 f   sfc_debug:sfdb_cycle_detection.obj
 0001:00058840       sf_debug_cd_turn_off_cycle_detection 0000000180059840 f   sfc_debug:sfdb_cycle_detection.obj
 0001:00058890       sf_debug_cd_terminate      0000000180059890 f   sfc_debug:sfdb_cycle_detection.obj
 0001:00058ac0       md5_initialize_state       0000000180059ac0 f   sfc_debug:ckmd5.obj
 0001:00059550       md5_update_state           000000018005a550 f   sfc_debug:ckmd5.obj
 0001:00059570       md5_get_hash               000000018005a570 f   sfc_debug:ckmd5.obj
 0001:000595a0       md5_get_hash_for_a_single_string 000000018005a5a0 f   sfc_debug:ckmd5.obj
 0001:00059600       mxGetPr                    000000018005a600 f   libmx:libmx.dll
 0001:00059606       mxSetField_730             000000018005a606 f   libmx:libmx.dll
 0001:0005960c       mxDestroyArray             000000018005a60c f   libmx:libmx.dll
 0001:00059612       mxCreateDoubleMatrix_730   000000018005a612 f   libmx:libmx.dll
 0001:00059618       mxCreateDoubleScalar       000000018005a618 f   libmx:libmx.dll
 0001:0005961e       mxCreateString             000000018005a61e f   libmx:libmx.dll
 0001:00059624       mxCreateCellMatrix_730     000000018005a624 f   libmx:libmx.dll
 0001:0005962a       mxCreateStructMatrix_730   000000018005a62a f   libmx:libmx.dll
 0001:00059630       mxDuplicateArray           000000018005a630 f   libmx:libmx.dll
 0001:00059636       mxCalloc                   000000018005a636 f   libmx:libmx.dll
 0001:0005963c       mxGetClassID               000000018005a63c f   libmx:libmx.dll
 0001:00059642       mxIsNumeric                000000018005a642 f   libmx:libmx.dll
 0001:00059648       mxIsChar                   000000018005a648 f   libmx:libmx.dll
 0001:0005964e       mxIsComplex                000000018005a64e f   libmx:libmx.dll
 0001:00059654       mxGetM                     000000018005a654 f   libmx:libmx.dll
 0001:0005965a       mxGetN                     000000018005a65a f   libmx:libmx.dll
 0001:00059660       mxGetString_730            000000018005a660 f   libmx:libmx.dll
 0001:00059666       mxGetScalar                000000018005a666 f   libmx:libmx.dll
 0001:0005966c       mxGetString_700            000000018005a66c f   libmx:libmx.dll
 0001:00059672       mxFree                     000000018005a672 f   libmx:libmx.dll
 0001:00059678       mxArrayToString            000000018005a678 f   libmx:libmx.dll
 0001:0005967e       mxGetNumberOfElements      000000018005a67e f   libmx:libmx.dll
 0001:00059684       mxGetField_700             000000018005a684 f   libmx:libmx.dll
 0001:0005968a       mxSetFieldByNumber_700     000000018005a68a f   libmx:libmx.dll
 0001:00059690       mxCreateStructArray_700    000000018005a690 f   libmx:libmx.dll
 0001:00059696       mxGetData                  000000018005a696 f   libmx:libmx.dll
 0001:0005969c       mxCreateNumericArray_700   000000018005a69c f   libmx:libmx.dll
 0001:000596a2       mxIsLogical                000000018005a6a2 f   libmx:libmx.dll
 0001:000596a8       mxCreateDoubleMatrix_700   000000018005a6a8 f   libmx:libmx.dll
 0001:000596ae       mxCreateCellMatrix_700     000000018005a6ae f   libmx:libmx.dll
 0001:000596b4       mxSetCell_700              000000018005a6b4 f   libmx:libmx.dll
 0001:000596ba       mxGetCell_700              000000018005a6ba f   libmx:libmx.dll
 0001:000596c0       mxGetClassName             000000018005a6c0 f   libmx:libmx.dll
 0001:000596c6       mxSetField_700             000000018005a6c6 f   libmx:libmx.dll
 0001:000596cc       mxAddField                 000000018005a6cc f   libmx:libmx.dll
 0001:000596d2       mxIsStruct                 000000018005a6d2 f   libmx:libmx.dll
 0001:000596d8       mxIsA                      000000018005a6d8 f   libmx:libmx.dll
 0001:000596de       mxIsClass                  000000018005a6de f   libmx:libmx.dll
 0001:000596e4       mxGetLogicals              000000018005a6e4 f   libmx:libmx.dll
 0001:000596ea       mxIsSparse                 000000018005a6ea f   libmx:libmx.dll
 0001:000596f0       mxGetFieldByNumber_700     000000018005a6f0 f   libmx:libmx.dll
 0001:000596f6       mxGetFieldNameByNumber     000000018005a6f6 f   libmx:libmx.dll
 0001:000596fc       mxGetNumberOfFields        000000018005a6fc f   libmx:libmx.dll
 0001:00059702       mxCreateStructMatrix_700   000000018005a702 f   libmx:libmx.dll
 0001:00059708       mxGetFieldNumber           000000018005a708 f   libmx:libmx.dll
 0001:0005970e       mxIsNaN                    000000018005a70e f   libmx:libmx.dll
 0001:00059714       mxIsEmpty                  000000018005a714 f   libmx:libmx.dll
 0001:0005971a       mxGetImagData              000000018005a71a f   libmx:libmx.dll
 0001:00059720       mxArrayClassIDName         000000018005a720 f   libmx:libmx.dll
 0001:00059726       mxCreateNumericMatrix_700  000000018005a726 f   libmx:libmx.dll
 0001:0005972c       mxCalcSingleSubscript_700  000000018005a72c f   libmx:libmx.dll
 0001:00059732       mxGetDimensions_700        000000018005a732 f   libmx:libmx.dll
 0001:00059738       mxGetNumberOfDimensions_700 000000018005a738 f   libmx:libmx.dll
 0001:0005973e       mxGetElementSize           000000018005a73e f   libmx:libmx.dll
 0001:00059744       mxCreateStringFromNChars_700 000000018005a744 f   libmx:libmx.dll
 0001:0005974a       mxIsLogicalScalarTrue      000000018005a74a f   libmx:libmx.dll
 0001:00059750       mxCreateLogicalScalar      000000018005a750 f   libmx:libmx.dll
 0001:00059756       mexErrMsgTxt               000000018005a756 f   libmex:libmex.dll
 0001:0005975c       mexWarnMsgTxt              000000018005a75c f   libmex:libmex.dll
 0001:00059762       mexCallMATLAB              000000018005a762 f   libmex:libmex.dll
 0001:00059768       mexUnlock                  000000018005a768 f   libmex:libmex.dll
 0001:0005976e       mexIsLocked                000000018005a76e f   libmex:libmex.dll
 0001:00059774       mexMakeArrayPersistent     000000018005a774 f   libmex:libmex.dll
 0001:0005977a       mexLock                    000000018005a77a f   libmex:libmex.dll
 0001:00059780       mexMakeMemoryPersistent    000000018005a780 f   libmex:libmex.dll
 0001:00059786       mexSetTrapFlag             000000018005a786 f   libmex:libmex.dll
 0001:0005978c       mexPutVariable             000000018005a78c f   libmex:libmex.dll
 0001:00059792       mexGetVariable             000000018005a792 f   libmex:libmex.dll
 0001:00059798       mexFunctionName            000000018005a798 f   libmex:libmex.dll
 0001:0005979e       ssRegisterDataTypeFxpFSlopeFixExpBias 000000018005a79e f   libfixedpoint:libfixedpoint.dll
 0001:000597a4       ssRegisterDataTypeFxpScaledDouble 000000018005a7a4 f   libfixedpoint:libfixedpoint.dll
 0001:000597aa       utMalloc                   000000018005a7aa f   libut:libut.dll
 0001:000597b0       utFree                     000000018005a7b0 f   libut:libut.dll
 0001:000597b6       utCPUtime                  000000018005a7b6 f   libut:libut.dll
 0001:000597bc       utVSNprintf                000000018005a7bc f   libut:libut.dll
 0001:000597c2       utCalloc                   000000018005a7c2 f   libut:libut.dll
 0001:000597c8       utRealloc                  000000018005a7c8 f   libut:libut.dll
 0001:000597ce       muDoubleScalarCos          000000018005a7ce f   libmwmathutil:libmwmathutil.dll
 0001:000597d4       muDoubleScalarAbs          000000018005a7d4 f   libmwmathutil:libmwmathutil.dll
 0001:000597da       muDoubleScalarFloor        000000018005a7da f   libmwmathutil:libmwmathutil.dll
 0001:000597e0       muDoubleScalarRound        000000018005a7e0 f   libmwmathutil:libmwmathutil.dll
 0001:000597e6       emlrtCreateRootTLS         000000018005a7e6 f   libemlrt:libemlrt.dll
 0001:000597ec       emlrtDestroyRootTLS        000000018005a7ec f   libemlrt:libemlrt.dll
 0001:000597f2       emlrtCheckBuiltInR2012b    000000018005a7f2 f   libemlrt:libemlrt.dll
 0001:000597f8       emlrtCheckVsBuiltInR2012b  000000018005a7f8 f   libemlrt:libemlrt.dll
 0001:000597fe       emlrtCheckEnumR2012b       000000018005a7fe f   libemlrt:libemlrt.dll
 0001:00059804       emlrtCreateEnumR2012b      000000018005a804 f   libemlrt:libemlrt.dll
 0001:0005980a       emlrtGetEnumElementR2009a  000000018005a80a f   libemlrt:libemlrt.dll
 0001:00059810       emlrtCreateReference       000000018005a810 f   libemlrt:libemlrt.dll
 0001:00059816       emlrtImportVsFiArrayR2009b 000000018005a816 f   libemlrt:libemlrt.dll
 0001:0005981c       emlrtNameCapturePostProcessR2012a 000000018005a81c f   libemlrt:libemlrt.dll
 0001:00059822       emlrtExtractMessageId      000000018005a822 f   libemlrt:libemlrt.dll
 0001:00059828       emlrtTranslateMessageIDtoLCPstring 000000018005a828 f   libemlrt:libemlrt.dll
 0001:0005982e       emlrtForLoopVectorIsValidR2011b 000000018005a82e f   libemlrt:libemlrt.dll
 0001:00059834       emlrtTranslateUTF16MessagetoLCPstring 000000018005a834 f   libemlrt:libemlrt.dll
 0001:0005983a       emlrtGetEnumUnderlyingArrayR2009a 000000018005a83a f   libemlrt:libemlrt.dll
 0001:00059840       emlrtIsEnumR2009a          000000018005a840 f   libemlrt:libemlrt.dll
 0001:00059846       memset                     000000018005a846 f   MSVCRT:MSVCR110.dll
 0001:0005984c       strlen                     000000018005a84c f   MSVCRT:MSVCR110.dll
 0001:00059854       __GSHandlerCheck           000000018005a854 f   MSVCRT:gshandler.obj
 0001:00059874       __GSHandlerCheckCommon     000000018005a874 f   MSVCRT:gshandler.obj
 0001:000598f0       __security_check_cookie    000000018005a8f0 f   MSVCRT:amdsecgs.obj
 0001:00059910       __raise_securityfailure    000000018005a910 f   MSVCRT:gs_report.obj
 0001:0005995c       __report_gsfailure         000000018005a95c f   MSVCRT:gs_report.obj
 0001:00059a30       __report_rangecheckfailure 000000018005aa30 f   MSVCRT:gs_report.obj
 0001:00059a44       __report_securityfailure   000000018005aa44 f   MSVCRT:gs_report.obj
 0001:00059ae0       __report_securityfailureEx 000000018005aae0 f   MSVCRT:gs_report.obj
 0001:00059bee       memcpy                     000000018005abee f   MSVCRT:MSVCR110.dll
 0001:00059bf4       strcat                     000000018005abf4 f   MSVCRT:MSVCR110.dll
 0001:00059bfa       strcmp                     000000018005abfa f   MSVCRT:MSVCR110.dll
 0001:00059c00       sprintf                    000000018005ac00 f   MSVCRT:MSVCR110.dll
 0001:00059c06       free                       000000018005ac06 f   MSVCRT:MSVCR110.dll
 0001:00059c0c       malloc                     000000018005ac0c f   MSVCRT:MSVCR110.dll
 0001:00059c74       NtCurrentTeb               000000018005ac74 f i MSVCRT:crtdll.obj
 0001:00059c80       _CRT_INIT                  000000018005ac80 f   MSVCRT:crtdll.obj
 0001:00059ecc       _DllMainCRTStartup         000000018005aecc f   MSVCRT:crtdll.obj
 0001:0005a042       _setjmp                    000000018005b042 f   MSVCRT:MSVCR110.dll
 0001:0005a048       strncpy                    000000018005b048 f   MSVCRT:MSVCR110.dll
 0001:0005a060       __chkstk                   000000018005b060 f   MSVCRT:chkstk.obj
 0001:0005a060       _alloca_probe              000000018005b060     MSVCRT:chkstk.obj
 0001:0005a0ae       longjmp                    000000018005b0ae f   MSVCRT:MSVCR110.dll
 0001:0005a0b4       strncmp                    000000018005b0b4 f   MSVCRT:MSVCR110.dll
 0001:0005a0ba       ceil                       000000018005b0ba f   MSVCRT:MSVCR110.dll
 0001:0005a0c0       strrchr                    000000018005b0c0 f   MSVCRT:MSVCR110.dll
 0001:0005a0c6       ldexp                      000000018005b0c6 f   MSVCRT:MSVCR110.dll
 0001:0005a0cc       __crt_debugger_hook        000000018005b0cc f   MSVCRT:MSVCR110.dll
 0001:0005a0d2       __crtUnhandledException    000000018005b0d2 f   MSVCRT:MSVCR110.dll
 0001:0005a0d8       __crtTerminateProcess      000000018005b0d8 f   MSVCRT:MSVCR110.dll
 0001:0005a0de       __crtCaptureCurrentContext 000000018005b0de f   MSVCRT:MSVCR110.dll
 0001:0005a0e4       __crtCapturePreviousContext 000000018005b0e4 f   MSVCRT:MSVCR110.dll
 0001:0005a0ea       __CppXcptFilter            000000018005b0ea f   MSVCRT:MSVCR110.dll
 0001:0005a0f0       _amsg_exit                 000000018005b0f0 f   MSVCRT:MSVCR110.dll
 0001:0005a100       _FindPESection             000000018005b100 f   MSVCRT:pesect.obj
 0001:0005a150       _IsNonwritableInCurrentImage 000000018005b150 f   MSVCRT:pesect.obj
 0001:0005a1a0       _ValidateImageBase         000000018005b1a0 f   MSVCRT:pesect.obj
 0001:0005a1d0       __atonexitinit             000000018005b1d0 f   MSVCRT:atonexit.obj
 0001:0005a220       _onexit                    000000018005b220 f   MSVCRT:atonexit.obj
 0001:0005a2d0       atexit                     000000018005b2d0 f   MSVCRT:atonexit.obj
 0001:0005a2e8       __security_init_cookie     000000018005b2e8 f   MSVCRT:gs_support.obj
 0001:0005a394       DllMain                    000000018005b394 f   MSVCRT:dllmain.obj
 0001:0005a3b8       _malloc_crt                000000018005b3b8 f   MSVCRT:MSVCR110.dll
 0001:0005a3c0       _RTC_Initialize            000000018005b3c0 f   MSVCRT:initsect.obj
 0001:0005a3f8       _RTC_Terminate             000000018005b3f8 f   MSVCRT:initsect.obj
 0001:0005a430       _initterm                  000000018005b430 f   MSVCRT:MSVCR110.dll
[...]
 0004:000036c0       $pdata$get_data_info_helper 00000001800756c0     sfc_debug:sfdb_symbol_scope.obj
 0004:000036cc       $pdata$1$get_data_info_helper 00000001800756cc     sfc_debug:sfdb_symbol_scope.obj
 0004:000036d8       $pdata$2$get_data_info_helper 00000001800756d8     sfc_debug:sfdb_symbol_scope.obj
 0004:000036e4       $pdata$3$get_data_info_helper 00000001800756e4     sfc_debug:sfdb_symbol_scope.obj
 0004:000036f0       $pdata$4$get_data_info_helper 00000001800756f0     sfc_debug:sfdb_symbol_scope.obj
 0004:000036fc       $pdata$5$get_data_info_helper 00000001800756fc     sfc_debug:sfdb_symbol_scope.obj
 0004:00003708       $pdata$6$get_data_info_helper 0000000180075708     sfc_debug:sfdb_symbol_scope.obj
 0004:00003714       $pdata$sf_debug_ss_get_data_info 0000000180075714     sfc_debug:sfdb_symbol_scope.obj
 0004:00003720       $pdata$sf_debug_ss_set_data_value_try 0000000180075720     sfc_debug:sfdb_symbol_scope.obj
 0004:0000372c       $pdata$sf_debug_ss_set_data_value 000000018007572c     sfc_debug:sfdb_symbol_scope.obj
 0004:00003738       $pdata$sf_debug_ss_get_data_value 0000000180075738     sfc_debug:sfdb_symbol_scope.obj
 0004:00003744       $pdata$getInstanceNumber   0000000180075744     sfc_debug:sfdb_symbol_scope.obj
 0004:00003750       $pdata$sf_debug_ss_watch_data 0000000180075750     sfc_debug:sfdb_symbol_scope.obj
 0004:0000375c       $pdata$0$sf_debug_ss_watch_data 000000018007575c     sfc_debug:sfdb_symbol_scope.obj
 0004:00003768       $pdata$1$sf_debug_ss_watch_data 0000000180075768     sfc_debug:sfdb_symbol_scope.obj
 0004:00003774       $pdata$2$sf_debug_ss_watch_data 0000000180075774     sfc_debug:sfdb_symbol_scope.obj
 0004:00003780       $pdata$sf_debug_ss_assign_data 0000000180075780     sfc_debug:sfdb_symbol_scope.obj
 0004:0000378c       $pdata$sf_debug_ss_data_bytes_string 000000018007578c     sfc_debug:sfdb_symbol_scope.obj
 0004:00003798       $pdata$sf_debug_ss_data_class_string 0000000180075798     sfc_debug:sfdb_symbol_scope.obj
 0004:000037a4       $pdata$1$sf_debug_ss_data_class_string 00000001800757a4     sfc_debug:sfdb_symbol_scope.obj
 0004:000037b0       $pdata$2$sf_debug_ss_data_class_string 00000001800757b0     sfc_debug:sfdb_symbol_scope.obj
 0004:000037bc       $pdata$3$sf_debug_ss_data_class_string 00000001800757bc     sfc_debug:sfdb_symbol_scope.obj
 0004:000037c8       $pdata$4$sf_debug_ss_data_class_string 00000001800757c8     sfc_debug:sfdb_symbol_scope.obj
 0004:000037d4       $pdata$sf_debug_ss_data_size_string 00000001800757d4     sfc_debug:sfdb_symbol_scope.obj
 0004:000037e0       $pdata$0$sf_debug_ss_data_size_string 00000001800757e0     sfc_debug:sfdb_symbol_scope.obj
 0004:000037ec       $pdata$1$sf_debug_ss_data_size_string 00000001800757ec     sfc_debug:sfdb_symbol_scope.obj
 0004:000037f8       $pdata$sf_debug_ss_data_create_data_info_struct 00000001800757f8     sfc_debug:sfdb_symbol_scope.obj
 0004:00003804       $pdata$1$sf_debug_ss_data_create_data_info_struct 0000000180075804     sfc_debug:sfdb_symbol_scope.obj
 0004:00003810       $pdata$2$sf_debug_ss_data_create_data_info_struct 0000000180075810     sfc_debug:sfdb_symbol_scope.obj
 0004:0000381c       $pdata$sf_debug_ss_data_create_name_value_pair 000000018007581c     sfc_debug:sfdb_symbol_scope.obj
 0004:00003828       $pdata$same_named_data_in_data_array 0000000180075828     sfc_debug:sfdb_symbol_scope.obj
 0004:00003834       $pdata$sf_debug_ss_whos    0000000180075834     sfc_debug:sfdb_symbol_scope.obj
 0004:00003840       $pdata$sf_debug_cc_initialize_chart 0000000180075840     sfc_debug:sfdb_coverage.obj
 0004:0000384c       $pdata$1$sf_debug_cc_initialize_chart 000000018007584c     sfc_debug:sfdb_coverage.obj
 0004:00003858       $pdata$2$sf_debug_cc_initialize_chart 0000000180075858     sfc_debug:sfdb_coverage.obj
 0004:00003864       $pdata$sf_debug_cc_initialize_instance 0000000180075864     sfc_debug:sfdb_coverage.obj
 0004:00003870       $pdata$2$sf_debug_cc_initialize_instance 0000000180075870     sfc_debug:sfdb_coverage.obj
 0004:0000387c       $pdata$3$sf_debug_cc_initialize_instance 000000018007587c     sfc_debug:sfdb_coverage.obj
 0004:00003888       $pdata$4$sf_debug_cc_initialize_instance 0000000180075888     sfc_debug:sfdb_coverage.obj
 0004:00003894       $pdata$sf_debug_cc_terminate_chart 0000000180075894     sfc_debug:sfdb_coverage.obj
 0004:000038a0       $pdata$0$sf_debug_cc_terminate_chart 00000001800758a0     sfc_debug:sfdb_coverage.obj
 0004:000038ac       $pdata$2$sf_debug_cc_terminate_chart 00000001800758ac     sfc_debug:sfdb_coverage.obj
 0004:000038b8       $pdata$3$sf_debug_cc_terminate_chart 00000001800758b8     sfc_debug:sfdb_coverage.obj
 0004:000038c4       $pdata$4$sf_debug_cc_terminate_chart 00000001800758c4     sfc_debug:sfdb_coverage.obj
 0004:000038d0       $pdata$sf_debug_cc_terminate_instance 00000001800758d0     sfc_debug:sfdb_coverage.obj
 0004:000038dc       $pdata$sf_debug_cc_terminate 00000001800758dc     sfc_debug:sfdb_coverage.obj
 0004:000038e8       $pdata$5$sf_debug_cc_terminate 00000001800758e8     sfc_debug:sfdb_coverage.obj
 0004:000038f4       $pdata$6$sf_debug_cc_terminate 00000001800758f4     sfc_debug:sfdb_coverage.obj
 0004:00003900       $pdata$sf_debug_cc_set_transition_maps 0000000180075900     sfc_debug:sfdb_coverage.obj
 0004:0000390c       $pdata$sf_debug_cc_set_transition_weights 000000018007590c     sfc_debug:sfdb_coverage.obj
 0004:00003918       $pdata$sf_debug_cc_set_state_weights 0000000180075918     sfc_debug:sfdb_coverage.obj
 0004:00003924       $pdata$sf_debug_cc_mark_object_if_needed 0000000180075924     sfc_debug:sfdb_coverage.obj
 0004:00003930       $pdata$sf_debug_cc_mark_transition_guard 0000000180075930     sfc_debug:sfdb_coverage.obj
 0004:0000393c       $pdata$sf_debug_cc_mark_transition_trigger 000000018007593c     sfc_debug:sfdb_coverage.obj
 0004:00003948       $pdata$sf_debug_cc_mark_transition_decision 0000000180075948     sfc_debug:sfdb_coverage.obj
 0004:00003954       $pdata$sf_debug_bm_clear_script_breakpoints 0000000180075954     sfc_debug:sfdb_breakpoints.obj
 0004:00003960       $pdata$sf_debug_bm_set_script_breakpoint 0000000180075960     sfc_debug:sfdb_breakpoints.obj
 0004:0000396c       $pdata$sf_debug_bm_clear_single_script_breakpoint 000000018007596c     sfc_debug:sfdb_breakpoints.obj
 0004:00003978       $pdata$sf_debug_bm_query_script_breakpoint 0000000180075978     sfc_debug:sfdb_breakpoints.obj
 0004:00003984       $pdata$sf_debug_bm_initialize_scripts 0000000180075984     sfc_debug:sfdb_breakpoints.obj
 0004:00003990       $pdata$0$sf_debug_bm_initialize_scripts 0000000180075990     sfc_debug:sfdb_breakpoints.obj
 0004:0000399c       $pdata$2$sf_debug_bm_initialize_scripts 000000018007599c     sfc_debug:sfdb_breakpoints.obj
 0004:000039a8       $pdata$3$sf_debug_bm_initialize_scripts 00000001800759a8     sfc_debug:sfdb_breakpoints.obj
 0004:000039b4       $pdata$4$sf_debug_bm_initialize_scripts 00000001800759b4     sfc_debug:sfdb_breakpoints.obj
 0004:000039c0       $pdata$sf_debug_bm_initialize_eml 00000001800759c0     sfc_debug:sfdb_breakpoints.obj
 0004:000039cc       $pdata$0$sf_debug_bm_initialize_eml 00000001800759cc     sfc_debug:sfdb_breakpoints.obj
 0004:000039d8       $pdata$1$sf_debug_bm_initialize_eml 00000001800759d8     sfc_debug:sfdb_breakpoints.obj
 0004:000039e4       $pdata$sf_debug_bm_terminate 00000001800759e4     sfc_debug:sfdb_breakpoints.obj
 0004:000039f0       $pdata$2$sf_debug_bm_terminate 00000001800759f0     sfc_debug:sfdb_breakpoints.obj
 0004:000039fc       $pdata$6$sf_debug_bm_terminate 00000001800759fc     sfc_debug:sfdb_breakpoints.obj
 0004:00003a08       $pdata$7$sf_debug_bm_terminate 0000000180075a08     sfc_debug:sfdb_breakpoints.obj
 0004:00003a14       $pdata$8$sf_debug_bm_terminate 0000000180075a14     sfc_debug:sfdb_breakpoints.obj
 0004:00003a20       $pdata$sf_debug_bm_remove_all_breakpoints_in_machine 0000000180075a20     sfc_debug:sfdb_breakpoints.obj
 0004:00003a2c       $pdata$sf_debug_bm_remove_all_breakpoints_in_chart 0000000180075a2c     sfc_debug:sfdb_breakpoints.obj
 0004:00003a38       $pdata$sf_debug_bm_initialize_global_breakpoints 0000000180075a38     sfc_debug:sfdb_breakpoints.obj
 0004:00003a44       $pdata$sf_debug_bm_set_breakpoint 0000000180075a44     sfc_debug:sfdb_breakpoints.obj
 0004:00003a50       $pdata$0$sf_debug_bm_set_breakpoint 0000000180075a50     sfc_debug:sfdb_breakpoints.obj
 0004:00003a5c       $pdata$1$sf_debug_bm_set_breakpoint 0000000180075a5c     sfc_debug:sfdb_breakpoints.obj
 0004:00003a68       $pdata$2$sf_debug_bm_set_breakpoint 0000000180075a68     sfc_debug:sfdb_breakpoints.obj
 0004:00003a74       $pdata$3$sf_debug_bm_set_breakpoint 0000000180075a74     sfc_debug:sfdb_breakpoints.obj
 0004:00003a80       $pdata$sf_debug_bm_set_eml_breakpoint 0000000180075a80     sfc_debug:sfdb_breakpoints.obj
 0004:00003a8c       $pdata$sf_debug_bm_map_debug_tag_to_breakpoint_tag 0000000180075a8c     sfc_debug:sfdb_breakpoints.obj
 0004:00003a98       $pdata$sf_debug_bm_is_a_eml_breakpoint_impl 0000000180075a98     sfc_debug:sfdb_breakpoints.obj
 0004:00003aa4       $pdata$sf_debug_bm_is_a_breakpoint 0000000180075aa4     sfc_debug:sfdb_breakpoints.obj
 0004:00003ab0       $pdata$1$sf_debug_bm_is_a_breakpoint 0000000180075ab0     sfc_debug:sfdb_breakpoints.obj
 0004:00003abc       $pdata$2$sf_debug_bm_is_a_breakpoint 0000000180075abc     sfc_debug:sfdb_breakpoints.obj
 0004:00003ac8       $pdata$3$sf_debug_bm_is_a_breakpoint 0000000180075ac8     sfc_debug:sfdb_breakpoints.obj
 0004:00003ad4       $pdata$4$sf_debug_bm_is_a_breakpoint 0000000180075ad4     sfc_debug:sfdb_breakpoints.obj
 0004:00003ae0       $pdata$5$sf_debug_bm_is_a_breakpoint 0000000180075ae0     sfc_debug:sfdb_breakpoints.obj
 0004:00003aec       $pdata$sf_debug_bm_get_all_breakpoints_in_machine 0000000180075aec     sfc_debug:sfdb_breakpoints.obj
 0004:00003af8       $pdata$0$sf_debug_bm_get_all_breakpoints_in_machine 0000000180075af8     sfc_debug:sfdb_breakpoints.obj
 0004:00003b04       $pdata$1$sf_debug_bm_get_all_breakpoints_in_machine 0000000180075b04     sfc_debug:sfdb_breakpoints.obj
 0004:00003b10       $pdata$2$sf_debug_bm_get_all_breakpoints_in_machine 0000000180075b10     sfc_debug:sfdb_breakpoints.obj
 0004:00003b1c       $pdata$3$sf_debug_bm_get_all_breakpoints_in_machine 0000000180075b1c     sfc_debug:sfdb_breakpoints.obj
 0004:00003b28       $pdata$sf_debug_bm_get_all_breakpoints_in_chart 0000000180075b28     sfc_debug:sfdb_breakpoints.obj
 0004:00003b34       $pdata$4$sf_debug_bm_get_all_breakpoints_in_chart 0000000180075b34     sfc_debug:sfdb_breakpoints.obj
 0004:00003b40       $pdata$5$sf_debug_bm_get_all_breakpoints_in_chart 0000000180075b40     sfc_debug:sfdb_breakpoints.obj
 0004:00003b4c       $pdata$6$sf_debug_bm_get_all_breakpoints_in_chart 0000000180075b4c     sfc_debug:sfdb_breakpoints.obj
 0004:00003b58       $pdata$7$sf_debug_bm_get_all_breakpoints_in_chart 0000000180075b58     sfc_debug:sfdb_breakpoints.obj
 0004:00003b64       $pdata$8$sf_debug_bm_get_all_breakpoints_in_chart 0000000180075b64     sfc_debug:sfdb_breakpoints.obj
 0004:00003b70       $pdata$sf_debug_bm_initialize_machine 0000000180075b70     sfc_debug:sfdb_breakpoints.obj
 0004:00003b7c       $pdata$sf_debug_bm_initialize_chart 0000000180075b7c     sfc_debug:sfdb_breakpoints.obj
 0004:00003b88       $pdata$sf_debug_sc_push_on_error_stack 0000000180075b88     sfc_debug:sfdb_state_consistency.obj
 0004:00003b94       $pdata$sf_debug_sc_terminate 0000000180075b94     sfc_debug:sfdb_state_consistency.obj
 0004:00003ba0       $pdata$6$sf_debug_sc_terminate 0000000180075ba0     sfc_debug:sfdb_state_consistency.obj
 0004:00003bac       $pdata$7$sf_debug_sc_terminate 0000000180075bac     sfc_debug:sfdb_state_consistency.obj
 0004:00003bb8       $pdata$sf_debug_sc_is_state_inconsistent 0000000180075bb8     sfc_debug:sfdb_state_consistency.obj
 0004:00003bc4       $pdata$0$sf_debug_sc_is_state_inconsistent 0000000180075bc4     sfc_debug:sfdb_state_consistency.obj
 0004:00003bd0       $pdata$1$sf_debug_sc_is_state_inconsistent 0000000180075bd0     sfc_debug:sfdb_state_consistency.obj
 0004:00003bdc       $pdata$sf_debug_sc_is_chart_consistent 0000000180075bdc     sfc_debug:sfdb_state_consistency.obj
 0004:00003be8       $pdata$sf_debug_sc_fill_consistency_info 0000000180075be8     sfc_debug:sfdb_state_consistency.obj
 0004:00003bf4       $pdata$1$sf_debug_sc_fill_consistency_info 0000000180075bf4     sfc_debug:sfdb_state_consistency.obj
 0004:00003c00       $pdata$2$sf_debug_sc_fill_consistency_info 0000000180075c00     sfc_debug:sfdb_state_consistency.obj
 0004:00003c0c       $pdata$sf_debug_sc_get_consistency_error_info 0000000180075c0c     sfc_debug:sfdb_state_consistency.obj
 0004:00003c18       $pdata$3$sf_debug_sc_get_consistency_error_info 0000000180075c18     sfc_debug:sfdb_state_consistency.obj
 0004:00003c24       $pdata$4$sf_debug_sc_get_consistency_error_info 0000000180075c24     sfc_debug:sfdb_state_consistency.obj
 0004:00003c30       $pdata$sf_debug_tm_terminate 0000000180075c30     sfc_debug:sfdb_call_stack.obj
 0004:00003c3c       $pdata$0$sf_debug_tm_terminate 0000000180075c3c     sfc_debug:sfdb_call_stack.obj
 0004:00003c48       $pdata$1$sf_debug_tm_terminate 0000000180075c48     sfc_debug:sfdb_call_stack.obj
 0004:00003c54       $pdata$2$sf_debug_tm_terminate 0000000180075c54     sfc_debug:sfdb_call_stack.obj
 0004:00003c60       $pdata$3$sf_debug_tm_terminate 0000000180075c60     sfc_debug:sfdb_call_stack.obj
 0004:00003c6c       $pdata$sf_debug_tm_push_chart_instance 0000000180075c6c     sfc_debug:sfdb_call_stack.obj
 0004:00003c78       $pdata$1$sf_debug_tm_push_chart_instance 0000000180075c78     sfc_debug:sfdb_call_stack.obj
 0004:00003c84       $pdata$2$sf_debug_tm_push_chart_instance 0000000180075c84     sfc_debug:sfdb_call_stack.obj
 0004:00003c90       $pdata$sf_debug_tm_push_trace_node 0000000180075c90     sfc_debug:sfdb_call_stack.obj
 0004:00003c9c       $pdata$0$sf_debug_tm_push_trace_node 0000000180075c9c     sfc_debug:sfdb_call_stack.obj
 0004:00003ca8       $pdata$7$sf_debug_tm_push_trace_node 0000000180075ca8     sfc_debug:sfdb_call_stack.obj
 0004:00003cb4       $pdata$8$sf_debug_tm_push_trace_node 0000000180075cb4     sfc_debug:sfdb_call_stack.obj
 0004:00003cc0       $pdata$sf_debug_tm_fill_local_trace 0000000180075cc0     sfc_debug:sfdb_call_stack.obj
 0004:00003ccc       $pdata$1$sf_debug_tm_fill_local_trace 0000000180075ccc     sfc_debug:sfdb_call_stack.obj
 0004:00003cd8       $pdata$2$sf_debug_tm_fill_local_trace 0000000180075cd8     sfc_debug:sfdb_call_stack.obj
 0004:00003ce4       $pdata$sf_debug_tm_browse_trace 0000000180075ce4     sfc_debug:sfdb_call_stack.obj
 0004:00003cf0       $pdata$4$sf_debug_tm_browse_trace 0000000180075cf0     sfc_debug:sfdb_call_stack.obj
 0004:00003cfc       $pdata$5$sf_debug_tm_browse_trace 0000000180075cfc     sfc_debug:sfdb_call_stack.obj
 0004:00003d08       $pdata$sf_debug_cd_initialize_instance 0000000180075d08     sfc_debug:sfdb_cycle_detection.obj
 0004:00003d14       $pdata$sf_debug_cd_terminate_instance 0000000180075d14     sfc_debug:sfdb_cycle_detection.obj
 0004:00003d20       $pdata$sf_debug_cd_free_checksum_stack 0000000180075d20     sfc_debug:sfdb_cycle_detection.obj
 0004:00003d2c       $pdata$0$sf_debug_cd_free_checksum_stack 0000000180075d2c     sfc_debug:sfdb_cycle_detection.obj
 0004:00003d38       $pdata$1$sf_debug_cd_free_checksum_stack 0000000180075d38     sfc_debug:sfdb_cycle_detection.obj
 0004:00003d44       $pdata$sf_debug_cd_reset_pack_strings 0000000180075d44     sfc_debug:sfdb_cycle_detection.obj
 0004:00003d50       $pdata$6$sf_debug_cd_reset_pack_strings 0000000180075d50     sfc_debug:sfdb_cycle_detection.obj
 0004:00003d5c       $pdata$7$sf_debug_cd_reset_pack_strings 0000000180075d5c     sfc_debug:sfdb_cycle_detection.obj
 0004:00003d68       $pdata$sf_debug_cd_mark_processed_transition_in_instance 0000000180075d68     sfc_debug:sfdb_cycle_detection.obj
 0004:00003d74       $pdata$sf_debug_cd_checksum_push 0000000180075d74     sfc_debug:sfdb_cycle_detection.obj
 0004:00003d80       $pdata$4$sf_debug_cd_checksum_push 0000000180075d80     sfc_debug:sfdb_cycle_detection.obj
 0004:00003d8c       $pdata$5$sf_debug_cd_checksum_push 0000000180075d8c     sfc_debug:sfdb_cycle_detection.obj
 0004:00003d98       $pdata$sf_debug_cd_checksum_pop 0000000180075d98     sfc_debug:sfdb_cycle_detection.obj
 0004:00003da4       $pdata$0$sf_debug_cd_checksum_pop 0000000180075da4     sfc_debug:sfdb_cycle_detection.obj
 0004:00003db0       $pdata$1$sf_debug_cd_checksum_pop 0000000180075db0     sfc_debug:sfdb_cycle_detection.obj
 0004:00003dbc       $pdata$sf_debug_cd_turn_off_cycle_detection 0000000180075dbc     sfc_debug:sfdb_cycle_detection.obj
 0004:00003dc8       $pdata$0$sf_debug_cd_turn_off_cycle_detection 0000000180075dc8     sfc_debug:sfdb_cycle_detection.obj
 0004:00003dd4       $pdata$1$sf_debug_cd_turn_off_cycle_detection 0000000180075dd4     sfc_debug:sfdb_cycle_detection.obj
 0004:00003de0       $pdata$sf_debug_cd_terminate 0000000180075de0     sfc_debug:sfdb_cycle_detection.obj
 0004:00003dec       $pdata$5$sf_debug_cd_terminate 0000000180075dec     sfc_debug:sfdb_cycle_detection.obj
 0004:00003df8       $pdata$6$sf_debug_cd_terminate 0000000180075df8     sfc_debug:sfdb_cycle_detection.obj
 0004:00003e04       $pdata$MD5Transform        0000000180075e04     sfc_debug:ckmd5.obj
 0004:00003e10       $pdata$md5file_addn        0000000180075e10     sfc_debug:ckmd5.obj
 0004:00003e1c       $pdata$md5file_hash        0000000180075e1c     sfc_debug:ckmd5.obj
 0004:00003e28       $pdata$md5_get_hash        0000000180075e28     sfc_debug:ckmd5.obj
 0004:00003e34       $pdata$md5_get_hash_for_a_single_string 0000000180075e34     sfc_debug:ckmd5.obj
 0004:00003e40       $pdata$__GSHandlerCheck    0000000180075e40     MSVCRT:gshandler.obj
 0004:00003e4c       $pdata$__GSHandlerCheckCommon 0000000180075e4c     MSVCRT:gshandler.obj
 0004:00003e64       $pdata$__raise_securityfailure 0000000180075e64     MSVCRT:gs_report.obj
 0004:00003e70       $pdata$__report_gsfailure  0000000180075e70     MSVCRT:gs_report.obj
 0004:00003e7c       $pdata$__report_rangecheckfailure 0000000180075e7c     MSVCRT:gs_report.obj
 0004:00003e88       $pdata$__report_securityfailure 0000000180075e88     MSVCRT:gs_report.obj
 0004:00003e94       $pdata$__report_securityfailureEx 0000000180075e94     MSVCRT:gs_report.obj
 0004:00003ea0       $pdata$pre_c_init          0000000180075ea0     MSVCRT:crtdll.obj
 0004:00003eac       $pdata$_CRT_INIT           0000000180075eac     MSVCRT:crtdll.obj
 0004:00003eb8       $pdata$_DllMainCRTStartup  0000000180075eb8     MSVCRT:crtdll.obj
 0004:00003ec4       $pdata$__DllMainCRTStartup 0000000180075ec4     MSVCRT:crtdll.obj
 0004:00003edc       $pdata$_IsNonwritableInCurrentImage 0000000180075edc     MSVCRT:pesect.obj
 0004:00003ee8       $pdata$__atonexitinit      0000000180075ee8     MSVCRT:atonexit.obj
 0004:00003ef4       $pdata$_onexit             0000000180075ef4     MSVCRT:atonexit.obj
 0004:00003f00       $pdata$atexit              0000000180075f00     MSVCRT:atonexit.obj
 0004:00003f0c       $pdata$__security_init_cookie 0000000180075f0c     MSVCRT:gs_support.obj
 0004:00003f18       $pdata$DllMain             0000000180075f18     MSVCRT:dllmain.obj
 0004:00003f24       $pdata$_RTC_Initialize     0000000180075f24     MSVCRT:initsect.obj
 0004:00003f30       $pdata$_RTC_Terminate      0000000180075f30     MSVCRT:initsect.obj
 0004:00003f3c       $pdata$__DllMainCRTStartup$filt$0 0000000180075f3c     MSVCRT:crtdll.obj
 0004:00003f48       $pdata$__DllMainCRTStartup$fin$1 0000000180075f48     MSVCRT:crtdll.obj
 0004:00003f54       $pdata$_IsNonwritableInCurrentImage$filt$0 0000000180075f54     MSVCRT:pesect.obj
 0004:00003f60       $pdata$_onexit$fin$0       0000000180075f60     MSVCRT:atonexit.obj
