<html>
<body>
<pre>
<h1>µVision Build Log</h1>
<h2>Project:</h2>
E:\Learning\Matlab_Library_STM32F4\waijung13_10a\targets\stm32f4_target\stm32f4\demo\BalanceFuzzy\BalanceFuzzy_stm32f4\BalanceFuzzy.uvproj
Project File Date:  12/03/2013

<h2>Output:</h2>
Build target 'Target 1'
compiling BalanceFuzzy.c...
stm32f4_io_customcode.h(75): warning:  #1-D: last line of file ends without a newline
  #endif
BalanceFuzzy.c(1619): warning:  #223-D: function "UARTTxBlockingWrite" declared implicitly
    UARTTxBlockingWrite(UARTTx_packet_buffer, 52);
BalanceFuzzy.c: 2 warnings, 0 errors
compiling BalanceFuzzy_data.c...
stm32f4_io_customcode.h(75): warning:  #1-D: last line of file ends without a newline
  #endif
BalanceFuzzy_data.c: 1 warning, 0 errors
compiling main.c...
stm32f4_io_customcode.h(75): warning:  #1-D: last line of file ends without a newline
  #endif
main.c: 1 warning, 0 errors
compiling misc.c...
compiling pulsetoangle_wrapper.c...
compiling pulsetoangle1_wrapper.c...
compiling rt_nonfinite.c...
compiling rtGetInf.c...
compiling rtGetNaN.c...
compiling stm32f4_io_customcode.c...
stm32f4_io_customcode.h(75): warning:  #1-D: last line of file ends without a newline
  #endif
stm32f4_io_customcode.h(75): warning:  #1-D: last line of file ends without a newline
  #endif
stm32f4_io_customcode.c: 2 warnings, 0 errors
compiling stm32f4xx_gpio.c...
compiling stm32f4xx_it.c...
stm32f4_io_customcode.h(75): warning:  #1-D: last line of file ends without a newline
  #endif
stm32f4xx_it.c: 1 warning, 0 errors
compiling stm32f4xx_pwr.c...
compiling stm32f4xx_rcc.c...
compiling stm32f4xx_syscfg.c...
compiling stm32f4xx_tim.c...
compiling system_stm32f4xx.c...
compiling waijung_hwdrvlib.c...
stm32f4_io_customcode.h(75): warning:  #1-D: last line of file ends without a newline
  #endif
waijung_hwdrvlib.c: 1 warning, 0 errors
assembling startup_stm32f4xx.s...
compiling stm32f4xx_dma.c...
compiling stm32f4xx_usart.c...
linking...
Program Size: Code=37560 RO-data=428 RW-data=1724 ZI-data=17212  
".\BalanceFuzzy.axf" - 0 Error(s), 8 Warning(s).
Load "E:\\Learning\\Matlab_Library_STM32F4\\waijung13_10a\\targets\\stm32f4_target\\stm32f4\\demo\\BalanceFuzzy\\BalanceFuzzy_stm32f4\\BalanceFuzzy.axf" 
Erase Done.
Programming Done.
Verify OK.
</pre>
</body>
</html>

.\BalanceFuzzy.axf: Error: L6218E: Undefined symbol USART_ClearFlag (referred from waijung_hwdrvlib.o).
.\BalanceFuzzy.axf: Error: L6218E: Undefined symbol USART_Cmd (referred from waijung_hwdrvlib.o).
.\BalanceFuzzy.axf: Error: L6218E: Undefined symbol USART_DMACmd (referred from waijung_hwdrvlib.o).
.\BalanceFuzzy.axf: Error: L6218E: Undefined symbol USART_GetFlagStatus (referred from waijung_hwdrvlib.o).
.\BalanceFuzzy.axf: Error: L6218E: Undefined symbol USART_Init (referred from waijung_hwdrvlib.o).
.\BalanceFuzzy.axf: Error: L6218E: Undefined symbol USART_OverSampling8Cmd (referred from waijung_hwdrvlib.o).
Not enough information to list image symbols.
Finished: 1 information, 0 warning and 10 error messages.
".\BalanceFuzzy.axf" - 10 Error(s), 8 Warning(s).
Target not created
