 untitled_sfun

 Timestamp is 52c2b5d3 (Tue Dec 31 19:17:23 2013)

 Preferred load address is 0000000180000000

 Start         Length     Name                   Class
 0001:00000000 00035df2H .text                   CODE
 0001:00035e00 0000007bH .text$x                 CODE
 0002:00000000 00000478H .idata$5                DATA
 0002:00000478 00000008H .CRT$XCA                DATA
 0002:00000480 00000008H .CRT$XCZ                DATA
 0002:00000488 00000008H .CRT$XIA                DATA
 0002:00000490 00000008H .CRT$XIAA               DATA
 0002:00000498 00000008H .CRT$XIC                DATA
 0002:000004a0 00000008H .CRT$XIZ                DATA
 0002:000004b0 00004b80H .rdata                  DATA
 0002:00005030 00000008H .rtc$IAA                DATA
 0002:00005038 00000008H .rtc$IZZ                DATA
 0002:00005040 00000008H .rtc$TAA                DATA
 0002:00005048 00000008H .rtc$TZZ                DATA
 0002:00005050 00004180H .xdata                  DATA
 0002:000091d0 000000a0H .idata$2                DATA
 0002:00009270 00000014H .idata$3                DATA
 0002:00009288 00000478H .idata$4                DATA
 0002:00009700 00000a92H .idata$6                DATA
 0002:0000a1a0 00000053H .edata                  DATA
 0003:00000000 00001c64H .data                   DATA
 0003:00001c80 00002438H .bss                    DATA
 0004:00000000 00003138H .pdata                  DATA

  Address         Publics by Value              Rva+Base               Lib:Object

 0000:00000000       ___safe_se_handler_table   0000000000000000     <absolute>
 0000:00000000       ___safe_se_handler_count   0000000000000000     <absolute>
 0000:00000000       __ImageBase                0000000180000000     <linker-defined>
 0001:00000000       sf_c2_untitled_get_eml_resolved_functions_info 0000000180001000 f   c2_untitled.obj
 0001:00000d30       sf_c2_untitled_get_check_sum 0000000180001d30 f   c2_untitled.obj
 0001:00000e00       c2_untitled_method_dispatcher 0000000180001e00 f   c2_untitled.obj
 0001:00001ba0       sf_c2_untitled_get_autoinheritance_info 0000000180002ba0 f   c2_untitled.obj
 0001:00001fc0       sf_c2_untitled_third_party_uses_info 0000000180002fc0 f   c2_untitled.obj
 0001:00002980       sf_internal_get_sim_state_c2_untitled 0000000180003980 f   c2_untitled.obj
 0001:00002ad0       sf_internal_set_sim_state_c2_untitled 0000000180003ad0 f   c2_untitled.obj
 0001:00003570       mexFunction                0000000180004570 f   untitled_sfun_registry.obj
 0001:00004710       _ssSetInputPortDirectFeedThroughFcn 0000000180005710 f   untitled_sfun_registry.obj
 0001:00004870       _ssGetInputPortSignalPtrsFcn 0000000180005870 f   untitled_sfun_registry.obj
 0001:00004a90       _ssGetInputPortSignalFcn   0000000180005a90 f   untitled_sfun_registry.obj
 0001:00004cb0       _ssSetInputPortReusableFcn 0000000180005cb0 f   untitled_sfun_registry.obj
 0001:00004d90       _ssSetOutputPortReusableFcn 0000000180005d90 f   untitled_sfun_registry.obj
 0001:00004e70       ssGetIsZeroCrossControlDisabled 0000000180005e70 f   untitled_sfun_registry.obj
 0001:00004ee0       ssSetIsInputPortUsedForContZcSignal 0000000180005ee0 f   untitled_sfun_registry.obj
 0001:00004f50       ssSetZcSignalIsZcElementDisc 0000000180005f50 f   untitled_sfun_registry.obj
 0001:00005000       ssSetZcSignalName          0000000180006000 f   untitled_sfun_registry.obj
 0001:00005070       ssSetZcSignalWidth         0000000180006070 f   untitled_sfun_registry.obj
 0001:000050e0       ssSetZcSignalZcEventType   00000001800060e0 f   untitled_sfun_registry.obj
 0001:00005150       ssSetZcSignalType          0000000180006150 f   untitled_sfun_registry.obj
 0001:000051c0       ssSetZcSignalZcTol         00000001800061c0 f   untitled_sfun_registry.obj
 0001:00005230       ssSetZcSignalNeedsEventNotification 0000000180006230 f   untitled_sfun_registry.obj
 0001:000052a0       ssCreateAndAddZcSignalInfo 00000001800062a0 f   untitled_sfun_registry.obj
 0001:00005310       ssCloneAndAddZcSignalInfo  0000000180006310 f   untitled_sfun_registry.obj
 0001:00005380       ssGetNumZcSignals          0000000180006380 f   untitled_sfun_registry.obj
 0001:000053f0       ssGetZcSignalVector        00000001800063f0 f   untitled_sfun_registry.obj
 0001:00005460       ssGetZcSignalName          0000000180006460 f   untitled_sfun_registry.obj
 0001:000054d0       ssGetZcSignalWidth         00000001800064d0 f   untitled_sfun_registry.obj
 0001:00005540       ssGetZcSignalZcEventType   0000000180006540 f   untitled_sfun_registry.obj
 0001:000055b0       ssGetZcSignalZcEvents      00000001800065b0 f   untitled_sfun_registry.obj
 0001:00005620       ssGetZcSignalType          0000000180006620 f   untitled_sfun_registry.obj
 0001:00005690       ssGetZcSignalZcTol         0000000180006690 f   untitled_sfun_registry.obj
 0001:00005710       ssGetZcSignalNeedsEventNotification 0000000180006710 f   untitled_sfun_registry.obj
 0001:00005780       ssGetZcSignalIsZcElementDisc 0000000180006780 f   untitled_sfun_registry.obj
 0001:00005820       ssGetIsInputPortElementContinuous 0000000180006820 f   untitled_sfun_registry.obj
 0001:000058c0       ssGetDTypeIdFromMxArray    00000001800068c0 f   untitled_sfun_registry.obj
 0001:000059e0       ssWriteRTWStr              00000001800069e0 f   untitled_sfun_registry.obj
 0001:00005a40       ssWriteRTWNameValuePair    0000000180006a40 f   untitled_sfun_registry.obj
 0001:00005f40       ssWriteRTWParamSettings    0000000180006f40 f   untitled_sfun_registry.obj
 0001:00006630       ssWriteRTWParameters       0000000180007630 f   untitled_sfun_registry.obj
 0001:00006c00       ssWriteRTWWorkVect         0000000180007c00 f   untitled_sfun_registry.obj
 0001:000070f0       ssWriteRTWMxVectParam      00000001800080f0 f   untitled_sfun_registry.obj
 0001:00007170       ssWriteRTWMx2dMatParam     0000000180008170 f   untitled_sfun_registry.obj
 0001:00007200       _ssSetInputPortMatrixDimensions 0000000180008200 f   untitled_sfun_registry.obj
 0001:00007300       _ssSetOutputPortMatrixDimensions 0000000180008300 f   untitled_sfun_registry.obj
 0001:00007400       _ssSetInputPortVectorDimension 0000000180008400 f   untitled_sfun_registry.obj
 0001:000074b0       _ssSetOutputPortVectorDimension 00000001800084b0 f   untitled_sfun_registry.obj
 0001:00007560       ssIsRunTimeParamTunable    0000000180008560 f   untitled_sfun_registry.obj
 0001:000075d0       ssGetSFuncBlockHandle      00000001800085d0 f   untitled_sfun_registry.obj
 0001:00007640       _ssGetCurrentInputPortWidth 0000000180008640 f   untitled_sfun_registry.obj
 0001:00007760       _ssGetCurrentOutputPortWidth 0000000180008760 f   untitled_sfun_registry.obj
 0001:00007880       _ssGetCallSystemNumFcnCallDestinations 0000000180008880 f   untitled_sfun_registry.obj
 0001:000078f0       ssWarning                  00000001800088f0 f   untitled_sfun_registry.obj
 0001:000079e0       _ssGetAbsTol               00000001800089e0 f   untitled_sfun_registry.obj
 0001:00007a50       _ssSetStateAbsTol          0000000180008a50 f   untitled_sfun_registry.obj
 0001:00007b30       sf_process_check_sum_call  0000000180008b30 f   untitled_sfun_registry.obj
 0001:00007b80       sf_process_autoinheritance_call 0000000180008b80 f   untitled_sfun_registry.obj
 0001:00007db0       sf_process_get_third_party_uses_info_call 0000000180008db0 f   untitled_sfun_registry.obj
 0001:00007fe0       sf_process_get_eml_resolved_functions_info_call 0000000180008fe0 f   untitled_sfun_registry.obj
 0001:000081e0       sf_mex_unlock_call         00000001800091e0 f   untitled_sfun_registry.obj
 0001:00008430       sf_machine_global_initializer_called 0000000180009430 f   untitled_sfun_registry.obj
 0001:00008460       sf_machine_global_method_dispatcher 0000000180009460 f   untitled_sfun_registry.obj
 0001:000084c0       sf_machine_global_terminator 00000001800094c0 f   untitled_sfun_registry.obj
 0001:00008510       sf_register_machine_exported_symbols 0000000180009510 f   untitled_sfun_registry.obj
 0001:00008530       callCustomFcn              0000000180009530 f   untitled_sfun_registry.obj
 0001:00008540       sf_machine_global_initializer 0000000180009540 f   untitled_sfun_registry.obj
 0001:000085c0       ProcessMexSfunctionEveryCall 00000001800095c0 f   untitled_sfun_registry.obj
 0001:00009230       untitled_initializer       000000018000a230 f   untitled_sfun.obj
 0001:00009240       untitled_terminator        000000018000a240 f   untitled_sfun.obj
 0001:00009250       load_untitled_optimization_info 000000018000a250 f   untitled_sfun.obj
 0001:000092a0       unload_untitled_optimization_info 000000018000a2a0 f   untitled_sfun.obj
 0001:000092d0       sf_untitled_method_dispatcher 000000018000a2d0 f   untitled_sfun.obj
 0001:00009320       sf_untitled_process_check_sum_call 000000018000a320 f   untitled_sfun.obj
 0001:000099a0       sf_untitled_autoinheritance_info 000000018000a9a0 f   untitled_sfun.obj
 0001:00009b80       sf_untitled_get_eml_resolved_functions_info 000000018000ab80 f   untitled_sfun.obj
 0001:00009d00       sf_untitled_third_party_uses_info 000000018000ad00 f   untitled_sfun.obj
 0001:00009ed0       untitled_debug_initialize  000000018000aed0 f   untitled_sfun.obj
 0001:00009f50       untitled_register_exported_symbols 000000018000af50 f   untitled_sfun.obj
 0001:00009f60       sf_send_message_wrapper    000000018000af60 f   sfc_mex:sfc_sf.obj
 0001:00009f90       sf_receive_message_wrapper 000000018000af90 f   sfc_mex:sfc_sf.obj
 0001:00009fd0       sf_check_out_message_wrapper 000000018000afd0 f   sfc_mex:sfc_sf.obj
 0001:0000a010       sf_check_in_message_wrapper 000000018000b010 f   sfc_mex:sfc_sf.obj
 0001:0000a050       sf_no_message_wrapper      000000018000b050 f   sfc_mex:sfc_sf.obj
 0001:0000a3e0       sim_mode_is_rtw_gen        000000018000b3e0 f   sfc_mex:sfc_sf.obj
 0001:0000a410       sim_mode_is_external       000000018000b410 f   sfc_mex:sfc_sf.obj
 0001:0000a420       sim_mode_is_modelref_sim   000000018000b420 f   sfc_mex:sfc_sf.obj
 0001:0000a440       mdlInitializeSizes         000000018000b440 f   sfc_mex:sfc_sf.obj
 0001:0000a460       mdlInitializeSampleTimes   000000018000b460 f   sfc_mex:sfc_sf.obj
 0001:0000a4a0       mdlZeroCrossings           000000018000b4a0 f   sfc_mex:sfc_sf.obj
 0001:0000a590       mdlDerivatives             000000018000b590 f   sfc_mex:sfc_sf.obj
 0001:0000a650       mdl_initialize_conditions_processing 000000018000b650 f   sfc_mex:sfc_sf.obj
 0001:0000a680       mdlInitializeConditions    000000018000b680 f   sfc_mex:sfc_sf.obj
 0001:0000a740       mdlGetSimState             000000018000b740 f   sfc_mex:sfc_sf.obj
 0001:0000a750       mdlSetSimState             000000018000b750 f   sfc_mex:sfc_sf.obj
 0001:0000a760       mdl_ext_mode_exec_processing 000000018000b760 f   sfc_mex:sfc_sf.obj
 0001:0000a780       mdlExtModeExec             000000018000b780 f   sfc_mex:sfc_sf.obj
 0001:0000a920       mdlTerminate               000000018000b920 f   sfc_mex:sfc_sf.obj
 0001:0000a990       mdlRTW                     000000018000b990 f   sfc_mex:sfc_sf.obj
 0001:0000a9c0       mdlSetWorkWidths           000000018000b9c0 f   sfc_mex:sfc_sf.obj
 0001:0000a9d0       mdlProcessParameters       000000018000b9d0 f   sfc_mex:sfc_sf.obj
 0001:0000a9e0       mdl_start_processing       000000018000b9e0 f   sfc_mex:sfc_sf.obj
 0001:0000aa40       mdlStart                   000000018000ba40 f   sfc_mex:sfc_sf.obj
 0001:0000ab50       mdlEnable                  000000018000bb50 f   sfc_mex:sfc_sf.obj
 0001:0000ac30       mdlDisable                 000000018000bc30 f   sfc_mex:sfc_sf.obj
 0001:0000acf0       sf_get_chart_instance_ptr  000000018000bcf0 f   sfc_mex:sfc_sf.obj
 0001:0000ad10       sf_load_rtw_optimization_info 000000018000bd10 f   sfc_mex:sfc_sf.obj
 0001:0000ade0       sf_update_buildInfo        000000018000bde0 f   sfc_mex:sfc_sf.obj
 0001:0000aee0       sf_rtw_info_uint_prop      000000018000bee0 f   sfc_mex:sfc_sf.obj
 0001:0000b020       sf_is_chart_inlinable      000000018000c020 f   sfc_mex:sfc_sf.obj
 0001:0000b040       sf_mark_output_events_with_multiple_callers 000000018000c040 f   sfc_mex:sfc_sf.obj
 0001:0000b1d0       sf_mark_chart_reusable_outputs 000000018000c1d0 f   sfc_mex:sfc_sf.obj
 0001:0000b430       sf_mark_chart_expressionable_inputs 000000018000c430 f   sfc_mex:sfc_sf.obj
 0001:0000b690       sf_get_subchart_simstruct  000000018000c690 f   sfc_mex:sfc_sf.obj
 0001:0000b6e0       sf_get_fixpt_data_type_id  000000018000c6e0 f   sfc_mex:sfc_sf.obj
 0001:0000b720       sf_get_enum_data_type_id   000000018000c720 f   sfc_mex:sfc_sf.obj
 0001:0000b760       sf_get_param_data_type_id  000000018000c760 f   sfc_mex:sfc_sf.obj
 0001:0000b790       sf_mex_listen_for_ctrl_c_force 000000018000c790 f   sfc_mex:sfc_sf.obj
 0001:0000b8a0       sf_mex_draw_now            000000018000c8a0 f   sfc_mex:sfc_sf.obj
 0001:0000b8e0       sf_mex_set_debugger_sim_status_listener_fcn 000000018000c8e0 f   sfc_mex:sfc_sf.obj
 0001:0000b8f0       sf_mex_listen_for_ctrl_c   000000018000c8f0 f   sfc_mex:sfc_sf.obj
 0001:0000b990       sf_mex_get_sfun_param      000000018000c990 f   sfc_mex:sfc_sf.obj
 0001:0000b9e0       sf_get_runtime_param_data  000000018000c9e0 f   sfc_mex:sfc_sf.obj
 0001:0000ba20       sf_call_output_fcn_call    000000018000ca20 f   sfc_mex:sfc_sf.obj
 0001:0000bb60       sf_call_output_fcn_enable  000000018000cb60 f   sfc_mex:sfc_sf.obj
 0001:0000bbf0       sf_call_output_fcn_disable 000000018000cbf0 f   sfc_mex:sfc_sf.obj
 0001:0000bc80       sf_clear_rtw_identifier    000000018000cc80 f   sfc_mex:sfc_sf.obj
 0001:0000c4a0       sf_set_encoded_dwork_info  000000018000d4a0 f   sfc_mex:sfc_sf.obj
 0001:0000c4f0       sf_get_dwork_info_from_mat_file 000000018000d4f0 f   sfc_mex:sfc_sf.obj
 0001:0000c6b0       sf_set_rtw_dwork_info      000000018000d6b0 f   sfc_mex:sfc_sf.obj
 0001:0000c820       mdlOutputs                 000000018000d820 f   sfc_mex:sfc_sf.obj
 0001:0000ca10       sf_mex_mx_is_numeric       000000018000da10 f   sfc_mex:sfc_mex.obj
 0001:0000ca50       strcmp_ignore_ws           000000018000da50 f   sfc_mex:sfc_mex.obj
 0001:0000cb90       sf_mex_duplicatearraysafe  000000018000db90 f   sfc_mex:sfc_mex.obj
 0001:0000ccf0       sf_set_error_debugger_context_message_fcn 000000018000dcf0 f   sfc_mex:sfc_mex.obj
 0001:0000cd00       sf_set_debugger_matlab_error_fcn 000000018000dd00 f   sfc_mex:sfc_mex.obj
 0001:0000cd40       sf_set_error_prefix_string 000000018000dd40 f   sfc_mex:sfc_mex.obj
 0001:0000cd70       sf_get_error_prefix_string 000000018000dd70 f   sfc_mex:sfc_mex.obj
 0001:0000cd80       sf_mex_enter_parallel_region 000000018000dd80 f   sfc_mex:sfc_mex.obj
 0001:0000cd90       sf_mex_exit_parallel_region 000000018000dd90 f   sfc_mex:sfc_mex.obj
 0001:0000cda0       sf_get_current_jmp_buf_ptr 000000018000dda0 f   sfc_mex:sfc_mex.obj
 0001:0000cdb0       sf_set_current_jmp_buf_ptr 000000018000ddb0 f   sfc_mex:sfc_mex.obj
 0001:0000cdc0       sf_mex_set_halt_simulation 000000018000ddc0 f   sfc_mex:sfc_mex.obj
 0001:0000cdd0       sf_mex_get_halt_simulation 000000018000ddd0 f   sfc_mex:sfc_mex.obj
 0001:0000cde0       sf_mex_clear_error_message 000000018000dde0 f   sfc_mex:sfc_mex.obj
 0001:0000ce00       sf_mex_get_error_message_for_read 000000018000de00 f   sfc_mex:sfc_mex.obj
 0001:0000ce10       sf_mex_get_error_message_buffer_length 000000018000de10 f   sfc_mex:sfc_mex.obj
 0001:0000cef0       sf_mex_warning_message     000000018000def0 f   sfc_mex:sfc_mex.obj
 0001:0000cf60       sf_mex_v_errbuf_createf    000000018000df60 f   sfc_mex:sfc_mex.obj
 0001:0000cf70       sf_mex_errbuf_createf      000000018000df70 f   sfc_mex:sfc_mex.obj
 0001:0000cfa0       sf_mex_v_errbuf_catf       000000018000dfa0 f   sfc_mex:sfc_mex.obj
 0001:0000cfe0       sf_mex_errbuf_catf         000000018000dfe0 f   sfc_mex:sfc_mex.obj
 0001:0000d030       sf_mex_errbuf_copy         000000018000e030 f   sfc_mex:sfc_mex.obj
 0001:0000d040       sf_mex_errbuf_clear        000000018000e040 f   sfc_mex:sfc_mex.obj
 0001:0000d050       sf_mex_errbuf_isempty      000000018000e050 f   sfc_mex:sfc_mex.obj
 0001:0000d150       sf_mex_set_error_status    000000018000e150 f   sfc_mex:sfc_mex.obj
 0001:0000d1a0       sf_mex_error_direct_call   000000018000e1a0 f   sfc_mex:sfc_mex.obj
 0001:0000d1c0       sf_mex_error_message_no_long_jump 000000018000e1c0 f   sfc_mex:sfc_mex.obj
 0001:0000d1e0       sf_mex_long_jump_on_error  000000018000e1e0 f   sfc_mex:sfc_mex.obj
 0001:0000d210       sf_mex_call_matlab         000000018000e210 f   sfc_mex:sfc_mex.obj
 0001:0000d330       sf_mex_check_builtin       000000018000e330 f   sfc_mex:sfc_mex.obj
 0001:0000d3d0       sf_mex_check_builtin_vs    000000018000e3d0 f   sfc_mex:sfc_mex.obj
 0001:0000d490       sf_mex_check_enum          000000018000e490 f   sfc_mex:sfc_mex.obj
 0001:0000d510       sf_mex_create_enum         000000018000e510 f   sfc_mex:sfc_mex.obj
 0001:0000d580       sf_mex_get_enum_element    000000018000e580 f   sfc_mex:sfc_mex.obj
 0001:0000d590       sf_mex_createcellarray     000000018000e590 f   sfc_mex:sfc_mex.obj
 0001:0000d5a0       sf_mex_setcell             000000018000e5a0 f   sfc_mex:sfc_mex.obj
 0001:0000d5b0       sf_mex_getcell             000000018000e5b0 f   sfc_mex:sfc_mex.obj
 0001:0000d5c0       sf_mex_dup                 000000018000e5c0 f   sfc_mex:sfc_mex.obj
 0001:0000d5e0       sf_mex_assign              000000018000e5e0 f   sfc_mex:sfc_mex.obj
 0001:0000d660       sf_mex_destroy             000000018000e660 f   sfc_mex:sfc_mex.obj
 0001:0000d690       mx_array_has_fi_type       000000018000e690 f   sfc_mex:sfc_mex.obj
 0001:0000d6c0       sf_mex_convert_from_fi     000000018000e6c0 f   sfc_mex:sfc_mex.obj
 0001:0000d7f0       sf_mex_convert_to_double   000000018000e7f0 f   sfc_mex:sfc_mex.obj
 0001:0000d910       sf_mex_import_fi_vs        000000018000e910 f   sfc_mex:sfc_mex.obj
 0001:0000db40       sf_matrix_matrix_index_ok  000000018000eb40 f   sfc_mex:sfc_mex.obj
 0001:0000dbd0       sf_vector_vector_index_ok  000000018000ebd0 f   sfc_mex:sfc_mex.obj
 0001:0000dc00       ssGetCurrentInputPortDimensions_wrapper 000000018000ec00 f   sfc_mex:sfc_mex.obj
 0001:0000dc20       ssGetCurrentOutputPortDimensions_wrapper 000000018000ec20 f   sfc_mex:sfc_mex.obj
 0001:0000dc40       sf_mex_emlrt_context_is_debug_mode 000000018000ec40 f   sfc_mex:sfc_mex.obj
 0001:0000dc50       sf_mex_emlrt_context_set_debug_mode 000000018000ec50 f   sfc_mex:sfc_mex.obj
 0001:0000dc60       sf_mex_emlrtNameCapturePostProcessR2012a 000000018000ec60 f   sfc_mex:sfc_mex.obj
 0001:0000dcd0       sf_clear_error_manager_info 000000018000ecd0 f   sfc_mex:sfc_mex.obj
 0001:0000dd30       sf_mex_stop_simulation_abruptly_wo_error 000000018000ed30 f   sfc_mex:sfc_mex.obj
 0001:0000dd70       sf_mex_error_message       000000018000ed70 f   sfc_mex:sfc_mex.obj
 0001:0000dde0       sf_react_to_error_in_matlab_call 000000018000ede0 f   sfc_mex:sfc_mex.obj
 0001:0000de10       sf_mex_addfield            000000018000ee10 f   sfc_mex:sfc_mex.obj
 0001:0000deb0       sf_mex_getfield            000000018000eeb0 f   sfc_mex:sfc_mex.obj
 0001:0000e1b0       sf_mex_check_class         000000018000f1b0 f   sfc_mex:sfc_mex.obj
 0001:0000e250       sf_mex_is_real             000000018000f250 f   sfc_mex:sfc_mex.obj
 0001:0000e6c0       sf_mex_decode_encoded_mx_struct_array 000000018000f6c0 f   sfc_mex:sfc_mex.obj
 0001:0000e9b0       sf_mex_lw_bounds_check     000000018000f9b0 f   sfc_mex:sfc_mex.obj
 0001:0000e9e0       sf_mex_lw_size_eq_check_1d 000000018000f9e0 f   sfc_mex:sfc_mex.obj
 0001:0000ea00       sf_mex_lw_size_eq_check_nd 000000018000fa00 f   sfc_mex:sfc_mex.obj
 0001:0000ebe0       sf_mex_lw_dim_size_eq_check 000000018000fbe0 f   sfc_mex:sfc_mex.obj
 0001:0000ec10       sf_mex_lw_dim_size_geq_check 000000018000fc10 f   sfc_mex:sfc_mex.obj
 0001:0000ec40       sf_mex_lw_sub_assign_size_check_nd 000000018000fc40 f   sfc_mex:sfc_mex.obj
 0001:0000ee10       sf_mex_lw_runtime_error_msgid 000000018000fe10 f   sfc_mex:sfc_mex.obj
 0001:0000ef00       sf_mex_lw_matrix_matrix_index_check 000000018000ff00 f   sfc_mex:sfc_mex.obj
 0001:0000ef20       sf_mex_lw_vector_vector_index_check 000000018000ff20 f   sfc_mex:sfc_mex.obj
 0001:0000ef60       sf_mex_lw_for_loop_vector_check 000000018000ff60 f   sfc_mex:sfc_mex.obj
 0001:0000eff0       sf_mex_lw_non_negative_check 000000018000fff0 f   sfc_mex:sfc_mex.obj
 0001:0000f030       sf_mex_overflow_error      0000000180010030 f   sfc_mex:sfc_mex.obj
 0001:0000f040       sf_mex_dividebyzero_error  0000000180010040 f   sfc_mex:sfc_mex.obj
 0001:0000f050       sf_mex_unsafe_enum_error   0000000180010050 f   sfc_mex:sfc_mex.obj
 0001:0000f060       sf_emlrtErrHandler         0000000180010060 f   sfc_mex:sfc_mex.obj
 0001:0000f140       sf_mex_size_one_check      0000000180010140 f   sfc_mex:sfc_mex.obj
 0001:0000f160       sf_mex_printf              0000000180010160 f   sfc_mex:sfc_mex.obj
 0001:0000f330       sf_mex_check_size          0000000180010330 f   sfc_mex:sfc_mex.obj
 0001:0000f5d0       sf_mex_check_struct        00000001800105d0 f   sfc_mex:sfc_mex.obj
 0001:0000f830       sf_mex_check_struct_vs     0000000180010830 f   sfc_mex:sfc_mex.obj
 0001:0000f8c0       sf_mex_check_fi            00000001800108c0 f   sfc_mex:sfc_mex.obj
 0001:0000f9c0       sf_mex_check_fi_vs         00000001800109c0 f   sfc_mex:sfc_mex.obj
 0001:0000fa60       sf_echo_expression         0000000180010a60 f   sfc_mex:sfc_mex.obj
 0001:0000fac0       sf_assertion_failed        0000000180010ac0 f   sfc_mex:sfc_mex.obj
 0001:0000fda0       sf_mex_evalin              0000000180010da0 f   sfc_mex:sfc_mex.obj
 0001:00010010       sf_mex_export              0000000180011010 f   sfc_mex:sfc_mex.obj
 0001:000100d0       sf_mex_get_ml_var_no_error 00000001800110d0 f   sfc_mex:sfc_mex.obj
 0001:00010270       sf_mex_get_ml_var          0000000180011270 f   sfc_mex:sfc_mex.obj
 0001:00010700       ml_set_element_value_in_array 0000000180011700 f   sfc_mex:sfc_mex.obj
 0001:000117c0       sf_mex_call_impl           00000001800127c0 f   sfc_mex:sfc_mex.obj
 0001:00011be0       sf_mex_call_debug          0000000180012be0 f   sfc_mex:sfc_mex.obj
 0001:00011c10       sf_mex_call                0000000180012c10 f   sfc_mex:sfc_mex.obj
 0001:00012260       sf_mex_createstruct        0000000180013260 f   sfc_mex:sfc_mex.obj
 0001:00012370       sf_mex_createstructarray   0000000180013370 f   sfc_mex:sfc_mex.obj
 0001:000123f0       sf_mex_get_mx_datatype_from_sf_datatype 00000001800133f0 f   sfc_mex:sfc_mex.obj
 0001:00012700       sf_mex_ml_var_sub          0000000180013700 f   sfc_mex:sfc_mex.obj
 0001:000128e0       sf_mex_ml_var_subsasgn     00000001800138e0 f   sfc_mex:sfc_mex.obj
 0001:00012ce0       sf_mex_sub                 0000000180013ce0 f   sfc_mex:sfc_mex.obj
 0001:00012ef0       sf_mex_subsasgn            0000000180013ef0 f   sfc_mex:sfc_mex.obj
 0001:00013400       sf_mex_create              0000000180014400 f   sfc_mex:sfc_mex.obj
 0001:00013da0       sf_mex_import_named        0000000180014da0 f   sfc_mex:sfc_mex.obj
 0001:00013e00       sf_mex_import              0000000180014e00 f   sfc_mex:sfc_mex.obj
 0001:00013e50       sf_mex_import_vs           0000000180014e50 f   sfc_mex:sfc_mex.obj
 0001:00013f60       sf_mex_lower_fixpt_mx_array 0000000180014f60 f   sfc_mex:sfc_mex.obj
 0001:00014280       sf_debug_chart_instance_initialized_quick 0000000180015280 f   sfc_debug:sfcdebug.obj
 0001:00014300       sf_debug_disp              0000000180015300 f   sfc_debug:sfcdebug.obj
 0001:000145d0       sf_debug_data_runtime_size_mismatch_error_check 00000001800155d0 f   sfc_debug:sfcdebug.obj
 0001:00014680       sf_debug_try_loading_machine 0000000180015680 f   sfc_debug:sfcdebug.obj
 0001:00014780       sf_debug_reset_current_state_configuration 0000000180015780 f   sfc_debug:sfcdebug.obj
 0001:00014800       sf_debug_store_current_state_configuration 0000000180015800 f   sfc_debug:sfcdebug.obj
 0001:00014880       sf_debug_restore_previous_state_configuration 0000000180015880 f   sfc_debug:sfcdebug.obj
 0001:00014900       sf_debug_restore_previous_state_configuration2 0000000180015900 f   sfc_debug:sfcdebug.obj
 0001:00014980       sf_debug_get_event_scope   0000000180015980 f   sfc_debug:sfcdebug.obj
 0001:00014af0       use_debugger_step_animation 0000000180015af0 f   sfc_debug:sfcdebug.obj
 0001:00014b10       sf_debug_get_script_id     0000000180015b10 f   sfc_debug:sfcdebug.obj
 0001:00014ba0       sf_debug_set_script_translation 0000000180015ba0 f   sfc_debug:sfcdebug.obj
 0001:00014d20       sf_debug_extract_message_post_receive_info 0000000180015d20 f   sfc_debug:sfcdebug.obj
 0001:00014ee0       sf_debug_get_current_machine_id 0000000180015ee0 f   sfc_debug:sfcdebug.obj
 0001:00014f00       sf_debug_get_current_optional_integer 0000000180015f00 f   sfc_debug:sfcdebug.obj
 0001:00014f10       sf_debug_get_current_machine_number 0000000180015f10 f   sfc_debug:sfcdebug.obj
 0001:00014f30       sf_debug_get_current_machine_name 0000000180015f30 f   sfc_debug:sfcdebug.obj
 0001:00014f50       sf_debug_get_current_chart_id 0000000180015f50 f   sfc_debug:sfcdebug.obj
 0001:00014f90       sf_debug_get_current_chart_number 0000000180015f90 f   sfc_debug:sfcdebug.obj
 0001:00014fa0       sf_debug_get_current_instance_number 0000000180015fa0 f   sfc_debug:sfcdebug.obj
 0001:00014fb0       sf_debug_get_current_is_minor_time_step 0000000180015fb0 f   sfc_debug:sfcdebug.obj
 0001:00015030       sf_debug_get_current_object_type 0000000180016030 f   sfc_debug:sfcdebug.obj
 0001:00015040       sf_debug_get_current_instance_handle 0000000180016040 f   sfc_debug:sfcdebug.obj
 0001:000150a0       sf_debug_get_current_event_type 00000001800160a0 f   sfc_debug:sfcdebug.obj
 0001:000150b0       sf_debug_get_current_object_id 00000001800160b0 f   sfc_debug:sfcdebug.obj
 0001:000150f0       sf_debug_get_current_active_event_type 00000001800160f0 f   sfc_debug:sfcdebug.obj
 0001:00015100       sf_debug_get_current_active_event_id 0000000180016100 f   sfc_debug:sfcdebug.obj
 0001:00015140       sf_debug_get_current_tag_type 0000000180016140 f   sfc_debug:sfcdebug.obj
 0001:00015150       sf_debug_get_current_simulation_time 0000000180016150 f   sfc_debug:sfcdebug.obj
 0001:00015160       sf_debug_get_current_coverage_percentage 0000000180016160 f   sfc_debug:sfcdebug.obj
 0001:00015170       sf_debug_current_statement_context 0000000180016170 f   sfc_debug:sfcdebug.obj
 0001:000151f0       sf_debug_get_current_statement_info 00000001800161f0 f   sfc_debug:sfcdebug.obj
 0001:00015390       sf_debug_terminate_instance 0000000180016390 f   sfc_debug:sfcdebug.obj
 0001:000156b0       sf_debug_assertion_failed  00000001800166b0 f   sfc_debug:sfcdebug.obj
 0001:00015880       sf_debug_create_debug_instance_struct 0000000180016880 f   sfc_debug:sfcdebug.obj
 0001:000158d0       sf_debug_set_number_of_data_with_change_event_for_machine 00000001800168d0 f   sfc_debug:sfcdebug.obj
 0001:00015920       sf_debug_set_machine_event_thresholds 0000000180016920 f   sfc_debug:sfcdebug.obj
 0001:00015940       sf_debug_set_machine_event_scope 0000000180016940 f   sfc_debug:sfcdebug.obj
 0001:00015990       sf_debug_set_machine_data_thresholds 0000000180016990 f   sfc_debug:sfcdebug.obj
 0001:000159e0       sf_debug_set_machine_data_scope 00000001800169e0 f   sfc_debug:sfcdebug.obj
 0001:00015a80       sf_debug_set_machine_data_name 0000000180016a80 f   sfc_debug:sfcdebug.obj
 0001:00015b30       sf_debug_set_machine_data_size 0000000180016b30 f   sfc_debug:sfcdebug.obj
 0001:00015c80       sf_debug_set_machine_data_type 0000000180016c80 f   sfc_debug:sfcdebug.obj
 0001:00015df0       sf_debug_get_chart_data_number 0000000180016df0 f   sfc_debug:sfcdebug.obj
 0001:00015e10       sf_debug_get_chart_event_number 0000000180016e10 f   sfc_debug:sfcdebug.obj
 0001:00015e30       sf_debug_set_chart_state_info 0000000180016e30 f   sfc_debug:sfcdebug.obj
 0001:00015ec0       sf_debug_set_chart_decomposition 0000000180016ec0 f   sfc_debug:sfcdebug.obj
 0001:00015f30       sf_debug_set_chart_substate_count 0000000180016f30 f   sfc_debug:sfcdebug.obj
 0001:00016010       sf_debug_set_chart_substate_index 0000000180017010 f   sfc_debug:sfcdebug.obj
 0001:00016090       sf_debug_set_chart_state_substate_count 0000000180017090 f   sfc_debug:sfcdebug.obj
 0001:000161b0       sf_debug_set_chart_state_substate_index 00000001800171b0 f   sfc_debug:sfcdebug.obj
 0001:00016240       sf_debug_set_number_of_data_with_change_event_for_chart 0000000180017240 f   sfc_debug:sfcdebug.obj
 0001:000162d0       sf_debug_set_number_of_states_with_entry_event_for_chart 00000001800172d0 f   sfc_debug:sfcdebug.obj
 0001:00016350       sf_debug_set_number_of_states_with_exit_event_for_chart 0000000180017350 f   sfc_debug:sfcdebug.obj
 0001:000163d0       sf_debug_set_chart_disable_implicit_casting 00000001800173d0 f   sfc_debug:sfcdebug.obj
 0001:00016440       sf_debug_set_chart_event_thresholds 0000000180017440 f   sfc_debug:sfcdebug.obj
 0001:000164c0       sf_debug_set_chart_data_compiled_props 00000001800174c0 f   sfc_debug:sfcdebug.obj
 0001:00016800       sf_debug_set_chart_data_props 0000000180017800 f   sfc_debug:sfcdebug.obj
 0001:00016b20       sf_debug_check_fi_license  0000000180017b20 f   sfc_debug:sfcdebug.obj
 0001:00016ce0       sf_debug_symbol_scope_push 0000000180017ce0 f   sfc_debug:sfcdebug.obj
 0001:00016d20       sf_debug_symbol_scope_push_eml 0000000180017d20 f   sfc_debug:sfcdebug.obj
 0001:00016d70       sf_debug_symbol_scope_pop  0000000180017d70 f   sfc_debug:sfcdebug.obj
 0001:00016db0       sf_debug_symbol_scope_add_importable 0000000180017db0 f   sfc_debug:sfcdebug.obj
 0001:00016e30       sf_debug_symbol_scope_add  0000000180017e30 f   sfc_debug:sfcdebug.obj
 0001:00016eb0       sf_debug_symbol_scope_add_dyn_importable 0000000180017eb0 f   sfc_debug:sfcdebug.obj
 0001:00016f70       sf_debug_symbol_scope_add_dyn 0000000180017f70 f   sfc_debug:sfcdebug.obj
 0001:00016fb0       sf_debug_symbol_scope_add_eml_importable 0000000180017fb0 f   sfc_debug:sfcdebug.obj
 0001:00016ff0       sf_debug_symbol_scope_add_eml 0000000180017ff0 f   sfc_debug:sfcdebug.obj
 0001:00017030       sf_debug_symbol_scope_add_eml_dyn_importable 0000000180018030 f   sfc_debug:sfcdebug.obj
 0001:00017090       sf_debug_symbol_scope_add_eml_dyn 0000000180018090 f   sfc_debug:sfcdebug.obj
 0001:000170f0       sf_debug_symbol_switch     00000001800180f0 f   sfc_debug:sfcdebug.obj
 0001:00017110       sf_debug_symbol_scope_add_verbose 0000000180018110 f   sfc_debug:sfcdebug.obj
 0001:000171e0       sf_debug_set_machine_data_value_ptr 00000001800181e0 f   sfc_debug:sfcdebug.obj
 0001:00017220       sf_debug_set_instance_data_value_ptr 0000000180018220 f   sfc_debug:sfcdebug.obj
 0001:000172f0       sf_debug_unset_instance_data_value_ptr 00000001800182f0 f   sfc_debug:sfcdebug.obj
 0001:000173a0       sf_debug_set_chart_event_scope 00000001800183a0 f   sfc_debug:sfcdebug.obj
 0001:00017420       sf_debug_set_chart_transition_coverage_maps 0000000180018420 f   sfc_debug:sfcdebug.obj
 0001:00017520       sf_debug_set_chart_state_coverage_maps 0000000180018520 f   sfc_debug:sfcdebug.obj
 0001:000175f0       sf_debug_set_instance_transition_coverage_weights 00000001800185f0 f   sfc_debug:sfcdebug.obj
 0001:00017680       sf_debug_set_instance_state_coverage_weights 0000000180018680 f   sfc_debug:sfcdebug.obj
 0001:000178d0       sf_debug_unload_machine    00000001800188d0 f   sfc_debug:sfcdebug.obj
 0001:00017920       sf_debug_load_machine      0000000180018920 f   sfc_debug:sfcdebug.obj
 0001:00017a30       sf_debug_set_active_instance_in_data_dictionary 0000000180018a30 f   sfc_debug:sfcdebug.obj
 0001:00017c10       sf_debug_set_active_instance 0000000180018c10 f   sfc_debug:sfcdebug.obj
 0001:00017d70       sf_debug_chart_visiblity_change 0000000180018d70 f   sfc_debug:sfcdebug.obj
 0001:00017e60       sf_debug_select_chart      0000000180018e60 f   sfc_debug:sfcdebug.obj
 0001:00017fc0       sf_debug_set_instance_cv_ids 0000000180018fc0 f   sfc_debug:sfcdebug.obj
 0001:000182f0       sf_debug_select_charts     00000001800192f0 f   sfc_debug:sfcdebug.obj
 0001:000184a0       sf_debug_initialized       00000001800194a0 f   sfc_debug:sfcdebug.obj
 0001:000184c0       sf_debug_is_uninterruptible 00000001800194c0 f   sfc_debug:sfcdebug.obj
 0001:000184f0       sf_debug_initialize_debugger_gui 00000001800194f0 f   sfc_debug:sfcdebug.obj
 0001:000188d0       sf_debug_resume            00000001800198d0 f   sfc_debug:sfcdebug.obj
 0001:000188f0       sf_debug_go                00000001800198f0 f   sfc_debug:sfcdebug.obj
 0001:00018900       sf_debug_break             0000000180019900 f   sfc_debug:sfcdebug.obj
 0001:00018910       sf_debug_step_over         0000000180019910 f   sfc_debug:sfcdebug.obj
 0001:00018920       sf_debug_step_out          0000000180019920 f   sfc_debug:sfcdebug.obj
 0001:00018930       sf_debug_set_disable_all_breakpoints 0000000180019930 f   sfc_debug:sfcdebug.obj
 0001:00018940       sf_debug_disable_all_breakpoints_and_go 0000000180019940 f   sfc_debug:sfcdebug.obj
 0001:00018950       sf_debug_break_on_chart_entry 0000000180019950 f   sfc_debug:sfcdebug.obj
 0001:00018960       sf_debug_break_on_event_broadcast 0000000180019960 f   sfc_debug:sfcdebug.obj
 0001:00018970       sf_debug_break_on_state_entry 0000000180019970 f   sfc_debug:sfcdebug.obj
 0001:00018980       sf_debug_break_between_times 0000000180019980 f   sfc_debug:sfcdebug.obj
 0001:000189a0       sf_debug_browse_data       00000001800199a0 f   sfc_debug:sfcdebug.obj
 0001:000189b0       sf_debug_watch_data        00000001800199b0 f   sfc_debug:sfcdebug.obj
 0001:000189e0       sf_debug_assign_data       00000001800199e0 f   sfc_debug:sfcdebug.obj
 0001:000189f0       sf_debug_whos              00000001800199f0 f   sfc_debug:sfcdebug.obj
 0001:00018a10       sf_debug_get_consistency_info 0000000180019a10 f   sfc_debug:sfcdebug.obj
 0001:00018a20       sf_debug_browse_trace      0000000180019a20 f   sfc_debug:sfcdebug.obj
 0001:00018a30       sf_debug_set_breakpoints   0000000180019a30 f   sfc_debug:sfcdebug.obj
 0001:00018ba0       sf_debug_set_eml_breakpoints 0000000180019ba0 f   sfc_debug:sfcdebug.obj
 0001:00018d00       sf_debug_set_script_breakpoints 0000000180019d00 f   sfc_debug:sfcdebug.obj
 0001:00018d80       sf_debug_add_script_breakpoints 0000000180019d80 f   sfc_debug:sfcdebug.obj
 0001:00018df0       sf_debug_clear_script_breakpoints 0000000180019df0 f   sfc_debug:sfcdebug.obj
 0001:00018e60       sf_debug_query_script_breakpoints 0000000180019e60 f   sfc_debug:sfcdebug.obj
 0001:00018f10       sf_debug_get_eml_script_id 0000000180019f10 f   sfc_debug:sfcdebug.obj
 0001:00018f60       sf_debug_set_watch         0000000180019f60 f   sfc_debug:sfcdebug.obj
 0001:00019180       sf_debug_get_instance_handle 000000018001a180 f   sfc_debug:sfcdebug.obj
 0001:00019210       sf_debug_get_active_states 000000018001a210 f   sfc_debug:sfcdebug.obj
 0001:00019220       sf_debug_set_honor_breakpoints 000000018001a220 f   sfc_debug:sfcdebug.obj
 0001:00019230       sf_debug_get_animation     000000018001a230 f   sfc_debug:sfcdebug.obj
 0001:00019240       sf_debug_set_animation     000000018001a240 f   sfc_debug:sfcdebug.obj
 0001:00019250       sf_debug_animate           000000018001a250 f   sfc_debug:sfcdebug.obj
 0001:00019270       sf_debug_cycle_detection_check 000000018001a270 f   sfc_debug:sfcdebug.obj
 0001:00019280       sf_debug_data_range_check  000000018001a280 f   sfc_debug:sfcdebug.obj
 0001:00019290       sf_debug_transition_conflict_check 000000018001a290 f   sfc_debug:sfcdebug.obj
 0001:000192a0       sf_debug_state_consistency_check 000000018001a2a0 f   sfc_debug:sfcdebug.obj
 0001:000192b0       sf_debug_data_range_check_enabled 000000018001a2b0 f   sfc_debug:sfcdebug.obj
 0001:000192d0       sf_debug_transition_conflict_check_enabled 000000018001a2d0 f   sfc_debug:sfcdebug.obj
 0001:000192f0       sf_debug_transition_conflict_check_begin 000000018001a2f0 f   sfc_debug:sfcdebug.obj
 0001:00019310       sf_debug_transition_conflict_check_end 000000018001a310 f   sfc_debug:sfcdebug.obj
 0001:00019330       sf_debug_stop_debugging    000000018001a330 f   sfc_debug:sfcdebug.obj
 0001:00019360       sf_debug_is_cycle_detected 000000018001a360 f   sfc_debug:sfcdebug.obj
 0001:00019370       sf_debug_is_array_bounds_detected 000000018001a370 f   sfc_debug:sfcdebug.obj
 0001:00019380       sf_debug_get_state_vectors_data_size 000000018001a380 f   sfc_debug:sfcdebug.obj
 0001:000193c0       sf_debug_get_state_vectors_data 000000018001a3c0 f   sfc_debug:sfcdebug.obj
 0001:000194d0       sf_debug_set_state_vectors_data 000000018001a4d0 f   sfc_debug:sfcdebug.obj
 0001:00019760       sf_debug_get_script_index  000000018001a760 f   sfc_debug:sfcdebug.obj
 0001:000198f0       sf_debug_add_script        000000018001a8f0 f   sfc_debug:sfcdebug.obj
 0001:00019a80       cv_eval_point              000000018001aa80 f   sfc_debug:sfcdebug.obj
 0001:00019bf0       cv_eval_testobjective      000000018001abf0 f   sfc_debug:sfcdebug.obj
 0001:00019d00       sf_debug_cv_init_state     000000018001ad00 f   sfc_debug:sfcdebug.obj
 0001:00019e30       sf_debug_cv_init_chart     000000018001ae30 f   sfc_debug:sfcdebug.obj
 0001:00019f20       sf_debug_cv_init_trans     000000018001af20 f   sfc_debug:sfcdebug.obj
 0001:0001a030       sf_debug_cv_init_saturation 000000018001b030 f   sfc_debug:sfcdebug.obj
 0001:0001a130       sf_debug_cv_init_testobjectives 000000018001b130 f   sfc_debug:sfcdebug.obj
 0001:0001a310       cv_eml_init_script         000000018001b310 f   sfc_debug:sfcdebug.obj
 0001:0001a430       cv_eml_init_fcn            000000018001b430 f   sfc_debug:sfcdebug.obj
 0001:0001a540       cv_eml_init_testobjective  000000018001b540 f   sfc_debug:sfcdebug.obj
 0001:0001a620       cv_eml_init_saturation     000000018001b620 f   sfc_debug:sfcdebug.obj
 0001:0001a6f0       cv_eml_init_if             000000018001b6f0 f   sfc_debug:sfcdebug.obj
 0001:0001a7d0       cv_eml_init_for            000000018001b7d0 f   sfc_debug:sfcdebug.obj
 0001:0001a8a0       cv_eml_init_while          000000018001b8a0 f   sfc_debug:sfcdebug.obj
 0001:0001a970       cv_eml_init_mcdc           000000018001b970 f   sfc_debug:sfcdebug.obj
 0001:0001aa90       cv_eml_init_switch         000000018001ba90 f   sfc_debug:sfcdebug.obj
 0001:0001ab90       cv_eml_eval                000000018001bb90 f   sfc_debug:sfcdebug.obj
 0001:0001ac80       sf_debug_bm_is_a_eml_breakpoint 000000018001bc80 f   sfc_debug:sfcdebug.obj
 0001:0001add0       sf_debug_temporal_threshold 000000018001bdd0 f   sfc_debug:sfcdebug.obj
 0001:0001b140       sf_debug_transition_conflict_error 000000018001c140 f   sfc_debug:sfcdebug.obj
 0001:0001b4a0       sf_debug_state_inconsistency_error 000000018001c4a0 f   sfc_debug:sfcdebug.obj
 0001:0001b5c0       sf_debug_check_for_state_inconsistency 000000018001c5c0 f   sfc_debug:sfcdebug.obj
 0001:0001b600       sf_debug_cycle_detecton_error 000000018001c600 f   sfc_debug:sfcdebug.obj
 0001:0001bd50       sf_debug_size_eq_check_1d  000000018001cd50 f   sfc_debug:sfcdebug.obj
 0001:0001bd70       sf_debug_size_eq_check_nd  000000018001cd70 f   sfc_debug:sfcdebug.obj
 0001:0001bf70       sf_debug_dim_size_eq_check 000000018001cf70 f   sfc_debug:sfcdebug.obj
 0001:0001bfa0       sf_debug_dim_size_geq_check 000000018001cfa0 f   sfc_debug:sfcdebug.obj
 0001:0001bfd0       sf_debug_sub_assign_size_check_nd 000000018001cfd0 f   sfc_debug:sfcdebug.obj
 0001:0001c1b0       sf_debug_matrix_matrix_index_check 000000018001d1b0 f   sfc_debug:sfcdebug.obj
 0001:0001c200       sf_debug_vector_vector_index_check 000000018001d200 f   sfc_debug:sfcdebug.obj
 0001:0001c250       sf_debug_for_loop_vector_check 000000018001d250 f   sfc_debug:sfcdebug.obj
 0001:0001c2f0       sf_debug_runtime_error_msgid 000000018001d2f0 f   sfc_debug:sfcdebug.obj
 0001:0001c390       sf_debug_data_array_bounds_error_check 000000018001d390 f   sfc_debug:sfcdebug.obj
 0001:0001c4a0       sf_debug_eml_data_array_bounds_error_check 000000018001d4a0 f   sfc_debug:sfcdebug.obj
 0001:0001c960       sf_debug_integer_check     000000018001d960 f   sfc_debug:sfcdebug.obj
 0001:0001ca50       sf_debug_not_nan_check     000000018001da50 f   sfc_debug:sfcdebug.obj
 0001:0001cb20       sf_debug_non_negative_check 000000018001db20 f   sfc_debug:sfcdebug.obj
 0001:0001cbf0       sf_debug_overflow_detection 000000018001dbf0 f   sfc_debug:sfcdebug.obj
 0001:0001d250       sf_debug_cast_to_real32_T  000000018001e250 f   sfc_debug:sfcdebug.obj
 0001:0001d320       sf_debug_cast_to_int8_T    000000018001e320 f   sfc_debug:sfcdebug.obj
 0001:0001d3f0       sf_debug_cast_to_uint8_T   000000018001e3f0 f   sfc_debug:sfcdebug.obj
 0001:0001d4c0       sf_debug_cast_to_int16_T   000000018001e4c0 f   sfc_debug:sfcdebug.obj
 0001:0001d590       sf_debug_cast_to_uint16_T  000000018001e590 f   sfc_debug:sfcdebug.obj
 0001:0001d660       sf_debug_cast_to_int32_T   000000018001e660 f   sfc_debug:sfcdebug.obj
 0001:0001d730       sf_debug_cast_to_uint32_T  000000018001e730 f   sfc_debug:sfcdebug.obj
 0001:0001d800       sf_debug_data_range_error  000000018001e800 f   sfc_debug:sfcdebug.obj
 0001:0001db10       sf_debug_read_before_write_check 000000018001eb10 f   sfc_debug:sfcdebug.obj
 0001:0001df40       sf_debug_data_range_error_wrapper_min_max 000000018001ef40 f   sfc_debug:sfcdebug.obj
 0001:0001e060       sf_debug_data_range_error_wrapper_min 000000018001f060 f   sfc_debug:sfcdebug.obj
 0001:0001e170       sf_debug_data_range_error_wrapper_max 000000018001f170 f   sfc_debug:sfcdebug.obj
 0001:0001e280       sf_debug_data_range_wrapper 000000018001f280 f   sfc_debug:sfcdebug.obj
 0001:0001e340       sf_debug_set_current_status_info 000000018001f340 f   sfc_debug:sfcdebug.obj
 0001:0001e6e0       sf_debug_register_message_post_receive_info 000000018001f6e0 f   sfc_debug:sfcdebug.obj
 0001:0001e930       sf_debug_call              000000018001f930 f   sfc_debug:sfcdebug.obj
 0001:0001f290       sf_debug_initialize_machine 0000000180020290 f   sfc_debug:sfcdebug.obj
 0001:0001f540       sf_debug_initialize_chart  0000000180020540 f   sfc_debug:sfcdebug.obj
 0001:0001f990       sf_debug_ensure_script     0000000180020990 f   sfc_debug:sfcdebug.obj
 0001:0001fa40       cv_eval_saturation         0000000180020a40 f   sfc_debug:sfcdebug.obj
 0001:0001fbc0       cv_saturation_accum        0000000180020bc0 f   sfc_debug:sfcdebug.obj
 0001:0001fd00       cv_script_init_script      0000000180020d00 f   sfc_debug:sfcdebug.obj
 0001:0001fdf0       cv_script_init_fcn         0000000180020df0 f   sfc_debug:sfcdebug.obj
 0001:0001feb0       cv_script_init_testobjective 0000000180020eb0 f   sfc_debug:sfcdebug.obj
 0001:0001ff70       cv_script_init_saturation  0000000180020f70 f   sfc_debug:sfcdebug.obj
 0001:00020020       cv_script_init_if          0000000180021020 f   sfc_debug:sfcdebug.obj
 0001:000200e0       cv_script_init_for         00000001800210e0 f   sfc_debug:sfcdebug.obj
 0001:00020190       cv_script_init_while       0000000180021190 f   sfc_debug:sfcdebug.obj
 0001:00020240       cv_script_init_mcdc        0000000180021240 f   sfc_debug:sfcdebug.obj
 0001:00020340       cv_script_init_switch      0000000180021340 f   sfc_debug:sfcdebug.obj
 0001:00020420       cv_script_eval             0000000180021420 f   sfc_debug:sfcdebug.obj
 0001:000204f0       eml_debug_line_call        00000001800214f0 f   sfc_debug:sfcdebug.obj
 0001:000206c0       sf_debug_terminate         00000001800216c0 f   sfc_debug:sfcdebug.obj
 0001:000208d0       sf_debug_set_script_cv_ids 00000001800218d0 f   sfc_debug:sfcdebug.obj
 0001:00020a00       sf_debug_api               0000000180021a00 f   sfc_debug:sfc_api.obj
 0001:000222f0       sf_debug_sm_terminate      00000001800232f0 f   sfc_debug:sfdb_animation.obj
 0001:000224a0       sf_debug_reset_path_objects 00000001800234a0 f   sfc_debug:sfdb_animation.obj
 0001:00022520       sf_debug_sm_reset_object_selection_status 0000000180023520 f   sfc_debug:sfdb_animation.obj
 0001:000225c0       sf_debug_sm_reset_state_buffer 00000001800235c0 f   sfc_debug:sfdb_animation.obj
 0001:00022690       sf_debug_sm_store_state_buffer 0000000180023690 f   sfc_debug:sfdb_animation.obj
 0001:00022710       sf_debug_sm_restore_state_buffer1 0000000180023710 f   sfc_debug:sfdb_animation.obj
 0001:00022780       sf_debug_sm_restore_state_buffer2 0000000180023780 f   sfc_debug:sfdb_animation.obj
 0001:000227f0       sf_debug_sm_chart_active   00000001800237f0 f   sfc_debug:sfdb_animation.obj
 0001:00022840       sf_debug_sm_select_active_objects 0000000180023840 f   sfc_debug:sfdb_animation.obj
 0001:00022d10       sf_debug_sm_is_chart_active 0000000180023d10 f   sfc_debug:sfdb_animation.obj
 0001:00022d50       sf_debug_sm_is_state_active 0000000180023d50 f   sfc_debug:sfdb_animation.obj
 0001:00022f90       sf_debug_sm_get_active_states 0000000180023f90 f   sfc_debug:sfdb_animation.obj
 0001:00023540       sf_debug_sm_initialize_instance 0000000180024540 f   sfc_debug:sfdb_animation.obj
 0001:00023750       sf_debug_sm_change_object_selection_status 0000000180024750 f   sfc_debug:sfdb_animation.obj
 0001:00023a20       cv_create_interface        0000000180024a20 f   sfc_debug:cv_sfinterface.obj
 0001:00023d30       cv_init_trans              0000000180024d30 f   sfc_debug:cv_sfinterface.obj
 0001:00023d80       cv_init_saturation         0000000180024d80 f   sfc_debug:cv_sfinterface.obj
 0001:00023dc0       cv_init_testobjective      0000000180024dc0 f   sfc_debug:cv_sfinterface.obj
 0001:00023e00       cv_init_state              0000000180024e00 f   sfc_debug:cv_sfinterface.obj
 0001:00023e70       cv_init_chart              0000000180024e70 f   sfc_debug:cv_sfinterface.obj
 0001:00023ec0       cv_dec_update_call         0000000180024ec0 f   sfc_debug:cv_sfinterface.obj
 0001:00023f00       cv_cond_update_call        0000000180024f00 f   sfc_debug:cv_sfinterface.obj
 0001:00023f40       cv_saturation_update_call  0000000180024f40 f   sfc_debug:cv_sfinterface.obj
 0001:00023f80       cv_saturation_update_accum 0000000180024f80 f   sfc_debug:cv_sfinterface.obj
 0001:00023fc0       cv_testobjective_update_call 0000000180024fc0 f   sfc_debug:cv_sfinterface.obj
 0001:00024000       cv_sigrange_update         0000000180025000 f   sfc_debug:cv_sfinterface.obj
 0001:00024040       cvsf_eml_eval              0000000180025040 f   sfc_debug:cv_sfinterface.obj
 0001:00024120       cvsf_eml_init_script       0000000180025120 f   sfc_debug:cv_sfinterface.obj
 0001:000241b0       cvsf_eml_init_fcn          00000001800251b0 f   sfc_debug:cv_sfinterface.obj
 0001:00024210       cvsf_eml_init_testobjective 0000000180025210 f   sfc_debug:cv_sfinterface.obj
 0001:00024270       cvsf_eml_init_saturation   0000000180025270 f   sfc_debug:cv_sfinterface.obj
 0001:000242c0       cvsf_eml_init_if           00000001800252c0 f   sfc_debug:cv_sfinterface.obj
 0001:00024320       cvsf_eml_init_for          0000000180025320 f   sfc_debug:cv_sfinterface.obj
 0001:00024370       cvsf_eml_init_while        0000000180025370 f   sfc_debug:cv_sfinterface.obj
 0001:000243c0       cvsf_eml_init_mcdc         00000001800253c0 f   sfc_debug:cv_sfinterface.obj
 0001:00024450       cvsf_eml_init_switch       0000000180025450 f   sfc_debug:cv_sfinterface.obj
 0001:000244c0       cvsf_script_eval           00000001800254c0 f   sfc_debug:cv_sfinterface.obj
 0001:000245a0       cvsf_script_init_script    00000001800255a0 f   sfc_debug:cv_sfinterface.obj
 0001:00024630       cvsf_script_init_fcn       0000000180025630 f   sfc_debug:cv_sfinterface.obj
 0001:00024690       cvsf_script_init_testobjective 0000000180025690 f   sfc_debug:cv_sfinterface.obj
 0001:000246f0       cvsf_script_init_saturation 00000001800256f0 f   sfc_debug:cv_sfinterface.obj
 0001:00024740       cvsf_script_init_if        0000000180025740 f   sfc_debug:cv_sfinterface.obj
 0001:000247a0       cvsf_script_init_for       00000001800257a0 f   sfc_debug:cv_sfinterface.obj
 0001:000247f0       cvsf_script_init_while     00000001800257f0 f   sfc_debug:cv_sfinterface.obj
 0001:00024840       cvsf_script_init_mcdc      0000000180025840 f   sfc_debug:cv_sfinterface.obj
 0001:000248d0       cvsf_script_init_switch    00000001800258d0 f   sfc_debug:cv_sfinterface.obj
 0001:00024940       cv_destroy_interface       0000000180025940 f   sfc_debug:cv_sfinterface.obj
 0001:00024960       cv_create_instance_objects 0000000180025960 f   sfc_debug:cv_sfinterface.obj
 0001:00024dd0       cv_is_enabled              0000000180025dd0 f   sfc_debug:cv_sfinterface.obj
 0001:00024de0       sf_debug_cv_initialize_script 0000000180025de0 f   sfc_debug:cv_sfinterface.obj
 0001:00024f70       sf_debug_cv_initialize_instance 0000000180025f70 f   sfc_debug:cv_sfinterface.obj
 0001:00025300       sf_debug_cv_terminate_chart 0000000180026300 f   sfc_debug:cv_sfinterface.obj
 0001:00025420       cv_call_trans_test         0000000180026420 f   sfc_debug:cv_sfinterface.obj
 0001:00025430       cv_call_sub_cond_test      0000000180026430 f   sfc_debug:cv_sfinterface.obj
 0001:00025470       sf_debug_st_initialize_machine 0000000180026470 f   sfc_debug:sfdb_data_browse.obj
 0001:00025520       sf_debug_st_initialize_instance 0000000180026520 f   sfc_debug:sfdb_data_browse.obj
 0001:00025730       sf_debug_st_terminate      0000000180026730 f   sfc_debug:sfdb_data_browse.obj
 0001:00025ad0       sf_debug_st_set_data_value_ptr_in_machine 0000000180026ad0 f   sfc_debug:sfdb_data_browse.obj
 0001:00025b60       sf_debug_st_set_data_value_ptr_in_instance 0000000180026b60 f   sfc_debug:sfdb_data_browse.obj
 0001:00025c40       sf_debug_st_unset_data_value_ptr_in_machine 0000000180026c40 f   sfc_debug:sfdb_data_browse.obj
 0001:00025cb0       sf_debug_st_unset_data_value_ptr_in_instance 0000000180026cb0 f   sfc_debug:sfdb_data_browse.obj
 0001:00025f70       sf_debug_mx_value          0000000180026f70 f   sfc_debug:sfdb_data_browse.obj
 0001:00025fd0       sf_debug_mx_packed_vector  0000000180026fd0 f   sfc_debug:sfdb_data_browse.obj
 0001:000260b0       sf_debug_mx_uint_vector    00000001800270b0 f   sfc_debug:sfdb_data_browse.obj
 0001:00026160       sf_debug_st_get_double_value_from_void_ptr_vector 0000000180027160 f   sfc_debug:sfdb_data_browse.obj
 0001:00026c40       sf_debug_st_browse_data    0000000180027c40 f   sfc_debug:sfdb_data_browse.obj
 0001:00027480       sf_debug_hm_initialize_instance 0000000180028480 f   sfc_debug:sfdb_handle_management.obj
 0001:00027960       sf_debug_hm_get_object_id  0000000180028960 f   sfc_debug:sfdb_handle_management.obj
 0001:00028510       sf_debug_hm_update_chart_visibility 0000000180029510 f   sfc_debug:sfdb_handle_management.obj
 0001:00029700       sf_debug_object_is_eml_function 000000018002a700 f   sfc_debug:sfdb_handle_management.obj
 0001:00029770       sf_debug_hm_initialize_ids_in_machine 000000018002a770 f   sfc_debug:sfdb_handle_management.obj
 0001:000298e0       sf_debug_hm_initialize_ids_in_chart 000000018002a8e0 f   sfc_debug:sfdb_handle_management.obj
 0001:000299e0       sf_debug_hm_initialize_chart 000000018002a9e0 f   sfc_debug:sfdb_handle_management.obj
 0001:0002a0e0       sf_debug_hm_terminate      000000018002b0e0 f   sfc_debug:sfdb_handle_management.obj
 0001:0002a140       sf_debug_hm_initialize_machine 000000018002b140 f   sfc_debug:sfdb_handle_management.obj
 0001:0002a860       sf_debug_ss_initialize     000000018002b860 f   sfc_debug:sfdb_symbol_scope.obj
 0001:0002a880       sf_debug_ss_terminate      000000018002b880 f   sfc_debug:sfdb_symbol_scope.obj
 0001:0002a910       sf_debug_ss_push_symbol_scope 000000018002b910 f   sfc_debug:sfdb_symbol_scope.obj
 0001:0002aa10       sf_debug_ss_push_symbol_scope_eml 000000018002ba10 f   sfc_debug:sfdb_symbol_scope.obj
 0001:0002aa70       sf_debug_ss_pop_symbol_scope 000000018002ba70 f   sfc_debug:sfdb_symbol_scope.obj
 0001:0002ab20       sf_debug_ss_add_symbol     000000018002bb20 f   sfc_debug:sfdb_symbol_scope.obj
 0001:0002ac90       sf_debug_ss_add_symbol_eml 000000018002bc90 f   sfc_debug:sfdb_symbol_scope.obj
 0001:0002bb90       sf_debug_ss_set_data_value 000000018002cb90 f   sfc_debug:sfdb_symbol_scope.obj
 0001:0002bfe0       getInstanceNumber          000000018002cfe0 f   sfc_debug:sfdb_symbol_scope.obj
 0001:0002c0b0       sf_debug_ss_watch_data     000000018002d0b0 f   sfc_debug:sfdb_symbol_scope.obj
 0001:0002c2a0       sf_debug_ss_assign_data    000000018002d2a0 f   sfc_debug:sfdb_symbol_scope.obj
 0001:0002ccb0       get_data_entry_name        000000018002dcb0 f   sfc_debug:sfdb_symbol_scope.obj
 0001:0002cd00       sf_debug_ss_whos           000000018002dd00 f   sfc_debug:sfdb_symbol_scope.obj
 0001:0002d350       sf_debug_cc_initialize_chart 000000018002e350 f   sfc_debug:sfdb_coverage.obj
 0001:0002dd40       sf_debug_cc_initialize_instance 000000018002ed40 f   sfc_debug:sfdb_coverage.obj
 0001:0002ea80       sf_debug_cc_terminate      000000018002fa80 f   sfc_debug:sfdb_coverage.obj
 0001:0002eb70       sf_debug_cc_set_transition_maps 000000018002fb70 f   sfc_debug:sfdb_coverage.obj
 0001:0002eca0       sf_debug_cc_set_state_maps 000000018002fca0 f   sfc_debug:sfdb_coverage.obj
 0001:0002ed80       sf_debug_cc_set_transition_weights 000000018002fd80 f   sfc_debug:sfdb_coverage.obj
 0001:0002f040       sf_debug_cc_set_state_weights 0000000180030040 f   sfc_debug:sfdb_coverage.obj
 0001:0002f310       sf_debug_cc_mark_transition_guard 0000000180030310 f   sfc_debug:sfdb_coverage.obj
 0001:0002f3a0       sf_debug_cc_mark_transition_trigger 00000001800303a0 f   sfc_debug:sfdb_coverage.obj
 0001:0002f430       sf_debug_cc_mark_transition_decision 0000000180030430 f   sfc_debug:sfdb_coverage.obj
 0001:0002f4a0       sf_debug_cc_mark_transition_condition_action 00000001800304a0 f   sfc_debug:sfdb_coverage.obj
 0001:0002f4f0       sf_debug_cc_mark_transition_transition_action 00000001800304f0 f   sfc_debug:sfdb_coverage.obj
 0001:0002f540       sf_debug_cc_mark_state_entry 0000000180030540 f   sfc_debug:sfdb_coverage.obj
 0001:0002f590       sf_debug_cc_mark_state_during 0000000180030590 f   sfc_debug:sfdb_coverage.obj
 0001:0002f5e0       sf_debug_cc_mark_state_exit 00000001800305e0 f   sfc_debug:sfdb_coverage.obj
 0001:0002f630       sf_debug_bm_clear_script_breakpoints 0000000180030630 f   sfc_debug:sfdb_breakpoints.obj
 0001:0002f660       sf_debug_bm_set_script_breakpoint 0000000180030660 f   sfc_debug:sfdb_breakpoints.obj
 0001:0002f6e0       sf_debug_bm_clear_single_script_breakpoint 00000001800306e0 f   sfc_debug:sfdb_breakpoints.obj
 0001:0002f760       sf_debug_bm_query_script_breakpoint 0000000180030760 f   sfc_debug:sfdb_breakpoints.obj
 0001:0002f7b0       sf_debug_bm_initialize_scripts 00000001800307b0 f   sfc_debug:sfdb_breakpoints.obj
 0001:0002fe40       sf_debug_bm_terminate      0000000180030e40 f   sfc_debug:sfdb_breakpoints.obj
 0001:00030120       sf_debug_bm_remove_all_breakpoints_in_machine 0000000180031120 f   sfc_debug:sfdb_breakpoints.obj
 0001:00030180       sf_debug_bm_remove_all_breakpoints_in_chart 0000000180031180 f   sfc_debug:sfdb_breakpoints.obj
 0001:000302d0       sf_debug_bm_initialize_global_breakpoints 00000001800312d0 f   sfc_debug:sfdb_breakpoints.obj
 0001:00030450       sf_debug_bm_set_breakpoint 0000000180031450 f   sfc_debug:sfdb_breakpoints.obj
 0001:00030a10       sf_debug_bm_set_eml_breakpoint 0000000180031a10 f   sfc_debug:sfdb_breakpoints.obj
 0001:00030aa0       sf_debug_bm_initialize_machine_breakpoint_map 0000000180031aa0 f   sfc_debug:sfdb_breakpoints.obj
 0001:00030ec0       sf_debug_bm_is_a_breakpoint 0000000180031ec0 f   sfc_debug:sfdb_breakpoints.obj
 0001:000313e0       sf_debug_bm_get_all_breakpoints_in_machine 00000001800323e0 f   sfc_debug:sfdb_breakpoints.obj
 0001:000316e0       sf_debug_bm_get_all_breakpoints_in_chart 00000001800326e0 f   sfc_debug:sfdb_breakpoints.obj
 0001:00032270       sf_debug_bm_initialize_machine 0000000180033270 f   sfc_debug:sfdb_breakpoints.obj
 0001:00032340       sf_debug_bm_initialize_chart 0000000180033340 f   sfc_debug:sfdb_breakpoints.obj
 0001:00032730       sf_debug_sc_terminate      0000000180033730 f   sfc_debug:sfdb_state_consistency.obj
 0001:00032a50       sf_debug_sc_is_chart_consistent 0000000180033a50 f   sfc_debug:sfdb_state_consistency.obj
 0001:00032d00       sf_debug_sc_get_consistency_error_info 0000000180033d00 f   sfc_debug:sfdb_state_consistency.obj
 0001:00033110       sf_debug_tm_terminate      0000000180034110 f   sfc_debug:sfdb_call_stack.obj
 0001:000331c0       sf_debug_tm_push_chart_instance 00000001800341c0 f   sfc_debug:sfdb_call_stack.obj
 0001:00033300       sf_debug_tm_pop_chart_instance 0000000180034300 f   sfc_debug:sfdb_call_stack.obj
 0001:00033360       sf_debug_tm_push_trace_node 0000000180034360 f   sfc_debug:sfdb_call_stack.obj
 0001:000334e0       sf_debug_tm_pop_trace_node 00000001800344e0 f   sfc_debug:sfdb_call_stack.obj
 0001:00033560       sf_debug_tm_get_current_global_trace_index 0000000180034560 f   sfc_debug:sfdb_call_stack.obj
 0001:00033570       sf_debug_tm_get_current_local_trace_index 0000000180034570 f   sfc_debug:sfdb_call_stack.obj
 0001:000335a0       sf_debug_tm_set_cycle_detected_flag 00000001800345a0 f   sfc_debug:sfdb_call_stack.obj
 0001:000335e0       sf_debug_tm_set_cycle_started_flag 00000001800345e0 f   sfc_debug:sfdb_call_stack.obj
 0001:00033620       sf_debug_tm_get_chart_number_from_stack 0000000180034620 f   sfc_debug:sfdb_call_stack.obj
 0001:00033820       sf_debug_tm_browse_trace   0000000180034820 f   sfc_debug:sfdb_call_stack.obj
 0001:00033b30       sf_debug_cd_initialize_instance 0000000180034b30 f   sfc_debug:sfdb_cycle_detection.obj
 0001:00033de0       sf_debug_cd_mark_processed_transition_in_instance 0000000180034de0 f   sfc_debug:sfdb_cycle_detection.obj
 0001:00033e80       sf_debug_cd_checksum_push  0000000180034e80 f   sfc_debug:sfdb_cycle_detection.obj
 0001:00034130       sf_debug_cd_checksum_pop   0000000180035130 f   sfc_debug:sfdb_cycle_detection.obj
 0001:000341a0       sf_debug_cd_turn_off_cycle_detection 00000001800351a0 f   sfc_debug:sfdb_cycle_detection.obj
 0001:000341f0       sf_debug_cd_terminate      00000001800351f0 f   sfc_debug:sfdb_cycle_detection.obj
 0001:00034420       md5_initialize_state       0000000180035420 f   sfc_debug:ckmd5.obj
 0001:00034eb0       md5_update_state           0000000180035eb0 f   sfc_debug:ckmd5.obj
 0001:00034ed0       md5_get_hash               0000000180035ed0 f   sfc_debug:ckmd5.obj
 0001:00034f00       md5_get_hash_for_a_single_string 0000000180035f00 f   sfc_debug:ckmd5.obj
 0001:00034f60       mxGetPr                    0000000180035f60 f   libmx:libmx.dll
 0001:00034f66       mxSetField_730             0000000180035f66 f   libmx:libmx.dll
 0001:00034f6c       mxDestroyArray             0000000180035f6c f   libmx:libmx.dll
 0001:00034f72       mxCreateDoubleMatrix_730   0000000180035f72 f   libmx:libmx.dll
 0001:00034f78       mxCreateDoubleScalar       0000000180035f78 f   libmx:libmx.dll
 0001:00034f7e       mxCreateString             0000000180035f7e f   libmx:libmx.dll
 0001:00034f84       mxCreateCellMatrix_730     0000000180035f84 f   libmx:libmx.dll
 0001:00034f8a       mxCreateStructMatrix_730   0000000180035f8a f   libmx:libmx.dll
 0001:00034f90       mxDuplicateArray           0000000180035f90 f   libmx:libmx.dll
 0001:00034f96       mxCalloc                   0000000180035f96 f   libmx:libmx.dll
 0001:00034f9c       mxGetClassID               0000000180035f9c f   libmx:libmx.dll
 0001:00034fa2       mxIsNumeric                0000000180035fa2 f   libmx:libmx.dll
 0001:00034fa8       mxIsChar                   0000000180035fa8 f   libmx:libmx.dll
 0001:00034fae       mxIsComplex                0000000180035fae f   libmx:libmx.dll
 0001:00034fb4       mxGetM                     0000000180035fb4 f   libmx:libmx.dll
 0001:00034fba       mxGetN                     0000000180035fba f   libmx:libmx.dll
 0001:00034fc0       mxGetString_730            0000000180035fc0 f   libmx:libmx.dll
 0001:00034fc6       mxGetScalar                0000000180035fc6 f   libmx:libmx.dll
 0001:00034fcc       mxGetString_700            0000000180035fcc f   libmx:libmx.dll
 0001:00034fd2       mxFree                     0000000180035fd2 f   libmx:libmx.dll
 0001:00034fd8       mxArrayToString            0000000180035fd8 f   libmx:libmx.dll
 0001:00034fde       mxGetNumberOfElements      0000000180035fde f   libmx:libmx.dll
 0001:00034fe4       mxGetField_700             0000000180035fe4 f   libmx:libmx.dll
 0001:00034fea       mxSetFieldByNumber_700     0000000180035fea f   libmx:libmx.dll
 0001:00034ff0       mxCreateStructArray_700    0000000180035ff0 f   libmx:libmx.dll
 0001:00034ff6       mxGetData                  0000000180035ff6 f   libmx:libmx.dll
 0001:00034ffc       mxCreateNumericArray_700   0000000180035ffc f   libmx:libmx.dll
 0001:00035002       mxIsLogical                0000000180036002 f   libmx:libmx.dll
 0001:00035008       mxCreateDoubleMatrix_700   0000000180036008 f   libmx:libmx.dll
 0001:0003500e       mxCreateCellMatrix_700     000000018003600e f   libmx:libmx.dll
 0001:00035014       mxSetCell_700              0000000180036014 f   libmx:libmx.dll
 0001:0003501a       mxGetCell_700              000000018003601a f   libmx:libmx.dll
 0001:00035020       mxGetClassName             0000000180036020 f   libmx:libmx.dll
 0001:00035026       mxSetField_700             0000000180036026 f   libmx:libmx.dll
 0001:0003502c       mxAddField                 000000018003602c f   libmx:libmx.dll
 0001:00035032       mxIsStruct                 0000000180036032 f   libmx:libmx.dll
 0001:00035038       mxIsA                      0000000180036038 f   libmx:libmx.dll
 0001:0003503e       mxIsClass                  000000018003603e f   libmx:libmx.dll
 0001:00035044       mxGetLogicals              0000000180036044 f   libmx:libmx.dll
 0001:0003504a       mxIsSparse                 000000018003604a f   libmx:libmx.dll
 0001:00035050       mxGetFieldByNumber_700     0000000180036050 f   libmx:libmx.dll
 0001:00035056       mxGetFieldNameByNumber     0000000180036056 f   libmx:libmx.dll
 0001:0003505c       mxGetNumberOfFields        000000018003605c f   libmx:libmx.dll
 0001:00035062       mxCreateStructMatrix_700   0000000180036062 f   libmx:libmx.dll
 0001:00035068       mxGetFieldNumber           0000000180036068 f   libmx:libmx.dll
 0001:0003506e       mxIsNaN                    000000018003606e f   libmx:libmx.dll
 0001:00035074       mxIsEmpty                  0000000180036074 f   libmx:libmx.dll
 0001:0003507a       mxGetImagData              000000018003607a f   libmx:libmx.dll
 0001:00035080       mxArrayClassIDName         0000000180036080 f   libmx:libmx.dll
 0001:00035086       mxCreateNumericMatrix_700  0000000180036086 f   libmx:libmx.dll
 0001:0003508c       mxCalcSingleSubscript_700  000000018003608c f   libmx:libmx.dll
 0001:00035092       mxGetDimensions_700        0000000180036092 f   libmx:libmx.dll
 0001:00035098       mxGetNumberOfDimensions_700 0000000180036098 f   libmx:libmx.dll
 0001:0003509e       mxGetElementSize           000000018003609e f   libmx:libmx.dll
 0001:000350a4       mxCreateStringFromNChars_700 00000001800360a4 f   libmx:libmx.dll
 0001:000350aa       mxIsLogicalScalarTrue      00000001800360aa f   libmx:libmx.dll
 0001:000350b0       mxCreateLogicalScalar      00000001800360b0 f   libmx:libmx.dll
 0001:000350b6       mexErrMsgTxt               00000001800360b6 f   libmex:libmex.dll
 0001:000350bc       mexWarnMsgTxt              00000001800360bc f   libmex:libmex.dll
 0001:000350c2       mexCallMATLAB              00000001800360c2 f   libmex:libmex.dll
 0001:000350c8       mexUnlock                  00000001800360c8 f   libmex:libmex.dll
 0001:000350ce       mexIsLocked                00000001800360ce f   libmex:libmex.dll
 0001:000350d4       mexMakeArrayPersistent     00000001800360d4 f   libmex:libmex.dll
 0001:000350da       mexLock                    00000001800360da f   libmex:libmex.dll
 0001:000350e0       mexMakeMemoryPersistent    00000001800360e0 f   libmex:libmex.dll
 0001:000350e6       mexSetTrapFlag             00000001800360e6 f   libmex:libmex.dll
 0001:000350ec       mexPutVariable             00000001800360ec f   libmex:libmex.dll
 0001:000350f2       mexGetVariable             00000001800360f2 f   libmex:libmex.dll
 0001:000350f8       mexFunctionName            00000001800360f8 f   libmex:libmex.dll
 0001:000350fe       ssRegisterDataTypeFxpFSlopeFixExpBias 00000001800360fe f   libfixedpoint:libfixedpoint.dll
 0001:00035104       ssRegisterDataTypeFxpScaledDouble 0000000180036104 f   libfixedpoint:libfixedpoint.dll
 0001:0003510a       utMalloc                   000000018003610a f   libut:libut.dll
 0001:00035110       utFree                     0000000180036110 f   libut:libut.dll
 0001:00035116       utCPUtime                  0000000180036116 f   libut:libut.dll
 0001:0003511c       utVSNprintf                000000018003611c f   libut:libut.dll
 0001:00035122       utCalloc                   0000000180036122 f   libut:libut.dll
 0001:00035128       utRealloc                  0000000180036128 f   libut:libut.dll
 0001:0003512e       muDoubleScalarFloor        000000018003612e f   libmwmathutil:libmwmathutil.dll
 0001:00035134       emlrtCreateRootTLS         0000000180036134 f   libemlrt:libemlrt.dll
 0001:0003513a       emlrtDestroyRootTLS        000000018003613a f   libemlrt:libemlrt.dll
 0001:00035140       emlrtCheckBuiltInR2012b    0000000180036140 f   libemlrt:libemlrt.dll
 0001:00035146       emlrtCheckVsBuiltInR2012b  0000000180036146 f   libemlrt:libemlrt.dll
 0001:0003514c       emlrtCheckEnumR2012b       000000018003614c f   libemlrt:libemlrt.dll
 0001:00035152       emlrtCreateEnumR2012b      0000000180036152 f   libemlrt:libemlrt.dll
 0001:00035158       emlrtGetEnumElementR2009a  0000000180036158 f   libemlrt:libemlrt.dll
 0001:0003515e       emlrtCreateReference       000000018003615e f   libemlrt:libemlrt.dll
 0001:00035164       emlrtImportVsFiArrayR2009b 0000000180036164 f   libemlrt:libemlrt.dll
 0001:0003516a       emlrtNameCapturePostProcessR2012a 000000018003616a f   libemlrt:libemlrt.dll
 0001:00035170       emlrtExtractMessageId      0000000180036170 f   libemlrt:libemlrt.dll
 0001:00035176       emlrtTranslateMessageIDtoLCPstring 0000000180036176 f   libemlrt:libemlrt.dll
 0001:0003517c       emlrtForLoopVectorIsValidR2011b 000000018003617c f   libemlrt:libemlrt.dll
 0001:00035182       emlrtTranslateUTF16MessagetoLCPstring 0000000180036182 f   libemlrt:libemlrt.dll
 0001:00035188       emlrtGetEnumUnderlyingArrayR2009a 0000000180036188 f   libemlrt:libemlrt.dll
 0001:0003518e       emlrtIsEnumR2009a          000000018003618e f   libemlrt:libemlrt.dll
 0001:00035194       memset                     0000000180036194 f   MSVCRT:MSVCR110.dll
 0001:0003519a       strlen                     000000018003619a f   MSVCRT:MSVCR110.dll
 0001:000351a0       __GSHandlerCheck           00000001800361a0 f   MSVCRT:gshandler.obj
 0001:000351c0       __GSHandlerCheckCommon     00000001800361c0 f   MSVCRT:gshandler.obj
 0001:00035240       __security_check_cookie    0000000180036240 f   MSVCRT:amdsecgs.obj
 0001:00035260       __raise_securityfailure    0000000180036260 f   MSVCRT:gs_report.obj
 0001:000352ac       __report_gsfailure         00000001800362ac f   MSVCRT:gs_report.obj
 0001:00035380       __report_rangecheckfailure 0000000180036380 f   MSVCRT:gs_report.obj
 0001:00035394       __report_securityfailure   0000000180036394 f   MSVCRT:gs_report.obj
 0001:00035430       __report_securityfailureEx 0000000180036430 f   MSVCRT:gs_report.obj
 0001:0003553e       memcpy                     000000018003653e f   MSVCRT:MSVCR110.dll
 0001:00035544       strcat                     0000000180036544 f   MSVCRT:MSVCR110.dll
 0001:0003554a       strcmp                     000000018003654a f   MSVCRT:MSVCR110.dll
 0001:00035550       sprintf                    0000000180036550 f   MSVCRT:MSVCR110.dll
 0001:00035556       free                       0000000180036556 f   MSVCRT:MSVCR110.dll
 0001:0003555c       malloc                     000000018003655c f   MSVCRT:MSVCR110.dll
 0001:000355c4       NtCurrentTeb               00000001800365c4 f i MSVCRT:crtdll.obj
 0001:000355d0       _CRT_INIT                  00000001800365d0 f   MSVCRT:crtdll.obj
 0001:0003581c       _DllMainCRTStartup         000000018003681c f   MSVCRT:crtdll.obj
 0001:00035992       _setjmp                    0000000180036992 f   MSVCRT:MSVCR110.dll
 0001:00035998       strncpy                    0000000180036998 f   MSVCRT:MSVCR110.dll
 0001:000359b0       _alloca_probe              00000001800369b0     MSVCRT:chkstk.obj
 0001:000359b0       __chkstk                   00000001800369b0 f   MSVCRT:chkstk.obj
 0001:000359fe       longjmp                    00000001800369fe f   MSVCRT:MSVCR110.dll
 0001:00035a04       strncmp                    0000000180036a04 f   MSVCRT:MSVCR110.dll
 0001:00035a0a       ceil                       0000000180036a0a f   MSVCRT:MSVCR110.dll
 0001:00035a10       strrchr                    0000000180036a10 f   MSVCRT:MSVCR110.dll
 0001:00035a16       ldexp                      0000000180036a16 f   MSVCRT:MSVCR110.dll
 0001:00035a1c       __crt_debugger_hook        0000000180036a1c f   MSVCRT:MSVCR110.dll
 0001:00035a22       __crtUnhandledException    0000000180036a22 f   MSVCRT:MSVCR110.dll
 0001:00035a28       __crtTerminateProcess      0000000180036a28 f   MSVCRT:MSVCR110.dll
 0001:00035a2e       __crtCaptureCurrentContext 0000000180036a2e f   MSVCRT:MSVCR110.dll
 0001:00035a34       __crtCapturePreviousContext 0000000180036a34 f   MSVCRT:MSVCR110.dll
 0001:00035a3a       __CppXcptFilter            0000000180036a3a f   MSVCRT:MSVCR110.dll
 0001:00035a40       _amsg_exit                 0000000180036a40 f   MSVCRT:MSVCR110.dll
 0001:00035a50       _FindPESection             0000000180036a50 f   MSVCRT:pesect.obj
 0001:00035aa0       _IsNonwritableInCurrentImage 0000000180036aa0 f   MSVCRT:pesect.obj
 0001:00035af0       _ValidateImageBase         0000000180036af0 f   MSVCRT:pesect.obj
 0001:00035b20       __atonexitinit             0000000180036b20 f   MSVCRT:atonexit.obj
 0001:00035b70       _onexit                    0000000180036b70 f   MSVCRT:atonexit.obj
 0001:00035c20       atexit                     0000000180036c20 f   MSVCRT:atonexit.obj
 0001:00035c38       __security_init_cookie     0000000180036c38 f   MSVCRT:gs_support.obj
 0001:00035ce4       DllMain                    0000000180036ce4 f   MSVCRT:dllmain.obj
 0001:00035d08       _malloc_crt                0000000180036d08 f   MSVCRT:MSVCR110.dll
 0001:00035d10       _RTC_Initialize            0000000180036d10 f   MSVCRT:initsect.obj
 0001:00035d48       _RTC_Terminate             0000000180036d48 f   MSVCRT:initsect.obj
 0001:00035d80       _initterm                  0000000180036d80 f   MSVCRT:MSVCR110.dll
 0001:00035d86       _initterm_e                0000000180036d86 f   MSVCRT:MSVCR110.dll
 0001:00035d8c       __clean_type_info_names    0000000180036d8c f   MSVCRT:tncleanup.obj
 0001:00035d98       __C_specific_handler       0000000180036d98 f   MSVCRT:MSVCR110.dll
 0001:00035d9e       _lock                      0000000180036d9e f   MSVCRT:MSVCR110.dll
 0001:00035da4       _unlock                    0000000180036da4 f   MSVCRT:MSVCR110.dll
 0001:00035daa       _calloc_crt                0000000180036daa f   MSVCRT:MSVCR110.dll
 0001:00035db0       __dllonexit                0000000180036db0 f   MSVCRT:MSVCR110.dll
 0001:00035db6       __clean_type_info_names_internal 0000000180036db6 f   MSVCRT:MSVCR110.dll
 0001:00035dbc       IsDebuggerPresent          0000000180036dbc f   kernel32:KERNEL32.dll
 0001:00035dc2       IsProcessorFeaturePresent  0000000180036dc2 f   kernel32:KERNEL32.dll
 0001:00035dc8       EncodePointer              0000000180036dc8 f   kernel32:KERNEL32.dll
 0001:00035dce       DecodePointer              0000000180036dce f   kernel32:KERNEL32.dll
 0001:00035dd4       QueryPerformanceCounter    0000000180036dd4 f   kernel32:KERNEL32.dll
 0001:00035dda       GetCurrentProcessId        0000000180036dda f   kernel32:KERNEL32.dll
 0001:00035de0       GetCurrentThreadId         0000000180036de0 f   kernel32:KERNEL32.dll
 0001:00035de6       GetSystemTimeAsFileTime    0000000180036de6 f   kernel32:KERNEL32.dll
 0001:00035dec       DisableThreadLibraryCalls  0000000180036dec f   kernel32:KERNEL32.dll
 0002:00000000       __imp_DisableThreadLibraryCalls 0000000180037000     kernel32:KERNEL32.dll
 0002:00000008       __imp_GetSystemTimeAsFileTime 0000000180037008     kernel32:KERNEL32.dll
 0002:00000010       __imp_GetCurrentThreadId   0000000180037010     kernel32:KERNEL32.dll
 0002:00000018       __imp_GetCurrentProcessId  0000000180037018     kernel32:KERNEL32.dll
 0002:00000020       __imp_QueryPerformanceCounter 0000000180037020     kernel32:KERNEL32.dll
 0002:00000028       __imp_DecodePointer        0000000180037028     kernel32:KERNEL32.dll
 0002:00000030       __imp_EncodePointer        0000000180037030     kernel32:KERNEL32.dll
 0002:00000038       __imp_IsProcessorFeaturePresent 0000000180037038     kernel32:KERNEL32.dll
 0002:00000040       __imp_IsDebuggerPresent    0000000180037040     kernel32:KERNEL32.dll
 0002:00000048       \177KERNEL32_NULL_THUNK_DATA 0000000180037048     kernel32:KERNEL32.dll
 0002:00000050       __imp___clean_type_info_names_internal 0000000180037050     MSVCRT:MSVCR110.dll
 0002:00000058       __imp__onexit              0000000180037058     MSVCRT:MSVCR110.dll
 0002:00000060       __imp___dllonexit          0000000180037060     MSVCRT:MSVCR110.dll
 0002:00000068       __imp__calloc_crt          0000000180037068     MSVCRT:MSVCR110.dll
 0002:00000070       __imp__unlock              0000000180037070     MSVCRT:MSVCR110.dll
 0002:00000078       __imp__lock                0000000180037078     MSVCRT:MSVCR110.dll
 0002:00000080       __imp___C_specific_handler 0000000180037080     MSVCRT:MSVCR110.dll
 0002:00000088       __imp__initterm_e          0000000180037088     MSVCRT:MSVCR110.dll
 0002:00000090       __imp__initterm            0000000180037090     MSVCRT:MSVCR110.dll
 0002:00000098       __imp__malloc_crt          0000000180037098     MSVCRT:MSVCR110.dll
 0002:000000a0       __imp__amsg_exit           00000001800370a0     MSVCRT:MSVCR110.dll
 0002:000000a8       __imp___CppXcptFilter      00000001800370a8     MSVCRT:MSVCR110.dll
 0002:000000b0       __imp___crtCapturePreviousContext 00000001800370b0     MSVCRT:MSVCR110.dll
 0002:000000b8       __imp___crtCaptureCurrentContext 00000001800370b8     MSVCRT:MSVCR110.dll
 0002:000000c0       __imp___crtTerminateProcess 00000001800370c0     MSVCRT:MSVCR110.dll
 0002:000000c8       __imp___crtUnhandledException 00000001800370c8     MSVCRT:MSVCR110.dll
 0002:000000d0       __imp___crt_debugger_hook  00000001800370d0     MSVCRT:MSVCR110.dll
 0002:000000d8       __imp_ldexp                00000001800370d8     MSVCRT:MSVCR110.dll
 0002:000000e0       __imp_strrchr              00000001800370e0     MSVCRT:MSVCR110.dll
 0002:000000e8       __imp_ceil                 00000001800370e8     MSVCRT:MSVCR110.dll
 0002:000000f0       __imp_strncmp              00000001800370f0     MSVCRT:MSVCR110.dll
 0002:000000f8       __imp_longjmp              00000001800370f8     MSVCRT:MSVCR110.dll
 0002:00000100       __imp_strncpy              0000000180037100     MSVCRT:MSVCR110.dll
 0002:00000108       __imp__setjmp              0000000180037108     MSVCRT:MSVCR110.dll
 0002:00000110       __imp_malloc               0000000180037110     MSVCRT:MSVCR110.dll
 0002:00000118       __imp_free                 0000000180037118     MSVCRT:MSVCR110.dll
 0002:00000120       __imp_sprintf              0000000180037120     MSVCRT:MSVCR110.dll
 0002:00000128       __imp_strcmp               0000000180037128     MSVCRT:MSVCR110.dll
 0002:00000130       __imp_strcat               0000000180037130     MSVCRT:MSVCR110.dll
 0002:00000138       __imp_memcpy               0000000180037138     MSVCRT:MSVCR110.dll
 0002:00000140       __imp_strlen               0000000180037140     MSVCRT:MSVCR110.dll
 0002:00000148       __imp_memset               0000000180037148     MSVCRT:MSVCR110.dll
 0002:00000150       \177MSVCR110_NULL_THUNK_DATA 0000000180037150     MSVCRT:MSVCR110.dll
 0002:00000158       __imp_emlrtIsEnumR2009a    0000000180037158     libemlrt:libemlrt.dll
 0002:00000160       __imp_emlrtGetEnumUnderlyingArrayR2009a 0000000180037160     libemlrt:libemlrt.dll
 0002:00000168       __imp_emlrtTranslateUTF16MessagetoLCPstring 0000000180037168     libemlrt:libemlrt.dll
 0002:00000170       __imp_emlrtForLoopVectorIsValidR2011b 0000000180037170     libemlrt:libemlrt.dll
 0002:00000178       __imp_emlrtTranslateMessageIDtoLCPstring 0000000180037178     libemlrt:libemlrt.dll
 0002:00000180       __imp_emlrtExtractMessageId 0000000180037180     libemlrt:libemlrt.dll
 0002:00000188       __imp_emlrtNameCapturePostProcessR2012a 0000000180037188     libemlrt:libemlrt.dll
 0002:00000190       __imp_emlrtImportVsFiArrayR2009b 0000000180037190     libemlrt:libemlrt.dll
 0002:00000198       __imp_emlrtCreateReference 0000000180037198     libemlrt:libemlrt.dll
 0002:000001a0       __imp_emlrtGetEnumElementR2009a 00000001800371a0     libemlrt:libemlrt.dll
 0002:000001a8       __imp_emlrtCreateEnumR2012b 00000001800371a8     libemlrt:libemlrt.dll
 0002:000001b0       __imp_emlrtCheckEnumR2012b 00000001800371b0     libemlrt:libemlrt.dll
 0002:000001b8       __imp_emlrtCheckVsBuiltInR2012b 00000001800371b8     libemlrt:libemlrt.dll
 0002:000001c0       __imp_emlrtCheckBuiltInR2012b 00000001800371c0     libemlrt:libemlrt.dll
 0002:000001c8       __imp_emlrtDestroyRootTLS  00000001800371c8     libemlrt:libemlrt.dll
 0002:000001d0       __imp_emlrtCreateRootTLS   00000001800371d0     libemlrt:libemlrt.dll
 0002:000001d8       \177libemlrt_NULL_THUNK_DATA 00000001800371d8     libemlrt:libemlrt.dll
 0002:000001e0       __imp_ssRegisterDataTypeFxpScaledDouble 00000001800371e0     libfixedpoint:libfixedpoint.dll
 0002:000001e8       __imp_ssRegisterDataTypeFxpFSlopeFixExpBias 00000001800371e8     libfixedpoint:libfixedpoint.dll
 0002:000001f0       \177libfixedpoint_NULL_THUNK_DATA 00000001800371f0     libfixedpoint:libfixedpoint.dll
 0002:000001f8       __imp_mexMakeArrayPersistent 00000001800371f8     libmex:libmex.dll
 0002:00000200       __imp_mexLock              0000000180037200     libmex:libmex.dll
 0002:00000208       __imp_mexMakeMemoryPersistent 0000000180037208     libmex:libmex.dll
 0002:00000210       __imp_mexSetTrapFlag       0000000180037210     libmex:libmex.dll
 0002:00000218       __imp_mexPutVariable       0000000180037218     libmex:libmex.dll
 0002:00000220       __imp_mexGetVariable       0000000180037220     libmex:libmex.dll
 0002:00000228       __imp_mexFunctionName      0000000180037228     libmex:libmex.dll
 0002:00000230       __imp_mexIsLocked          0000000180037230     libmex:libmex.dll
 0002:00000238       __imp_mexUnlock            0000000180037238     libmex:libmex.dll
 0002:00000240       __imp_mexCallMATLAB        0000000180037240     libmex:libmex.dll
 0002:00000248       __imp_mexErrMsgTxt         0000000180037248     libmex:libmex.dll
 0002:00000250       __imp_mexWarnMsgTxt        0000000180037250     libmex:libmex.dll
 0002:00000258       \177libmex_NULL_THUNK_DATA 0000000180037258     libmex:libmex.dll
 0002:00000260       __imp_muDoubleScalarFloor  0000000180037260     libmwmathutil:libmwmathutil.dll
[...]
 0004:0000288c       $pdata$get_data_info_helper 000000018004988c     sfc_debug:sfdb_symbol_scope.obj
 0004:00002898       $pdata$1$get_data_info_helper 0000000180049898     sfc_debug:sfdb_symbol_scope.obj
 0004:000028a4       $pdata$2$get_data_info_helper 00000001800498a4     sfc_debug:sfdb_symbol_scope.obj
 0004:000028b0       $pdata$3$get_data_info_helper 00000001800498b0     sfc_debug:sfdb_symbol_scope.obj
 0004:000028bc       $pdata$4$get_data_info_helper 00000001800498bc     sfc_debug:sfdb_symbol_scope.obj
 0004:000028c8       $pdata$5$get_data_info_helper 00000001800498c8     sfc_debug:sfdb_symbol_scope.obj
 0004:000028d4       $pdata$6$get_data_info_helper 00000001800498d4     sfc_debug:sfdb_symbol_scope.obj
 0004:000028e0       $pdata$sf_debug_ss_get_data_info 00000001800498e0     sfc_debug:sfdb_symbol_scope.obj
 0004:000028ec       $pdata$sf_debug_ss_set_data_value_try 00000001800498ec     sfc_debug:sfdb_symbol_scope.obj
 0004:000028f8       $pdata$sf_debug_ss_set_data_value 00000001800498f8     sfc_debug:sfdb_symbol_scope.obj
 0004:00002904       $pdata$sf_debug_ss_get_data_value 0000000180049904     sfc_debug:sfdb_symbol_scope.obj
 0004:00002910       $pdata$getInstanceNumber   0000000180049910     sfc_debug:sfdb_symbol_scope.obj
 0004:0000291c       $pdata$sf_debug_ss_watch_data 000000018004991c     sfc_debug:sfdb_symbol_scope.obj
 0004:00002928       $pdata$0$sf_debug_ss_watch_data 0000000180049928     sfc_debug:sfdb_symbol_scope.obj
 0004:00002934       $pdata$1$sf_debug_ss_watch_data 0000000180049934     sfc_debug:sfdb_symbol_scope.obj
 0004:00002940       $pdata$2$sf_debug_ss_watch_data 0000000180049940     sfc_debug:sfdb_symbol_scope.obj
 0004:0000294c       $pdata$sf_debug_ss_assign_data 000000018004994c     sfc_debug:sfdb_symbol_scope.obj
 0004:00002958       $pdata$sf_debug_ss_data_bytes_string 0000000180049958     sfc_debug:sfdb_symbol_scope.obj
 0004:00002964       $pdata$sf_debug_ss_data_class_string 0000000180049964     sfc_debug:sfdb_symbol_scope.obj
 0004:00002970       $pdata$1$sf_debug_ss_data_class_string 0000000180049970     sfc_debug:sfdb_symbol_scope.obj
 0004:0000297c       $pdata$2$sf_debug_ss_data_class_string 000000018004997c     sfc_debug:sfdb_symbol_scope.obj
 0004:00002988       $pdata$3$sf_debug_ss_data_class_string 0000000180049988     sfc_debug:sfdb_symbol_scope.obj
 0004:00002994       $pdata$4$sf_debug_ss_data_class_string 0000000180049994     sfc_debug:sfdb_symbol_scope.obj
 0004:000029a0       $pdata$sf_debug_ss_data_size_string 00000001800499a0     sfc_debug:sfdb_symbol_scope.obj
 0004:000029ac       $pdata$0$sf_debug_ss_data_size_string 00000001800499ac     sfc_debug:sfdb_symbol_scope.obj
 0004:000029b8       $pdata$1$sf_debug_ss_data_size_string 00000001800499b8     sfc_debug:sfdb_symbol_scope.obj
 0004:000029c4       $pdata$sf_debug_ss_data_create_data_info_struct 00000001800499c4     sfc_debug:sfdb_symbol_scope.obj
 0004:000029d0       $pdata$1$sf_debug_ss_data_create_data_info_struct 00000001800499d0     sfc_debug:sfdb_symbol_scope.obj
 0004:000029dc       $pdata$2$sf_debug_ss_data_create_data_info_struct 00000001800499dc     sfc_debug:sfdb_symbol_scope.obj
 0004:000029e8       $pdata$sf_debug_ss_data_create_name_value_pair 00000001800499e8     sfc_debug:sfdb_symbol_scope.obj
 0004:000029f4       $pdata$same_named_data_in_data_array 00000001800499f4     sfc_debug:sfdb_symbol_scope.obj
 0004:00002a00       $pdata$sf_debug_ss_whos    0000000180049a00     sfc_debug:sfdb_symbol_scope.obj
 0004:00002a0c       $pdata$sf_debug_cc_initialize_chart 0000000180049a0c     sfc_debug:sfdb_coverage.obj
 0004:00002a18       $pdata$1$sf_debug_cc_initialize_chart 0000000180049a18     sfc_debug:sfdb_coverage.obj
 0004:00002a24       $pdata$2$sf_debug_cc_initialize_chart 0000000180049a24     sfc_debug:sfdb_coverage.obj
 0004:00002a30       $pdata$sf_debug_cc_initialize_instance 0000000180049a30     sfc_debug:sfdb_coverage.obj
 0004:00002a3c       $pdata$2$sf_debug_cc_initialize_instance 0000000180049a3c     sfc_debug:sfdb_coverage.obj
 0004:00002a48       $pdata$3$sf_debug_cc_initialize_instance 0000000180049a48     sfc_debug:sfdb_coverage.obj
 0004:00002a54       $pdata$4$sf_debug_cc_initialize_instance 0000000180049a54     sfc_debug:sfdb_coverage.obj
 0004:00002a60       $pdata$sf_debug_cc_terminate_chart 0000000180049a60     sfc_debug:sfdb_coverage.obj
 0004:00002a6c       $pdata$0$sf_debug_cc_terminate_chart 0000000180049a6c     sfc_debug:sfdb_coverage.obj
 0004:00002a78       $pdata$2$sf_debug_cc_terminate_chart 0000000180049a78     sfc_debug:sfdb_coverage.obj
 0004:00002a84       $pdata$3$sf_debug_cc_terminate_chart 0000000180049a84     sfc_debug:sfdb_coverage.obj
 0004:00002a90       $pdata$4$sf_debug_cc_terminate_chart 0000000180049a90     sfc_debug:sfdb_coverage.obj
 0004:00002a9c       $pdata$sf_debug_cc_terminate_instance 0000000180049a9c     sfc_debug:sfdb_coverage.obj
 0004:00002aa8       $pdata$sf_debug_cc_terminate 0000000180049aa8     sfc_debug:sfdb_coverage.obj
 0004:00002ab4       $pdata$5$sf_debug_cc_terminate 0000000180049ab4     sfc_debug:sfdb_coverage.obj
 0004:00002ac0       $pdata$6$sf_debug_cc_terminate 0000000180049ac0     sfc_debug:sfdb_coverage.obj
 0004:00002acc       $pdata$sf_debug_cc_set_transition_maps 0000000180049acc     sfc_debug:sfdb_coverage.obj
 0004:00002ad8       $pdata$sf_debug_cc_set_transition_weights 0000000180049ad8     sfc_debug:sfdb_coverage.obj
 0004:00002ae4       $pdata$sf_debug_cc_set_state_weights 0000000180049ae4     sfc_debug:sfdb_coverage.obj
 0004:00002af0       $pdata$sf_debug_cc_mark_object_if_needed 0000000180049af0     sfc_debug:sfdb_coverage.obj
 0004:00002afc       $pdata$sf_debug_cc_mark_transition_guard 0000000180049afc     sfc_debug:sfdb_coverage.obj
 0004:00002b08       $pdata$sf_debug_cc_mark_transition_trigger 0000000180049b08     sfc_debug:sfdb_coverage.obj
 0004:00002b14       $pdata$sf_debug_cc_mark_transition_decision 0000000180049b14     sfc_debug:sfdb_coverage.obj
 0004:00002b20       $pdata$sf_debug_bm_clear_script_breakpoints 0000000180049b20     sfc_debug:sfdb_breakpoints.obj
 0004:00002b2c       $pdata$sf_debug_bm_set_script_breakpoint 0000000180049b2c     sfc_debug:sfdb_breakpoints.obj
 0004:00002b38       $pdata$sf_debug_bm_clear_single_script_breakpoint 0000000180049b38     sfc_debug:sfdb_breakpoints.obj
 0004:00002b44       $pdata$sf_debug_bm_query_script_breakpoint 0000000180049b44     sfc_debug:sfdb_breakpoints.obj
 0004:00002b50       $pdata$sf_debug_bm_initialize_scripts 0000000180049b50     sfc_debug:sfdb_breakpoints.obj
 0004:00002b5c       $pdata$0$sf_debug_bm_initialize_scripts 0000000180049b5c     sfc_debug:sfdb_breakpoints.obj
 0004:00002b68       $pdata$2$sf_debug_bm_initialize_scripts 0000000180049b68     sfc_debug:sfdb_breakpoints.obj
 0004:00002b74       $pdata$3$sf_debug_bm_initialize_scripts 0000000180049b74     sfc_debug:sfdb_breakpoints.obj
 0004:00002b80       $pdata$4$sf_debug_bm_initialize_scripts 0000000180049b80     sfc_debug:sfdb_breakpoints.obj
 0004:00002b8c       $pdata$sf_debug_bm_initialize_eml 0000000180049b8c     sfc_debug:sfdb_breakpoints.obj
 0004:00002b98       $pdata$0$sf_debug_bm_initialize_eml 0000000180049b98     sfc_debug:sfdb_breakpoints.obj
 0004:00002ba4       $pdata$1$sf_debug_bm_initialize_eml 0000000180049ba4     sfc_debug:sfdb_breakpoints.obj
 0004:00002bb0       $pdata$sf_debug_bm_terminate 0000000180049bb0     sfc_debug:sfdb_breakpoints.obj
 0004:00002bbc       $pdata$2$sf_debug_bm_terminate 0000000180049bbc     sfc_debug:sfdb_breakpoints.obj
 0004:00002bc8       $pdata$6$sf_debug_bm_terminate 0000000180049bc8     sfc_debug:sfdb_breakpoints.obj
 0004:00002bd4       $pdata$7$sf_debug_bm_terminate 0000000180049bd4     sfc_debug:sfdb_breakpoints.obj
 0004:00002be0       $pdata$8$sf_debug_bm_terminate 0000000180049be0     sfc_debug:sfdb_breakpoints.obj
 0004:00002bec       $pdata$sf_debug_bm_remove_all_breakpoints_in_machine 0000000180049bec     sfc_debug:sfdb_breakpoints.obj
 0004:00002bf8       $pdata$sf_debug_bm_remove_all_breakpoints_in_chart 0000000180049bf8     sfc_debug:sfdb_breakpoints.obj
 0004:00002c04       $pdata$sf_debug_bm_initialize_global_breakpoints 0000000180049c04     sfc_debug:sfdb_breakpoints.obj
 0004:00002c10       $pdata$sf_debug_bm_set_breakpoint 0000000180049c10     sfc_debug:sfdb_breakpoints.obj
 0004:00002c1c       $pdata$0$sf_debug_bm_set_breakpoint 0000000180049c1c     sfc_debug:sfdb_breakpoints.obj
 0004:00002c28       $pdata$1$sf_debug_bm_set_breakpoint 0000000180049c28     sfc_debug:sfdb_breakpoints.obj
 0004:00002c34       $pdata$2$sf_debug_bm_set_breakpoint 0000000180049c34     sfc_debug:sfdb_breakpoints.obj
 0004:00002c40       $pdata$3$sf_debug_bm_set_breakpoint 0000000180049c40     sfc_debug:sfdb_breakpoints.obj
 0004:00002c4c       $pdata$sf_debug_bm_set_eml_breakpoint 0000000180049c4c     sfc_debug:sfdb_breakpoints.obj
 0004:00002c58       $pdata$sf_debug_bm_map_debug_tag_to_breakpoint_tag 0000000180049c58     sfc_debug:sfdb_breakpoints.obj
 0004:00002c64       $pdata$sf_debug_bm_is_a_eml_breakpoint_impl 0000000180049c64     sfc_debug:sfdb_breakpoints.obj
 0004:00002c70       $pdata$sf_debug_bm_is_a_breakpoint 0000000180049c70     sfc_debug:sfdb_breakpoints.obj
 0004:00002c7c       $pdata$1$sf_debug_bm_is_a_breakpoint 0000000180049c7c     sfc_debug:sfdb_breakpoints.obj
 0004:00002c88       $pdata$2$sf_debug_bm_is_a_breakpoint 0000000180049c88     sfc_debug:sfdb_breakpoints.obj
 0004:00002c94       $pdata$3$sf_debug_bm_is_a_breakpoint 0000000180049c94     sfc_debug:sfdb_breakpoints.obj
 0004:00002ca0       $pdata$4$sf_debug_bm_is_a_breakpoint 0000000180049ca0     sfc_debug:sfdb_breakpoints.obj
 0004:00002cac       $pdata$5$sf_debug_bm_is_a_breakpoint 0000000180049cac     sfc_debug:sfdb_breakpoints.obj
 0004:00002cb8       $pdata$sf_debug_bm_get_all_breakpoints_in_machine 0000000180049cb8     sfc_debug:sfdb_breakpoints.obj
 0004:00002cc4       $pdata$0$sf_debug_bm_get_all_breakpoints_in_machine 0000000180049cc4     sfc_debug:sfdb_breakpoints.obj
 0004:00002cd0       $pdata$1$sf_debug_bm_get_all_breakpoints_in_machine 0000000180049cd0     sfc_debug:sfdb_breakpoints.obj
 0004:00002cdc       $pdata$2$sf_debug_bm_get_all_breakpoints_in_machine 0000000180049cdc     sfc_debug:sfdb_breakpoints.obj
 0004:00002ce8       $pdata$3$sf_debug_bm_get_all_breakpoints_in_machine 0000000180049ce8     sfc_debug:sfdb_breakpoints.obj
 0004:00002cf4       $pdata$sf_debug_bm_get_all_breakpoints_in_chart 0000000180049cf4     sfc_debug:sfdb_breakpoints.obj
 0004:00002d00       $pdata$4$sf_debug_bm_get_all_breakpoints_in_chart 0000000180049d00     sfc_debug:sfdb_breakpoints.obj
 0004:00002d0c       $pdata$5$sf_debug_bm_get_all_breakpoints_in_chart 0000000180049d0c     sfc_debug:sfdb_breakpoints.obj
 0004:00002d18       $pdata$6$sf_debug_bm_get_all_breakpoints_in_chart 0000000180049d18     sfc_debug:sfdb_breakpoints.obj
 0004:00002d24       $pdata$7$sf_debug_bm_get_all_breakpoints_in_chart 0000000180049d24     sfc_debug:sfdb_breakpoints.obj
 0004:00002d30       $pdata$8$sf_debug_bm_get_all_breakpoints_in_chart 0000000180049d30     sfc_debug:sfdb_breakpoints.obj
 0004:00002d3c       $pdata$sf_debug_bm_initialize_machine 0000000180049d3c     sfc_debug:sfdb_breakpoints.obj
 0004:00002d48       $pdata$sf_debug_bm_initialize_chart 0000000180049d48     sfc_debug:sfdb_breakpoints.obj
 0004:00002d54       $pdata$sf_debug_sc_push_on_error_stack 0000000180049d54     sfc_debug:sfdb_state_consistency.obj
 0004:00002d60       $pdata$sf_debug_sc_terminate 0000000180049d60     sfc_debug:sfdb_state_consistency.obj
 0004:00002d6c       $pdata$6$sf_debug_sc_terminate 0000000180049d6c     sfc_debug:sfdb_state_consistency.obj
 0004:00002d78       $pdata$7$sf_debug_sc_terminate 0000000180049d78     sfc_debug:sfdb_state_consistency.obj
 0004:00002d84       $pdata$sf_debug_sc_is_state_inconsistent 0000000180049d84     sfc_debug:sfdb_state_consistency.obj
 0004:00002d90       $pdata$0$sf_debug_sc_is_state_inconsistent 0000000180049d90     sfc_debug:sfdb_state_consistency.obj
 0004:00002d9c       $pdata$1$sf_debug_sc_is_state_inconsistent 0000000180049d9c     sfc_debug:sfdb_state_consistency.obj
 0004:00002da8       $pdata$sf_debug_sc_is_chart_consistent 0000000180049da8     sfc_debug:sfdb_state_consistency.obj
 0004:00002db4       $pdata$sf_debug_sc_fill_consistency_info 0000000180049db4     sfc_debug:sfdb_state_consistency.obj
 0004:00002dc0       $pdata$1$sf_debug_sc_fill_consistency_info 0000000180049dc0     sfc_debug:sfdb_state_consistency.obj
 0004:00002dcc       $pdata$2$sf_debug_sc_fill_consistency_info 0000000180049dcc     sfc_debug:sfdb_state_consistency.obj
 0004:00002dd8       $pdata$sf_debug_sc_get_consistency_error_info 0000000180049dd8     sfc_debug:sfdb_state_consistency.obj
 0004:00002de4       $pdata$3$sf_debug_sc_get_consistency_error_info 0000000180049de4     sfc_debug:sfdb_state_consistency.obj
 0004:00002df0       $pdata$4$sf_debug_sc_get_consistency_error_info 0000000180049df0     sfc_debug:sfdb_state_consistency.obj
 0004:00002dfc       $pdata$sf_debug_tm_terminate 0000000180049dfc     sfc_debug:sfdb_call_stack.obj
 0004:00002e08       $pdata$0$sf_debug_tm_terminate 0000000180049e08     sfc_debug:sfdb_call_stack.obj
 0004:00002e14       $pdata$1$sf_debug_tm_terminate 0000000180049e14     sfc_debug:sfdb_call_stack.obj
 0004:00002e20       $pdata$2$sf_debug_tm_terminate 0000000180049e20     sfc_debug:sfdb_call_stack.obj
 0004:00002e2c       $pdata$3$sf_debug_tm_terminate 0000000180049e2c     sfc_debug:sfdb_call_stack.obj
 0004:00002e38       $pdata$sf_debug_tm_push_chart_instance 0000000180049e38     sfc_debug:sfdb_call_stack.obj
 0004:00002e44       $pdata$1$sf_debug_tm_push_chart_instance 0000000180049e44     sfc_debug:sfdb_call_stack.obj
 0004:00002e50       $pdata$2$sf_debug_tm_push_chart_instance 0000000180049e50     sfc_debug:sfdb_call_stack.obj
 0004:00002e5c       $pdata$sf_debug_tm_push_trace_node 0000000180049e5c     sfc_debug:sfdb_call_stack.obj
 0004:00002e68       $pdata$0$sf_debug_tm_push_trace_node 0000000180049e68     sfc_debug:sfdb_call_stack.obj
 0004:00002e74       $pdata$7$sf_debug_tm_push_trace_node 0000000180049e74     sfc_debug:sfdb_call_stack.obj
 0004:00002e80       $pdata$8$sf_debug_tm_push_trace_node 0000000180049e80     sfc_debug:sfdb_call_stack.obj
 0004:00002e8c       $pdata$sf_debug_tm_fill_local_trace 0000000180049e8c     sfc_debug:sfdb_call_stack.obj
 0004:00002e98       $pdata$1$sf_debug_tm_fill_local_trace 0000000180049e98     sfc_debug:sfdb_call_stack.obj
 0004:00002ea4       $pdata$2$sf_debug_tm_fill_local_trace 0000000180049ea4     sfc_debug:sfdb_call_stack.obj
 0004:00002eb0       $pdata$sf_debug_tm_browse_trace 0000000180049eb0     sfc_debug:sfdb_call_stack.obj
 0004:00002ebc       $pdata$4$sf_debug_tm_browse_trace 0000000180049ebc     sfc_debug:sfdb_call_stack.obj
 0004:00002ec8       $pdata$5$sf_debug_tm_browse_trace 0000000180049ec8     sfc_debug:sfdb_call_stack.obj
 0004:00002ed4       $pdata$sf_debug_cd_initialize_instance 0000000180049ed4     sfc_debug:sfdb_cycle_detection.obj
 0004:00002ee0       $pdata$sf_debug_cd_terminate_instance 0000000180049ee0     sfc_debug:sfdb_cycle_detection.obj
 0004:00002eec       $pdata$sf_debug_cd_free_checksum_stack 0000000180049eec     sfc_debug:sfdb_cycle_detection.obj
 0004:00002ef8       $pdata$0$sf_debug_cd_free_checksum_stack 0000000180049ef8     sfc_debug:sfdb_cycle_detection.obj
 0004:00002f04       $pdata$1$sf_debug_cd_free_checksum_stack 0000000180049f04     sfc_debug:sfdb_cycle_detection.obj
 0004:00002f10       $pdata$sf_debug_cd_reset_pack_strings 0000000180049f10     sfc_debug:sfdb_cycle_detection.obj
 0004:00002f1c       $pdata$6$sf_debug_cd_reset_pack_strings 0000000180049f1c     sfc_debug:sfdb_cycle_detection.obj
 0004:00002f28       $pdata$7$sf_debug_cd_reset_pack_strings 0000000180049f28     sfc_debug:sfdb_cycle_detection.obj
 0004:00002f34       $pdata$sf_debug_cd_mark_processed_transition_in_instance 0000000180049f34     sfc_debug:sfdb_cycle_detection.obj
 0004:00002f40       $pdata$sf_debug_cd_checksum_push 0000000180049f40     sfc_debug:sfdb_cycle_detection.obj
 0004:00002f4c       $pdata$4$sf_debug_cd_checksum_push 0000000180049f4c     sfc_debug:sfdb_cycle_detection.obj
 0004:00002f58       $pdata$5$sf_debug_cd_checksum_push 0000000180049f58     sfc_debug:sfdb_cycle_detection.obj
 0004:00002f64       $pdata$sf_debug_cd_checksum_pop 0000000180049f64     sfc_debug:sfdb_cycle_detection.obj
 0004:00002f70       $pdata$0$sf_debug_cd_checksum_pop 0000000180049f70     sfc_debug:sfdb_cycle_detection.obj
 0004:00002f7c       $pdata$1$sf_debug_cd_checksum_pop 0000000180049f7c     sfc_debug:sfdb_cycle_detection.obj
 0004:00002f88       $pdata$sf_debug_cd_turn_off_cycle_detection 0000000180049f88     sfc_debug:sfdb_cycle_detection.obj
 0004:00002f94       $pdata$0$sf_debug_cd_turn_off_cycle_detection 0000000180049f94     sfc_debug:sfdb_cycle_detection.obj
 0004:00002fa0       $pdata$1$sf_debug_cd_turn_off_cycle_detection 0000000180049fa0     sfc_debug:sfdb_cycle_detection.obj
 0004:00002fac       $pdata$sf_debug_cd_terminate 0000000180049fac     sfc_debug:sfdb_cycle_detection.obj
 0004:00002fb8       $pdata$5$sf_debug_cd_terminate 0000000180049fb8     sfc_debug:sfdb_cycle_detection.obj
 0004:00002fc4       $pdata$6$sf_debug_cd_terminate 0000000180049fc4     sfc_debug:sfdb_cycle_detection.obj
 0004:00002fd0       $pdata$MD5Transform        0000000180049fd0     sfc_debug:ckmd5.obj
 0004:00002fdc       $pdata$md5file_addn        0000000180049fdc     sfc_debug:ckmd5.obj
 0004:00002fe8       $pdata$md5file_hash        0000000180049fe8     sfc_debug:ckmd5.obj
 0004:00002ff4       $pdata$md5_get_hash        0000000180049ff4     sfc_debug:ckmd5.obj
 0004:00003000       $pdata$md5_get_hash_for_a_single_string 000000018004a000     sfc_debug:ckmd5.obj
 0004:0000300c       $pdata$__GSHandlerCheck    000000018004a00c     MSVCRT:gshandler.obj
 0004:00003018       $pdata$__GSHandlerCheckCommon 000000018004a018     MSVCRT:gshandler.obj
 0004:00003030       $pdata$__raise_securityfailure 000000018004a030     MSVCRT:gs_report.obj
 0004:0000303c       $pdata$__report_gsfailure  000000018004a03c     MSVCRT:gs_report.obj
 0004:00003048       $pdata$__report_rangecheckfailure 000000018004a048     MSVCRT:gs_report.obj
 0004:00003054       $pdata$__report_securityfailure 000000018004a054     MSVCRT:gs_report.obj
 0004:00003060       $pdata$__report_securityfailureEx 000000018004a060     MSVCRT:gs_report.obj
 0004:0000306c       $pdata$pre_c_init          000000018004a06c     MSVCRT:crtdll.obj
 0004:00003078       $pdata$_CRT_INIT           000000018004a078     MSVCRT:crtdll.obj
 0004:00003084       $pdata$_DllMainCRTStartup  000000018004a084     MSVCRT:crtdll.obj
 0004:00003090       $pdata$__DllMainCRTStartup 000000018004a090     MSVCRT:crtdll.obj
 0004:000030a8       $pdata$_IsNonwritableInCurrentImage 000000018004a0a8     MSVCRT:pesect.obj
 0004:000030b4       $pdata$__atonexitinit      000000018004a0b4     MSVCRT:atonexit.obj
 0004:000030c0       $pdata$_onexit             000000018004a0c0     MSVCRT:atonexit.obj
 0004:000030cc       $pdata$atexit              000000018004a0cc     MSVCRT:atonexit.obj
 0004:000030d8       $pdata$__security_init_cookie 000000018004a0d8     MSVCRT:gs_support.obj
 0004:000030e4       $pdata$DllMain             000000018004a0e4     MSVCRT:dllmain.obj
 0004:000030f0       $pdata$_RTC_Initialize     000000018004a0f0     MSVCRT:initsect.obj
 0004:000030fc       $pdata$_RTC_Terminate      000000018004a0fc     MSVCRT:initsect.obj
 0004:00003108       $pdata$__DllMainCRTStartup$filt$0 000000018004a108     MSVCRT:crtdll.obj
 0004:00003114       $pdata$__DllMainCRTStartup$fin$1 000000018004a114     MSVCRT:crtdll.obj
 0004:00003120       $pdata$_IsNonwritableInCurrentImage$filt$0 000000018004a120     MSVCRT:pesect.obj
 0004:0000312c       $pdata$_onexit$fin$0       000000018004a12c     MSVCRT:atonexit.obj
